ARM Linker, 5.03 [Build 76] [MDK-ARM Lite]

==============================================================================

Section Cross References

    startup_stm32f10x_hd.o(RESET) refers to startup_stm32f10x_hd.o(STACK) for __initial_sp
    startup_stm32f10x_hd.o(RESET) refers to startup_stm32f10x_hd.o(.text) for Reset_Handler
    startup_stm32f10x_hd.o(RESET) refers to stm32f10x_it.o(i.NMI_Handler) for NMI_Handler
    startup_stm32f10x_hd.o(RESET) refers to stm32f10x_it.o(i.HardFault_Handler) for HardFault_Handler
    startup_stm32f10x_hd.o(RESET) refers to stm32f10x_it.o(i.MemManage_Handler) for MemManage_Handler
    startup_stm32f10x_hd.o(RESET) refers to stm32f10x_it.o(i.BusFault_Handler) for BusFault_Handler
    startup_stm32f10x_hd.o(RESET) refers to stm32f10x_it.o(i.UsageFault_Handler) for UsageFault_Handler
    startup_stm32f10x_hd.o(RESET) refers to port.o(.emb_text) for vPortSVCHandler
    startup_stm32f10x_hd.o(RESET) refers to stm32f10x_it.o(i.DebugMon_Handler) for DebugMon_Handler
    startup_stm32f10x_hd.o(RESET) refers to port.o(i.xPortSysTickHandler) for xPortSysTickHandler
    startup_stm32f10x_hd.o(RESET) refers to stm32f10x_it.o(i.USART1_IRQHandler) for USART1_IRQHandler
    startup_stm32f10x_hd.o(.text) refers to system_stm32f10x.o(i.SystemInit) for SystemInit
    startup_stm32f10x_hd.o(.text) refers to entry.o(.ARM.Collect$$$$00000000) for __main
    system_stm32f10x.o(i.SetSysClock) refers to system_stm32f10x.o(i.SetSysClockTo72) for SetSysClockTo72
    system_stm32f10x.o(i.SystemCoreClockUpdate) refers to system_stm32f10x.o(.data) for SystemCoreClock
    system_stm32f10x.o(i.SystemInit) refers to system_stm32f10x.o(i.SetSysClock) for SetSysClock
    stm32f10x_adc.o(i.ADC_DeInit) refers to stm32f10x_rcc.o(i.RCC_APB2PeriphResetCmd) for RCC_APB2PeriphResetCmd
    stm32f10x_bkp.o(i.BKP_DeInit) refers to stm32f10x_rcc.o(i.RCC_BackupResetCmd) for RCC_BackupResetCmd
    stm32f10x_can.o(i.CAN_DeInit) refers to stm32f10x_rcc.o(i.RCC_APB1PeriphResetCmd) for RCC_APB1PeriphResetCmd
    stm32f10x_can.o(i.CAN_GetITStatus) refers to stm32f10x_can.o(i.CheckITStatus) for CheckITStatus
    stm32f10x_cec.o(i.CEC_DeInit) refers to stm32f10x_rcc.o(i.RCC_APB1PeriphResetCmd) for RCC_APB1PeriphResetCmd
    stm32f10x_dac.o(i.DAC_DeInit) refers to stm32f10x_rcc.o(i.RCC_APB1PeriphResetCmd) for RCC_APB1PeriphResetCmd
    stm32f10x_flash.o(i.FLASH_EnableWriteProtection) refers to stm32f10x_flash.o(i.FLASH_WaitForLastOperation) for FLASH_WaitForLastOperation
    stm32f10x_flash.o(i.FLASH_EraseAllBank1Pages) refers to stm32f10x_flash.o(i.FLASH_WaitForLastBank1Operation) for FLASH_WaitForLastBank1Operation
    stm32f10x_flash.o(i.FLASH_EraseAllPages) refers to stm32f10x_flash.o(i.FLASH_WaitForLastOperation) for FLASH_WaitForLastOperation
    stm32f10x_flash.o(i.FLASH_EraseOptionBytes) refers to stm32f10x_flash.o(i.FLASH_GetReadOutProtectionStatus) for FLASH_GetReadOutProtectionStatus
    stm32f10x_flash.o(i.FLASH_EraseOptionBytes) refers to stm32f10x_flash.o(i.FLASH_WaitForLastOperation) for FLASH_WaitForLastOperation
    stm32f10x_flash.o(i.FLASH_ErasePage) refers to stm32f10x_flash.o(i.FLASH_WaitForLastOperation) for FLASH_WaitForLastOperation
    stm32f10x_flash.o(i.FLASH_ProgramHalfWord) refers to stm32f10x_flash.o(i.FLASH_WaitForLastOperation) for FLASH_WaitForLastOperation
    stm32f10x_flash.o(i.FLASH_ProgramOptionByteData) refers to stm32f10x_flash.o(i.FLASH_WaitForLastOperation) for FLASH_WaitForLastOperation
    stm32f10x_flash.o(i.FLASH_ProgramWord) refers to stm32f10x_flash.o(i.FLASH_WaitForLastOperation) for FLASH_WaitForLastOperation
    stm32f10x_flash.o(i.FLASH_ReadOutProtection) refers to stm32f10x_flash.o(i.FLASH_WaitForLastOperation) for FLASH_WaitForLastOperation
    stm32f10x_flash.o(i.FLASH_UserOptionByteConfig) refers to stm32f10x_flash.o(i.FLASH_WaitForLastOperation) for FLASH_WaitForLastOperation
    stm32f10x_flash.o(i.FLASH_WaitForLastBank1Operation) refers to stm32f10x_flash.o(i.FLASH_GetBank1Status) for FLASH_GetBank1Status
    stm32f10x_flash.o(i.FLASH_WaitForLastOperation) refers to stm32f10x_flash.o(i.FLASH_GetBank1Status) for FLASH_GetBank1Status
    stm32f10x_gpio.o(i.GPIO_AFIODeInit) refers to stm32f10x_rcc.o(i.RCC_APB2PeriphResetCmd) for RCC_APB2PeriphResetCmd
    stm32f10x_gpio.o(i.GPIO_DeInit) refers to stm32f10x_rcc.o(i.RCC_APB2PeriphResetCmd) for RCC_APB2PeriphResetCmd
    stm32f10x_i2c.o(i.I2C_DeInit) refers to stm32f10x_rcc.o(i.RCC_APB1PeriphResetCmd) for RCC_APB1PeriphResetCmd
    stm32f10x_i2c.o(i.I2C_Init) refers to stm32f10x_rcc.o(i.RCC_GetClocksFreq) for RCC_GetClocksFreq
    stm32f10x_pwr.o(i.PWR_DeInit) refers to stm32f10x_rcc.o(i.RCC_APB1PeriphResetCmd) for RCC_APB1PeriphResetCmd
    stm32f10x_rcc.o(i.RCC_GetClocksFreq) refers to stm32f10x_rcc.o(.data) for APBAHBPrescTable
    stm32f10x_rcc.o(i.RCC_WaitForHSEStartUp) refers to stm32f10x_rcc.o(i.RCC_GetFlagStatus) for RCC_GetFlagStatus
[...]
    Removing stm32f10x_usart.o(i.USART_IrDACmd), (24 bytes).
    Removing stm32f10x_usart.o(i.USART_IrDAConfig), (18 bytes).
    Removing stm32f10x_usart.o(i.USART_LINBreakDetectLengthConfig), (18 bytes).
    Removing stm32f10x_usart.o(i.USART_LINCmd), (24 bytes).
    Removing stm32f10x_usart.o(i.USART_OneBitMethodCmd), (24 bytes).
    Removing stm32f10x_usart.o(i.USART_OverSampling8Cmd), (22 bytes).
    Removing stm32f10x_usart.o(i.USART_ReceiverWakeUpCmd), (24 bytes).
    Removing stm32f10x_usart.o(i.USART_SendBreak), (10 bytes).
    Removing stm32f10x_usart.o(i.USART_SetAddress), (18 bytes).
    Removing stm32f10x_usart.o(i.USART_SetGuardTime), (16 bytes).
    Removing stm32f10x_usart.o(i.USART_SetPrescaler), (16 bytes).
    Removing stm32f10x_usart.o(i.USART_SmartCardCmd), (24 bytes).
    Removing stm32f10x_usart.o(i.USART_SmartCardNACKCmd), (24 bytes).
    Removing stm32f10x_usart.o(i.USART_StructInit), (24 bytes).
    Removing stm32f10x_usart.o(i.USART_WakeUpConfig), (18 bytes).
    Removing stm32f10x_wwdg.o(i.WWDG_ClearFlag), (12 bytes).
    Removing stm32f10x_wwdg.o(i.WWDG_DeInit), (22 bytes).
    Removing stm32f10x_wwdg.o(i.WWDG_Enable), (16 bytes).
    Removing stm32f10x_wwdg.o(i.WWDG_EnableIT), (12 bytes).
    Removing stm32f10x_wwdg.o(i.WWDG_GetFlagStatus), (12 bytes).
    Removing stm32f10x_wwdg.o(i.WWDG_SetCounter), (16 bytes).
    Removing stm32f10x_wwdg.o(i.WWDG_SetPrescaler), (24 bytes).
    Removing stm32f10x_wwdg.o(i.WWDG_SetWindowValue), (40 bytes).
    Removing main.o(i.vPeriodicTask), (56 bytes).
    Removing main.o(i.vTaskFunction), (92 bytes).
    Removing main.o(i.vTaskFunction_ReadROM), (44 bytes).
    Removing main.o(i.vTaskFunction_Read_Temp), (22 bytes).
    Removing stm32f10x_it.o(i.PendSV_Handler), (2 bytes).
    Removing stm32f10x_it.o(i.SVC_Handler), (2 bytes).
    Removing stm32f10x_it.o(i.SysTick_Handler), (8 bytes).
    Removing bsp_led.o(i.LED_Delay), (18 bytes).
    Removing bsp_led.o(i.LED_GPIO_Config), (56 bytes).
    Removing bsp_led.o(i.LED_Test), (48 bytes).
    Removing bsp_systick.o(i.Delay_us), (40 bytes).
    Removing bsp_systick.o(i.TimingDelay_Decrement), (24 bytes).
    Removing bsp_systick.o(.data), (4 bytes).
    Removing bsp_usart1.o(i.fgetc), (32 bytes).
    Removing bsp_usart1.o(.data), (4 bytes).
    Removing bsp_ds18b20.o(i.Array_Setup_AB), (114 bytes).
    Removing bsp_ds18b20.o(i.Array_Setup_ROM), (54 bytes).
    Removing bsp_ds18b20.o(i.CRC8_Cal), (64 bytes).
    Removing bsp_ds18b20.o(i.DQ_Alarm_SearchROM), (388 bytes).
    Removing bsp_ds18b20.o(i.DQ_Check_Power_Supply), (84 bytes).
    Removing bsp_ds18b20.o(i.DQ_Copy_PAGE0), (42 bytes).
    Removing bsp_ds18b20.o(i.DQ_Copy_PAGE1), (42 bytes).
    Removing bsp_ds18b20.o(i.DQ_Read2Bit), (42 bytes).
    Removing bsp_ds18b20.o(i.DQ_Read_Parameters), (68 bytes).
    Removing bsp_ds18b20.o(i.DQ_Read_Scrpad), (112 bytes).
    Removing bsp_ds18b20.o(i.DQ_Read_Scrpad_Ext), (108 bytes).
    Removing bsp_ds18b20.o(i.DQ_Read_User_Ext), (100 bytes).
    Removing bsp_ds18b20.o(i.DQ_Recall_EE), (44 bytes).
    Removing bsp_ds18b20.o(i.DQ_Recall_PAGE0_RES), (44 bytes).
    Removing bsp_ds18b20.o(i.DQ_SearchROM), (424 bytes).
    Removing bsp_ds18b20.o(i.DQ_Write_Bit), (30 bytes).
    Removing bsp_ds18b20.o(i.DQ_Write_Parameters), (118 bytes).
    Removing bsp_ds18b20.o(i.DQ_Write_Scratchpad), (68 bytes).
    Removing bsp_ds18b20.o(i.DQ_Write_Scratchpad_Ext), (98 bytes).
    Removing bsp_ds18b20.o(i.DQ_Write_Test), (28 bytes).
    Removing bsp_ds18b20.o(i.DQ_Write_User), (68 bytes).
    Removing bsp_ds18b20.o(i.DQ_Write_User_Ext), (88 bytes).
    Removing bsp_ds18b20.o(i.MUX_18B20_OUT_Read2Bit), (34 bytes).
    Removing bsp_ds18b20.o(i.MUX_18B20_OUT_Read_Temperaure_Match), (112 bytes).
    Removing bsp_ds18b20.o(i.MUX_18B20_OUT_Read_Temperaure_Match_v2), (56 bytes).
    Removing bsp_ds18b20.o(i.MUX_18B20_OUT_Write_Bit), (80 bytes).
    Removing bsp_ds18b20.o(i.MUX_DQ_OUT_Get_Temp), (160 bytes).
    Removing bsp_ds18b20.o(i.Print_ROM_ID), (88 bytes).
    Removing bsp_ds18b20.o(i.Print_Temp), (344 bytes).
    Removing bsp_ds18b20.o(i.ROM_Code_Cal), (220 bytes).
    Removing bsp_ds18b20.o(i.Temp_Calibre), (788 bytes).
    Removing bsp_ds18b20.o(i.Write_ROM_Code), (48 bytes).
    Removing bsp_iic2.o(i.I2C1_7051_Test), (268 bytes).
    Removing bsp_iic2.o(i.I2C1_Read_Tmp_47), (360 bytes).
    Removing bsp_iic2.o(i.I2C1_Read_Tmp_7), (360 bytes).
    Removing bsp_iic2.o(.data), (3 bytes).
    Removing heap_2.o(i.prvHeapInit), (56 bytes).
    Removing heap_2.o(i.pvPortMalloc), (184 bytes).
    Removing heap_2.o(i.vPortFree), (64 bytes).
    Removing heap_2.o(i.vPortInitialiseBlocks), (2 bytes).
    Removing heap_2.o(i.xPortGetFreeHeapSize), (12 bytes).
    Removing heap_2.o(.bss), (17408 bytes).
    Removing heap_2.o(.data), (24 bytes).
    Removing list.o(i.vListInitialise), (26 bytes).
    Removing list.o(i.vListInitialiseItem), (6 bytes).
    Removing list.o(i.vListInsert), (52 bytes).
    Removing port.o(i.prvTaskExitError), (22 bytes).
    Removing port.o(i.pxPortInitialiseStack), (36 bytes).
    Removing port.o(i.vPortEndScheduler), (2 bytes).
    Removing port.o(i.vPortEnterCritical), (36 bytes).
    Removing port.o(i.vPortExitCritical), (32 bytes).
    Removing port.o(i.vPortSetupTimerInterrupt), (20 bytes).
    Removing port.o(i.xPortStartScheduler), (52 bytes).
    Removing port.o(.data), (4 bytes).
    Removing queue.o(i.prvCopyDataFromQueue), (42 bytes).
    Removing queue.o(i.prvCopyDataToQueue), (106 bytes).
    Removing queue.o(i.prvInitialiseNewQueue), (42 bytes).
    Removing queue.o(i.prvIsQueueEmpty), (26 bytes).
    Removing queue.o(i.prvIsQueueFull), (30 bytes).
    Removing queue.o(i.prvUnlockQueue), (126 bytes).
    Removing queue.o(i.ucQueueGetQueueType), (8 bytes).
    Removing queue.o(i.uxQueueGetQueueNumber), (6 bytes).
    Removing queue.o(i.uxQueueMessagesWaiting), (18 bytes).
    Removing queue.o(i.uxQueueMessagesWaitingFromISR), (6 bytes).
    Removing queue.o(i.uxQueueSpacesAvailable), (24 bytes).
    Removing queue.o(i.vQueueDelete), (14 bytes).
    Removing queue.o(i.vQueueSetQueueNumber), (4 bytes).
    Removing queue.o(i.xQueueGenericCreate), (56 bytes).
    Removing queue.o(i.xQueueGenericReceive), (312 bytes).
    Removing queue.o(i.xQueueGenericReset), (128 bytes).
    Removing queue.o(i.xQueueGenericSend), (276 bytes).
    Removing queue.o(i.xQueueGenericSendFromISR), (134 bytes).
    Removing queue.o(i.xQueueGiveFromISR), (120 bytes).
    Removing queue.o(i.xQueueIsQueueEmptyFromISR), (14 bytes).
    Removing queue.o(i.xQueueIsQueueFullFromISR), (18 bytes).
    Removing queue.o(i.xQueuePeekFromISR), (74 bytes).
    Removing queue.o(i.xQueueReceiveFromISR), (130 bytes).
    Removing tasks.o(i.eTaskGetState), (108 bytes).
    Removing tasks.o(i.pcTaskGetName), (24 bytes).
    Removing tasks.o(i.prvAddCurrentTaskToDelayedList), (152 bytes).
    Removing tasks.o(i.prvAddNewTaskToReadyList), (184 bytes).
    Removing tasks.o(i.prvCheckTasksWaitingTermination), (100 bytes).
    Removing tasks.o(i.prvDeleteTCB), (18 bytes).
    Removing tasks.o(i.prvIdleTask), (40 bytes).
    Removing tasks.o(i.prvInitialiseNewTask), (144 bytes).
    Removing tasks.o(i.prvInitialiseTaskLists), (104 bytes).
    Removing tasks.o(i.prvListTasksWithinSingleList), (106 bytes).
    Removing tasks.o(i.prvTaskCheckFreeStackSpace), (22 bytes).
    Removing tasks.o(i.prvTaskIsTaskSuspended), (64 bytes).
    Removing tasks.o(i.prvWriteNameToBuffer), (42 bytes).
    Removing tasks.o(i.ulTaskNotifyTake), (116 bytes).
    Removing tasks.o(i.uxTaskGetNumberOfTasks), (12 bytes).
    Removing tasks.o(i.uxTaskGetSystemState), (184 bytes).
    Removing tasks.o(i.uxTaskGetTaskNumber), (14 bytes).
    Removing tasks.o(i.uxTaskPriorityGet), (36 bytes).
    Removing tasks.o(i.uxTaskPriorityGetFromISR), (56 bytes).
    Removing tasks.o(i.uxTaskResetEventItemValue), (28 bytes).
    Removing tasks.o(i.vTaskDelay), (52 bytes).
    Removing tasks.o(i.vTaskDelayUntil), (116 bytes).
    Removing tasks.o(i.vTaskDelete), (204 bytes).
    Removing tasks.o(i.vTaskEndScheduler), (36 bytes).
    Removing tasks.o(i.vTaskGetInfo), (120 bytes).
    Removing tasks.o(i.vTaskGetRunTimeStats), (212 bytes).
    Removing tasks.o(i.vTaskList), (224 bytes).
    Removing tasks.o(i.vTaskMissedYield), (12 bytes).
    Removing tasks.o(i.vTaskNotifyGiveFromISR), (180 bytes).
    Removing tasks.o(i.vTaskPlaceOnEventList), (32 bytes).
    Removing tasks.o(i.vTaskPlaceOnUnorderedEventList), (44 bytes).
    Removing tasks.o(i.vTaskPrioritySet), (232 bytes).
    Removing tasks.o(i.vTaskResume), (120 bytes).
    Removing tasks.o(i.vTaskSetTaskNumber), (8 bytes).
    Removing tasks.o(i.vTaskSetTimeOutState), (24 bytes).
    Removing tasks.o(i.vTaskStartScheduler), (108 bytes).
    Removing tasks.o(i.vTaskSuspend), (188 bytes).
    Removing tasks.o(i.vTaskSuspendAll), (16 bytes).
    Removing tasks.o(i.xTaskCheckForTimeOut), (92 bytes).
    Removing tasks.o(i.xTaskCreate), (96 bytes).
    Removing tasks.o(i.xTaskGenericNotify), (196 bytes).
    Removing tasks.o(i.xTaskGenericNotifyFromISR), (252 bytes).
    Removing tasks.o(i.xTaskGetTickCount), (12 bytes).
    Removing tasks.o(i.xTaskGetTickCountFromISR), (12 bytes).
    Removing tasks.o(i.xTaskNotifyStateClear), (52 bytes).
    Removing tasks.o(i.xTaskNotifyWait), (160 bytes).
    Removing tasks.o(i.xTaskRemoveFromEventList), (128 bytes).
    Removing tasks.o(i.xTaskRemoveFromUnorderedEventList), (112 bytes).
    Removing tasks.o(i.xTaskResumeAll), (232 bytes).
    Removing tasks.o(i.xTaskResumeFromISR), (152 bytes).
    Removing fmul.o(.text), (108 bytes).
    Removing fflti.o(.text), (18 bytes).
    Removing ffixui.o(.text), (40 bytes).
    Removing cfcmple.o(.text), (20 bytes).
    Removing cfrcmple.o(.text), (20 bytes).

594 unused section(s) (total 48739 bytes) removed from the image.

==============================================================================

Image Symbol Table

    Local Symbols

    Symbol Name                              Value     Ov Type        Size  Object(Section)

    ../clib/../cmprslib/zerorunl2.c          0x00000000   Number         0  __dczerorl2.o ABSOLUTE
    ../clib/microlib/division.c              0x00000000   Number         0  uidiv.o ABSOLUTE
    ../clib/microlib/division.c              0x00000000   Number         0  uldiv.o ABSOLUTE
    ../clib/microlib/init/entry.s            0x00000000   Number         0  entry11a.o ABSOLUTE
    ../clib/microlib/init/entry.s            0x00000000   Number         0  entry.o ABSOLUTE
    ../clib/microlib/init/entry.s            0x00000000   Number         0  entry11b.o ABSOLUTE
    ../clib/microlib/init/entry.s            0x00000000   Number         0  entry5.o ABSOLUTE
    ../clib/microlib/init/entry.s            0x00000000   Number         0  entry8a.o ABSOLUTE
    ../clib/microlib/init/entry.s            0x00000000   Number         0  entry9a.o ABSOLUTE
    ../clib/microlib/init/entry.s            0x00000000   Number         0  entry7b.o ABSOLUTE
    ../clib/microlib/init/entry.s            0x00000000   Number         0  entry10b.o ABSOLUTE
    ../clib/microlib/init/entry.s            0x00000000   Number         0  entry9b.o ABSOLUTE
    ../clib/microlib/init/entry.s            0x00000000   Number         0  entry7a.o ABSOLUTE
    ../clib/microlib/init/entry.s            0x00000000   Number         0  entry10a.o ABSOLUTE
    ../clib/microlib/init/entry.s            0x00000000   Number         0  entry8b.o ABSOLUTE
    ../clib/microlib/init/entry.s            0x00000000   Number         0  entry2.o ABSOLUTE
    ../clib/microlib/longlong.c              0x00000000   Number         0  llushr.o ABSOLUTE
    ../clib/microlib/longlong.c              0x00000000   Number         0  llsshr.o ABSOLUTE
    ../clib/microlib/longlong.c              0x00000000   Number         0  llshl.o ABSOLUTE
    ../clib/microlib/printf/printf.c         0x00000000   Number         0  printf0.o ABSOLUTE
    ../clib/microlib/printf/printf.c         0x00000000   Number         0  printf8.o ABSOLUTE
    ../clib/microlib/printf/printf.c         0x00000000   Number         0  printf3.o ABSOLUTE
    ../clib/microlib/printf/printf.c         0x00000000   Number         0  printf4.o ABSOLUTE
    ../clib/microlib/printf/printf.c         0x00000000   Number         0  printf5.o ABSOLUTE
    ../clib/microlib/printf/printf.c         0x00000000   Number         0  printf6.o ABSOLUTE
    ../clib/microlib/printf/printf.c         0x00000000   Number         0  printfa.o ABSOLUTE
    ../clib/microlib/printf/printf.c         0x00000000   Number         0  printfb.o ABSOLUTE
    ../clib/microlib/printf/printf.c         0x00000000   Number         0  printf2.o ABSOLUTE
    ../clib/microlib/printf/printf.c         0x00000000   Number         0  printf7.o ABSOLUTE
    ../clib/microlib/printf/printf.c         0x00000000   Number         0  printf1.o ABSOLUTE
    ../clib/microlib/printf/stubs.s          0x00000000   Number         0  stubs.o ABSOLUTE
    ../clib/microlib/stdio/streams.c         0x00000000   Number         0  stdout.o ABSOLUTE
    ../clib/microlib/string/memcpy.c         0x00000000   Number         0  memcpyb.o ABSOLUTE
    ../clib/microlib/string/memcpy.c         0x00000000   Number         0  memcpya.o ABSOLUTE
    ../clib/microlib/string/memset.c         0x00000000   Number         0  memseta.o ABSOLUTE
    ../clib/microlib/string/strcpy.c         0x00000000   Number         0  strcpy.o ABSOLUTE
    ../clib/microlib/string/strlen.c         0x00000000   Number         0  strlen.o ABSOLUTE
    ../clib/microlib/stubs.s                 0x00000000   Number         0  iusefp.o ABSOLUTE
    ../fplib/microlib/d2f.c                  0x00000000   Number         0  d2f.o ABSOLUTE
    ../fplib/microlib/f2d.c                  0x00000000   Number         0  f2d.o ABSOLUTE
    ../fplib/microlib/fpadd.c                0x00000000   Number         0  dadd.o ABSOLUTE
    ../fplib/microlib/fpadd.c                0x00000000   Number         0  fadd.o ABSOLUTE
    ../fplib/microlib/fpdiv.c                0x00000000   Number         0  fdiv.o ABSOLUTE
    ../fplib/microlib/fpdiv.c                0x00000000   Number         0  ddiv.o ABSOLUTE
    ../fplib/microlib/fpepilogue.c           0x00000000   Number         0  fepilogue.o ABSOLUTE
    ../fplib/microlib/fpepilogue.c           0x00000000   Number         0  depilogue.o ABSOLUTE
    ../fplib/microlib/fpfix.c                0x00000000   Number         0  dfixul.o ABSOLUTE
    ../fplib/microlib/fpfix.c                0x00000000   Number         0  ffixui.o ABSOLUTE
    ../fplib/microlib/fpflt.c                0x00000000   Number         0  fflti.o ABSOLUTE
    ../fplib/microlib/fpflt.c                0x00000000   Number         0  dflti.o ABSOLUTE
    ../fplib/microlib/fpmul.c                0x00000000   Number         0  fmul.o ABSOLUTE
    ../fplib/microlib/fpmul.c                0x00000000   Number         0  dmul.o ABSOLUTE
    ..\..\FreeRTOS\croutine.c                0x00000000   Number         0  croutine.o ABSOLUTE
    ..\..\FreeRTOS\heap_2.c                  0x00000000   Number         0  heap_2.o ABSOLUTE
    ..\..\FreeRTOS\list.c                    0x00000000   Number         0  list.o ABSOLUTE
    ..\..\FreeRTOS\port.c                    0x00000000   Number         0  port.o ABSOLUTE
    ..\..\FreeRTOS\queue.c                   0x00000000   Number         0  queue.o ABSOLUTE
    ..\..\FreeRTOS\tasks.c                   0x00000000   Number         0  tasks.o ABSOLUTE
    ..\..\FreeRTOS\timers.c                  0x00000000   Number         0  timers.o ABSOLUTE
    ..\..\Libraries\CMSIS\core_cm3.c         0x00000000   Number         0  core_cm3.o ABSOLUTE
    ..\..\Libraries\CMSIS\startup\startup_stm32f10x_hd.s 0x00000000   Number         0  startup_stm32f10x_hd.o ABSOLUTE
    ..\..\Libraries\CMSIS\system_stm32f10x.c 0x00000000   Number         0  system_stm32f10x.o ABSOLUTE
    ..\..\Libraries\FWlib\src\misc.c         0x00000000   Number         0  misc.o ABSOLUTE
    ..\..\Libraries\FWlib\src\stm32f10x_adc.c 0x00000000   Number         0  stm32f10x_adc.o ABSOLUTE
    ..\..\Libraries\FWlib\src\stm32f10x_bkp.c 0x00000000   Number         0  stm32f10x_bkp.o ABSOLUTE
    ..\..\Libraries\FWlib\src\stm32f10x_can.c 0x00000000   Number         0  stm32f10x_can.o ABSOLUTE
    ..\..\Libraries\FWlib\src\stm32f10x_cec.c 0x00000000   Number         0  stm32f10x_cec.o ABSOLUTE
    ..\..\Libraries\FWlib\src\stm32f10x_crc.c 0x00000000   Number         0  stm32f10x_crc.o ABSOLUTE
    ..\..\Libraries\FWlib\src\stm32f10x_dac.c 0x00000000   Number         0  stm32f10x_dac.o ABSOLUTE
    ..\..\Libraries\FWlib\src\stm32f10x_dbgmcu.c 0x00000000   Number         0  stm32f10x_dbgmcu.o ABSOLUTE
    ..\..\Libraries\FWlib\src\stm32f10x_dma.c 0x00000000   Number         0  stm32f10x_dma.o ABSOLUTE
    ..\..\Libraries\FWlib\src\stm32f10x_exti.c 0x00000000   Number         0  stm32f10x_exti.o ABSOLUTE
    ..\..\Libraries\FWlib\src\stm32f10x_flash.c 0x00000000   Number         0  stm32f10x_flash.o ABSOLUTE
    ..\..\Libraries\FWlib\src\stm32f10x_fsmc.c 0x00000000   Number         0  stm32f10x_fsmc.o ABSOLUTE
    ..\..\Libraries\FWlib\src\stm32f10x_gpio.c 0x00000000   Number         0  stm32f10x_gpio.o ABSOLUTE
    ..\..\Libraries\FWlib\src\stm32f10x_i2c.c 0x00000000   Number         0  stm32f10x_i2c.o ABSOLUTE
    ..\..\Libraries\FWlib\src\stm32f10x_iwdg.c 0x00000000   Number         0  stm32f10x_iwdg.o ABSOLUTE
    ..\..\Libraries\FWlib\src\stm32f10x_pwr.c 0x00000000   Number         0  stm32f10x_pwr.o ABSOLUTE
    ..\..\Libraries\FWlib\src\stm32f10x_rcc.c 0x00000000   Number         0  stm32f10x_rcc.o ABSOLUTE
    ..\..\Libraries\FWlib\src\stm32f10x_rtc.c 0x00000000   Number         0  stm32f10x_rtc.o ABSOLUTE
    ..\..\Libraries\FWlib\src\stm32f10x_sdio.c 0x00000000   Number         0  stm32f10x_sdio.o ABSOLUTE
    ..\..\Libraries\FWlib\src\stm32f10x_spi.c 0x00000000   Number         0  stm32f10x_spi.o ABSOLUTE
    ..\..\Libraries\FWlib\src\stm32f10x_tim.c 0x00000000   Number         0  stm32f10x_tim.o ABSOLUTE
    ..\..\Libraries\FWlib\src\stm32f10x_usart.c 0x00000000   Number         0  stm32f10x_usart.o ABSOLUTE
    ..\..\Libraries\FWlib\src\stm32f10x_wwdg.c 0x00000000   Number         0  stm32f10x_wwdg.o ABSOLUTE
    ..\..\User\Led\bsp_led.c                 0x00000000   Number         0  bsp_led.o ABSOLUTE
    ..\..\User\SysTick\bsp_SysTick.c         0x00000000   Number         0  bsp_systick.o ABSOLUTE
    ..\..\User\ds18b20\bsp_ds18b20.c         0x00000000   Number         0  bsp_ds18b20.o ABSOLUTE
    ..\..\User\iic\bsp_iic2.c                0x00000000   Number         0  bsp_iic2.o ABSOLUTE
    ..\..\User\main.c                        0x00000000   Number         0  main.o ABSOLUTE
    ..\..\User\stm32f10x_it.c                0x00000000   Number         0  stm32f10x_it.o ABSOLUTE
    ..\..\User\usart\bsp_usart1.c            0x00000000   Number         0  bsp_usart1.o ABSOLUTE
    ..\\..\\FreeRTOS\\port.c                 0x00000000   Number         0  port.o ABSOLUTE
    ..\\..\\Libraries\\CMSIS\\core_cm3.c     0x00000000   Number         0  core_cm3.o ABSOLUTE
    cdrcmple.s                               0x00000000   Number         0  cdrcmple.o ABSOLUTE
    cfcmple.s                                0x00000000   Number         0  cfcmple.o ABSOLUTE
    cfrcmple.s                               0x00000000   Number         0  cfrcmple.o ABSOLUTE
    dc.s                                     0x00000000   Number         0  dc.o ABSOLUTE
    handlers.s                               0x00000000   Number         0  handlers.o ABSOLUTE
    init.s                                   0x00000000   Number         0  init.o ABSOLUTE
    RESET                                    0x08000000   Section      304  startup_stm32f10x_hd.o(RESET)
    .ARM.Collect$$$$00000000                 0x08000130   Section        0  entry.o(.ARM.Collect$$$$00000000)
    .ARM.Collect$$$$00000001                 0x08000130   Section        4  entry2.o(.ARM.Collect$$$$00000001)
    .ARM.Collect$$$$00000004                 0x08000134   Section        4  entry5.o(.ARM.Collect$$$$00000004)
    .ARM.Collect$$$$00000008                 0x08000138   Section        0  entry7b.o(.ARM.Collect$$$$00000008)
    .ARM.Collect$$$$0000000A                 0x08000138   Section        0  entry8b.o(.ARM.Collect$$$$0000000A)
    .ARM.Collect$$$$0000000B                 0x08000138   Section        8  entry9a.o(.ARM.Collect$$$$0000000B)
    .ARM.Collect$$$$0000000D                 0x08000140   Section        0  entry10a.o(.ARM.Collect$$$$0000000D)
    .ARM.Collect$$$$0000000F                 0x08000140   Section        0  entry11a.o(.ARM.Collect$$$$0000000F)
    .ARM.Collect$$$$00002712                 0x08000140   Section        4  entry2.o(.ARM.Collect$$$$00002712)
    __lit__00000000                          0x08000140   Data           4  entry2.o(.ARM.Collect$$$$00002712)
    .emb_text                                0x08000144   Section      150  port.o(.emb_text)
    .text                                    0x080001dc   Section       36  startup_stm32f10x_hd.o(.text)
    .text                                    0x08000200   Section        0  fadd.o(.text)
    .text                                    0x080002b0   Section        0  fdiv.o(.text)
    .text                                    0x08000330   Section        0  dadd.o(.text)
    .text                                    0x0800047e   Section        0  dmul.o(.text)
    .text                                    0x08000562   Section        0  ddiv.o(.text)
    .text                                    0x08000640   Section        0  dflti.o(.text)
    .text                                    0x08000662   Section        0  f2d.o(.text)
    .text                                    0x08000688   Section        0  d2f.o(.text)
    .text                                    0x080006c0   Section        0  uidiv.o(.text)
    .text                                    0x080006ec   Section        0  uldiv.o(.text)
    .text                                    0x0800074e   Section        0  llshl.o(.text)
    .text                                    0x0800076c   Section        0  llsshr.o(.text)
    .text                                    0x08000790   Section        0  iusefp.o(.text)
    .text                                    0x08000790   Section        0  fepilogue.o(.text)
    .text                                    0x080007fc   Section        0  depilogue.o(.text)
    .text                                    0x080008ba   Section        0  dfixul.o(.text)
    .text                                    0x080008ec   Section       40  cdrcmple.o(.text)
    .text                                    0x08000914   Section       36  init.o(.text)
    .text                                    0x08000938   Section        0  llushr.o(.text)
    .text                                    0x08000958   Section        0  __dczerorl2.o(.text)
    i.Array_ROM_Read                         0x080009b4   Section        0  bsp_ds18b20.o(i.Array_ROM_Read)
    i.Array_Temp_Read_MUX                    0x08000b08   Section        0  bsp_ds18b20.o(i.Array_Temp_Read_MUX)
    i.Array_Temp_Read_MUX_47                 0x08000bf4   Section        0  bsp_ds18b20.o(i.Array_Temp_Read_MUX_47)
    i.Array_Temp_Read_MUX_7                  0x08000ce0   Section        0  bsp_ds18b20.o(i.Array_Temp_Read_MUX_7)
    i.Board_SEL                              0x08000dc8   Section        0  bsp_ds18b20.o(i.Board_SEL)
    i.BusFault_Handler                       0x08001774   Section        0  stm32f10x_it.o(i.BusFault_Handler)
    i.Check_7051_4_47                        0x08001778   Section        0  bsp_ds18b20.o(i.Check_7051_4_47)
    i.Check_Temp_4_47                        0x080017f4   Section        0  bsp_ds18b20.o(i.Check_Temp_4_47)
    i.DQ_Presence                            0x080018a0   Section        0  bsp_ds18b20.o(i.DQ_Presence)
    DQ_Presence                              0x080018a1   Thumb Code    26  bsp_ds18b20.o(i.DQ_Presence)
    i.DQ_Read_Bit                            0x080018d0   Section        0  bsp_ds18b20.o(i.DQ_Read_Bit)
    DQ_Read_Bit                              0x080018d1   Thumb Code    26  bsp_ds18b20.o(i.DQ_Read_Bit)
    i.DQ_Read_Byte                           0x08001900   Section        0  bsp_ds18b20.o(i.DQ_Read_Byte)
    i.DQ_Read_Rom_Code                       0x0800192c   Section        0  bsp_ds18b20.o(i.DQ_Read_Rom_Code)
    i.DQ_Recall_PAGE1                        0x08001970   Section        0  bsp_ds18b20.o(i.DQ_Recall_PAGE1)
    i.DQ_Rst                                 0x080019a2   Section        0  bsp_ds18b20.o(i.DQ_Rst)
    DQ_Rst                                   0x080019a3   Thumb Code    24  bsp_ds18b20.o(i.DQ_Rst)
    i.DQ_Write_Byte                          0x080019ba   Section        0  bsp_ds18b20.o(i.DQ_Write_Byte)
    i.DebugMon_Handler                       0x080019c8   Section        0  stm32f10x_it.o(i.DebugMon_Handler)
    i.GPIO_Config                            0x080019ca   Section        0  bsp_ds18b20.o(i.GPIO_Config)
    i.GPIO_Init                              0x08001a3e   Section        0  stm32f10x_gpio.o(i.GPIO_Init)
    i.GPIO_ReadInputDataBit                  0x08001b50   Section        0  stm32f10x_gpio.o(i.GPIO_ReadInputDataBit)
    i.GPIO_ResetBits                         0x08001b62   Section        0  stm32f10x_gpio.o(i.GPIO_ResetBits)
    i.GPIO_SetBits                           0x08001b66   Section        0  stm32f10x_gpio.o(i.GPIO_SetBits)
    i.HardFault_Handler                      0x08001b6c   Section        0  stm32f10x_it.o(i.HardFault_Handler)
    i.I2C2_Init                              0x08001b80   Section        0  bsp_iic2.o(i.I2C2_Init)
    i.I2C_AcknowledgeConfig                  0x08001c04   Section        0  stm32f10x_i2c.o(i.I2C_AcknowledgeConfig)
    i.I2C_CheckEvent                         0x08001c1c   Section        0  stm32f10x_i2c.o(i.I2C_CheckEvent)
    i.I2C_Cmd                                0x08001c46   Section        0  stm32f10x_i2c.o(i.I2C_Cmd)
    i.I2C_DeInit                             0x08001c60   Section        0  stm32f10x_i2c.o(i.I2C_DeInit)
    i.I2C_GenerateSTART                      0x08001c98   Section        0  stm32f10x_i2c.o(i.I2C_GenerateSTART)
    i.I2C_GenerateSTOP                       0x08001cb0   Section        0  stm32f10x_i2c.o(i.I2C_GenerateSTOP)
    i.I2C_GetFlagStatus                      0x08001cc8   Section        0  stm32f10x_i2c.o(i.I2C_GetFlagStatus)
    i.I2C_Init                               0x08001d04   Section        0  stm32f10x_i2c.o(i.I2C_Init)
    i.I2C_ReceiveData                        0x08001df0   Section        0  stm32f10x_i2c.o(i.I2C_ReceiveData)
    i.I2C_Send7bitAddress                    0x08001df8   Section        0  stm32f10x_i2c.o(i.I2C_Send7bitAddress)
    i.I2C_SendData                           0x08001e0a   Section        0  stm32f10x_i2c.o(i.I2C_SendData)
    i.M0_GPIO_Config                         0x08001e10   Section        0  bsp_ds18b20.o(i.M0_GPIO_Config)
    M0_GPIO_Config                           0x08001e11   Thumb Code    50  bsp_ds18b20.o(i.M0_GPIO_Config)
    i.M1_GPIO_Config                         0x08001e48   Section        0  bsp_ds18b20.o(i.M1_GPIO_Config)
    M1_GPIO_Config                           0x08001e49   Thumb Code    50  bsp_ds18b20.o(i.M1_GPIO_Config)
    i.M2_GPIO_Config                         0x08001e80   Section        0  bsp_ds18b20.o(i.M2_GPIO_Config)
    M2_GPIO_Config                           0x08001e81   Thumb Code    50  bsp_ds18b20.o(i.M2_GPIO_Config)
    i.MUX1_EN                                0x08001eb8   Section        0  bsp_ds18b20.o(i.MUX1_EN)
    i.MUX2_EN                                0x08001ee0   Section        0  bsp_ds18b20.o(i.MUX2_EN)
    i.MUX3_EN                                0x08001f08   Section        0  bsp_ds18b20.o(i.MUX3_EN)
    i.MUX4_EN                                0x08001f30   Section        0  bsp_ds18b20.o(i.MUX4_EN)
    i.MUX5_EN                                0x08001f58   Section        0  bsp_ds18b20.o(i.MUX5_EN)
    i.MUX6_EN                                0x08001f80   Section        0  bsp_ds18b20.o(i.MUX6_EN)
    i.MUX7_EN                                0x08001fa8   Section        0  bsp_ds18b20.o(i.MUX7_EN)
    i.MUX_18B20_OUT_GPIO_Config              0x08001fd0   Section        0  bsp_ds18b20.o(i.MUX_18B20_OUT_GPIO_Config)
    MUX_18B20_OUT_GPIO_Config                0x08001fd1   Thumb Code    46  bsp_ds18b20.o(i.MUX_18B20_OUT_GPIO_Config)
    i.MUX_18B20_OUT_Mode_IPU                 0x08002004   Section        0  bsp_ds18b20.o(i.MUX_18B20_OUT_Mode_IPU)
    MUX_18B20_OUT_Mode_IPU                   0x08002005   Thumb Code    24  bsp_ds18b20.o(i.MUX_18B20_OUT_Mode_IPU)
    i.MUX_18B20_OUT_Mode_Out_PP              0x08002020   Section        0  bsp_ds18b20.o(i.MUX_18B20_OUT_Mode_Out_PP)
    MUX_18B20_OUT_Mode_Out_PP                0x08002021   Thumb Code    30  bsp_ds18b20.o(i.MUX_18B20_OUT_Mode_Out_PP)
    i.MUX_18B20_OUT_Presence                 0x08002044   Section        0  bsp_ds18b20.o(i.MUX_18B20_OUT_Presence)
    MUX_18B20_OUT_Presence                   0x08002045   Thumb Code    82  bsp_ds18b20.o(i.MUX_18B20_OUT_Presence)
    i.MUX_18B20_OUT_Read_Bit                 0x0800209c   Section        0  bsp_ds18b20.o(i.MUX_18B20_OUT_Read_Bit)
    MUX_18B20_OUT_Read_Bit                   0x0800209d   Thumb Code    58  bsp_ds18b20.o(i.MUX_18B20_OUT_Read_Bit)
    i.MUX_18B20_OUT_Read_Byte                0x080020dc   Section        0  bsp_ds18b20.o(i.MUX_18B20_OUT_Read_Byte)
    i.MUX_18B20_OUT_Read_Temperaure_Skip     0x08002100   Section        0  bsp_ds18b20.o(i.MUX_18B20_OUT_Read_Temperaure_Skip)
    i.MUX_18B20_OUT_Read_Temperaure_Skip_7   0x080021a8   Section        0  bsp_ds18b20.o(i.MUX_18B20_OUT_Read_Temperaure_Skip_7)
    i.MUX_18B20_OUT_Rst                      0x08002250   Section        0  bsp_ds18b20.o(i.MUX_18B20_OUT_Rst)
    MUX_18B20_OUT_Rst                        0x08002251   Thumb Code    38  bsp_ds18b20.o(i.MUX_18B20_OUT_Rst)
    i.MUX_18B20_OUT_Write_Byte               0x0800227c   Section        0  bsp_ds18b20.o(i.MUX_18B20_OUT_Write_Byte)
    i.MUX_Channel_SEL                        0x080022d8   Section        0  bsp_ds18b20.o(i.MUX_Channel_SEL)
    i.MUX_S0_GPIO_Config                     0x080025cc   Section        0  bsp_ds18b20.o(i.MUX_S0_GPIO_Config)
    MUX_S0_GPIO_Config                       0x080025cd   Thumb Code    50  bsp_ds18b20.o(i.MUX_S0_GPIO_Config)
    i.MUX_S1_GPIO_Config                     0x08002604   Section        0  bsp_ds18b20.o(i.MUX_S1_GPIO_Config)
    MUX_S1_GPIO_Config                       0x08002605   Thumb Code    50  bsp_ds18b20.o(i.MUX_S1_GPIO_Config)
    i.MUX_S2_GPIO_Config                     0x0800263c   Section        0  bsp_ds18b20.o(i.MUX_S2_GPIO_Config)
    MUX_S2_GPIO_Config                       0x0800263d   Thumb Code    50  bsp_ds18b20.o(i.MUX_S2_GPIO_Config)
    i.MUX_S3_GPIO_Config                     0x08002674   Section        0  bsp_ds18b20.o(i.MUX_S3_GPIO_Config)
    MUX_S3_GPIO_Config                       0x08002675   Thumb Code    50  bsp_ds18b20.o(i.MUX_S3_GPIO_Config)
    i.MemManage_Handler                      0x080026ac   Section        0  stm32f10x_it.o(i.MemManage_Handler)
    i.NMI_Handler                            0x080026b0   Section        0  stm32f10x_it.o(i.NMI_Handler)
    i.NVIC_Configuration                     0x080026b2   Section        0  main.o(i.NVIC_Configuration)
    i.NVIC_Init                              0x080026dc   Section        0  misc.o(i.NVIC_Init)
    i.NVIC_PriorityGroupConfig               0x08002750   Section        0  misc.o(i.NVIC_PriorityGroupConfig)
    i.P0_GPIO_Config                         0x08002764   Section        0  bsp_ds18b20.o(i.P0_GPIO_Config)
    P0_GPIO_Config                           0x08002765   Thumb Code    46  bsp_ds18b20.o(i.P0_GPIO_Config)
    i.P1_GPIO_Config                         0x08002798   Section        0  bsp_ds18b20.o(i.P1_GPIO_Config)
    P1_GPIO_Config                           0x08002799   Thumb Code    46  bsp_ds18b20.o(i.P1_GPIO_Config)
    i.P2_GPIO_Config                         0x080027cc   Section        0  bsp_ds18b20.o(i.P2_GPIO_Config)
    P2_GPIO_Config                           0x080027cd   Thumb Code    46  bsp_ds18b20.o(i.P2_GPIO_Config)
    i.Print_Check_Temp                       0x08002800   Section        0  bsp_ds18b20.o(i.Print_Check_Temp)
    i.RCC_APB1PeriphClockCmd                 0x0800286c   Section        0  stm32f10x_rcc.o(i.RCC_APB1PeriphClockCmd)
    i.RCC_APB1PeriphResetCmd                 0x0800288c   Section        0  stm32f10x_rcc.o(i.RCC_APB1PeriphResetCmd)
    i.RCC_APB2PeriphClockCmd                 0x080028ac   Section        0  stm32f10x_rcc.o(i.RCC_APB2PeriphClockCmd)
    i.RCC_GetClocksFreq                      0x080028cc   Section        0  stm32f10x_rcc.o(i.RCC_GetClocksFreq)
    i.Ref_Temp_Get_7051_47                   0x080029a0   Section        0  bsp_ds18b20.o(i.Ref_Temp_Get_7051_47)
    i.Ref_Temp_Get_7051_7                    0x080029dc   Section        0  bsp_ds18b20.o(i.Ref_Temp_Get_7051_7)
    i.Return_7051_Tmp                        0x08002a18   Section        0  bsp_iic2.o(i.Return_7051_Tmp)
    i.STRONG_PULLUP_GPIO_Config              0x08002b5c   Section        0  bsp_ds18b20.o(i.STRONG_PULLUP_GPIO_Config)
    STRONG_PULLUP_GPIO_Config                0x08002b5d   Thumb Code    46  bsp_ds18b20.o(i.STRONG_PULLUP_GPIO_Config)
    i.SUB_E10_GPIO_Config                    0x08002b90   Section        0  bsp_ds18b20.o(i.SUB_E10_GPIO_Config)
    SUB_E10_GPIO_Config                      0x08002b91   Thumb Code    46  bsp_ds18b20.o(i.SUB_E10_GPIO_Config)
    i.SUB_E11_GPIO_Config                    0x08002bc4   Section        0  bsp_ds18b20.o(i.SUB_E11_GPIO_Config)
    SUB_E11_GPIO_Config                      0x08002bc5   Thumb Code    46  bsp_ds18b20.o(i.SUB_E11_GPIO_Config)
    i.SUB_E12_GPIO_Config                    0x08002bf8   Section        0  bsp_ds18b20.o(i.SUB_E12_GPIO_Config)
    SUB_E12_GPIO_Config                      0x08002bf9   Thumb Code    44  bsp_ds18b20.o(i.SUB_E12_GPIO_Config)
    i.SUB_E13_GPIO_Config                    0x08002c28   Section        0  bsp_ds18b20.o(i.SUB_E13_GPIO_Config)
    SUB_E13_GPIO_Config                      0x08002c29   Thumb Code    46  bsp_ds18b20.o(i.SUB_E13_GPIO_Config)
    i.SUB_E14_GPIO_Config                    0x08002c5c   Section        0  bsp_ds18b20.o(i.SUB_E14_GPIO_Config)
    SUB_E14_GPIO_Config                      0x08002c5d   Thumb Code    46  bsp_ds18b20.o(i.SUB_E14_GPIO_Config)
    i.SUB_E15_GPIO_Config                    0x08002c90   Section        0  bsp_ds18b20.o(i.SUB_E15_GPIO_Config)
    SUB_E15_GPIO_Config                      0x08002c91   Thumb Code    50  bsp_ds18b20.o(i.SUB_E15_GPIO_Config)
    i.SUB_E16_GPIO_Config                    0x08002cc8   Section        0  bsp_ds18b20.o(i.SUB_E16_GPIO_Config)
    SUB_E16_GPIO_Config                      0x08002cc9   Thumb Code    50  bsp_ds18b20.o(i.SUB_E16_GPIO_Config)
    i.SUB_E1_GPIO_Config                     0x08002d00   Section        0  bsp_ds18b20.o(i.SUB_E1_GPIO_Config)
    SUB_E1_GPIO_Config                       0x08002d01   Thumb Code    46  bsp_ds18b20.o(i.SUB_E1_GPIO_Config)
    i.SUB_E2_GPIO_Config                     0x08002d34   Section        0  bsp_ds18b20.o(i.SUB_E2_GPIO_Config)
    SUB_E2_GPIO_Config                       0x08002d35   Thumb Code    46  bsp_ds18b20.o(i.SUB_E2_GPIO_Config)
    i.SUB_E3_GPIO_Config                     0x08002d68   Section        0  bsp_ds18b20.o(i.SUB_E3_GPIO_Config)
    SUB_E3_GPIO_Config                       0x08002d69   Thumb Code    44  bsp_ds18b20.o(i.SUB_E3_GPIO_Config)
    i.SUB_E4_GPIO_Config                     0x08002d98   Section        0  bsp_ds18b20.o(i.SUB_E4_GPIO_Config)
    SUB_E4_GPIO_Config                       0x08002d99   Thumb Code    46  bsp_ds18b20.o(i.SUB_E4_GPIO_Config)
    i.SUB_E5_GPIO_Config                     0x08002dcc   Section        0  bsp_ds18b20.o(i.SUB_E5_GPIO_Config)
    SUB_E5_GPIO_Config                       0x08002dcd   Thumb Code    46  bsp_ds18b20.o(i.SUB_E5_GPIO_Config)
    i.SUB_E6_GPIO_Config                     0x08002e00   Section        0  bsp_ds18b20.o(i.SUB_E6_GPIO_Config)
    SUB_E6_GPIO_Config                       0x08002e01   Thumb Code    50  bsp_ds18b20.o(i.SUB_E6_GPIO_Config)
    i.SUB_E7_GPIO_Config                     0x08002e38   Section        0  bsp_ds18b20.o(i.SUB_E7_GPIO_Config)
    SUB_E7_GPIO_Config                       0x08002e39   Thumb Code    50  bsp_ds18b20.o(i.SUB_E7_GPIO_Config)
    i.SUB_E8_GPIO_Config                     0x08002e70   Section        0  bsp_ds18b20.o(i.SUB_E8_GPIO_Config)
    SUB_E8_GPIO_Config                       0x08002e71   Thumb Code    50  bsp_ds18b20.o(i.SUB_E8_GPIO_Config)
    i.SUB_E9_GPIO_Config                     0x08002ea8   Section        0  bsp_ds18b20.o(i.SUB_E9_GPIO_Config)
    SUB_E9_GPIO_Config                       0x08002ea9   Thumb Code    46  bsp_ds18b20.o(i.SUB_E9_GPIO_Config)
    i.SetSysClock                            0x08002edc   Section        0  system_stm32f10x.o(i.SetSysClock)
    SetSysClock                              0x08002edd   Thumb Code     8  system_stm32f10x.o(i.SetSysClock)
    i.SetSysClockTo72                        0x08002ee4   Section        0  system_stm32f10x.o(i.SetSysClockTo72)
    SetSysClockTo72                          0x08002ee5   Thumb Code   212  system_stm32f10x.o(i.SetSysClockTo72)
    i.SysTick_Init                           0x08002fc0   Section        0  bsp_systick.o(i.SysTick_Init)
    i.SystemInit                             0x0800303c   Section        0  system_stm32f10x.o(i.SystemInit)
    i.USART1_Config                          0x0800309c   Section        0  bsp_usart1.o(i.USART1_Config)
    i.USART1_IRQHandler                      0x0800312c   Section        0  stm32f10x_it.o(i.USART1_IRQHandler)
    i.USART_Cmd                              0x08003224   Section        0  stm32f10x_usart.o(i.USART_Cmd)
    i.USART_GetFlagStatus                    0x0800323c   Section        0  stm32f10x_usart.o(i.USART_GetFlagStatus)
    i.USART_GetITStatus                      0x08003256   Section        0  stm32f10x_usart.o(i.USART_GetITStatus)
    i.USART_ITConfig                         0x080032aa   Section        0  stm32f10x_usart.o(i.USART_ITConfig)
    i.USART_Init                             0x080032f4   Section        0  stm32f10x_usart.o(i.USART_Init)
    i.USART_ReceiveData                      0x080033cc   Section        0  stm32f10x_usart.o(i.USART_ReceiveData)
    i.USART_SendData                         0x080033d6   Section        0  stm32f10x_usart.o(i.USART_SendData)
    i.UsageFault_Handler                     0x080033de   Section        0  stm32f10x_it.o(i.UsageFault_Handler)
    i.__0printf                              0x080033e4   Section        0  printfa.o(i.__0printf)
    i.__scatterload_copy                     0x08003404   Section       14  handlers.o(i.__scatterload_copy)
    i.__scatterload_null                     0x08003412   Section        2  handlers.o(i.__scatterload_null)
    i.__scatterload_zeroinit                 0x08003414   Section       14  handlers.o(i.__scatterload_zeroinit)
    i._fp_digits                             0x08003424   Section        0  printfa.o(i._fp_digits)
    _fp_digits                               0x08003425   Thumb Code   326  printfa.o(i._fp_digits)
    i._printf_core                           0x08003580   Section        0  printfa.o(i._printf_core)
    _printf_core                             0x08003581   Thumb Code  1762  printfa.o(i._printf_core)
    i._printf_post_padding                   0x08003c70   Section        0  printfa.o(i._printf_post_padding)
    _printf_post_padding                     0x08003c71   Thumb Code    38  printfa.o(i._printf_post_padding)
    i._printf_pre_padding                    0x08003c96   Section        0  printfa.o(i._printf_pre_padding)
    _printf_pre_padding                      0x08003c97   Thumb Code    48  printfa.o(i._printf_pre_padding)
    i.bsp_DelayUS                            0x08003cc8   Section        0  bsp_ds18b20.o(i.bsp_DelayUS)
    i.fputc                                  0x08003cf8   Section        0  bsp_usart1.o(i.fputc)
    i.main                                   0x08003d2c   Section        0  main.o(i.main)
    i.prvResetNextTaskUnblockTime            0x08004444   Section        0  tasks.o(i.prvResetNextTaskUnblockTime)
    prvResetNextTaskUnblockTime              0x08004445   Thumb Code    42  tasks.o(i.prvResetNextTaskUnblockTime)
    i.uxListRemove                           0x08004478   Section        0  list.o(i.uxListRemove)
    i.vListInsertEnd                         0x080044a0   Section        0  list.o(i.vListInsertEnd)
    i.vTaskSwitchContext                     0x080044b8   Section        0  tasks.o(i.vTaskSwitchContext)
    i.xPortSysTickHandler                    0x08004558   Section        0  port.o(i.xPortSysTickHandler)
    i.xTaskIncrementTick                     0x0800458c   Section        0  tasks.o(i.xTaskIncrementTick)
    .data                                    0x20000000   Section       20  system_stm32f10x.o(.data)
    .data                                    0x20000014   Section       20  stm32f10x_rcc.o(.data)
    APBAHBPrescTable                         0x20000014   Data          16  stm32f10x_rcc.o(.data)
    ADCPrescTable                            0x20000024   Data           4  stm32f10x_rcc.o(.data)
    .data                                    0x20000028   Section      852  main.o(.data)
    pcTextForTask1                           0x20000354   Data           4  main.o(.data)
    pcTextForTask2                           0x20000358   Data           4  main.o(.data)
    temperature_7051                         0x20000368   Data           8  main.o(.data)
    .data                                    0x2000037c   Section        4  stm32f10x_it.o(.data)
    .data                                    0x20000380   Section        4  bsp_ds18b20.o(.data)
    .data                                    0x20000384   Section       68  tasks.o(.data)
    uxDeletedTasksWaitingCleanUp             0x20000388   Data           4  tasks.o(.data)
    uxCurrentNumberOfTasks                   0x2000038c   Data           4  tasks.o(.data)
    xTickCount                               0x20000390   Data           4  tasks.o(.data)
    uxTopReadyPriority                       0x20000394   Data           4  tasks.o(.data)
    xSchedulerRunning                        0x20000398   Data           4  tasks.o(.data)
    uxPendedTicks                            0x2000039c   Data           4  tasks.o(.data)
    xYieldPending                            0x200003a0   Data           4  tasks.o(.data)
    xNumOfOverflows                          0x200003a4   Data           4  tasks.o(.data)
    uxTaskNumber                             0x200003a8   Data           4  tasks.o(.data)
    xNextTaskUnblockTime                     0x200003ac   Data           4  tasks.o(.data)
    xIdleTaskHandle                          0x200003b0   Data           4  tasks.o(.data)
    uxSchedulerSuspended                     0x200003b4   Data           4  tasks.o(.data)
    ulTaskSwitchedInTime                     0x200003b8   Data           4  tasks.o(.data)
    ulTotalRunTime                           0x200003bc   Data           4  tasks.o(.data)
    pxDelayedTaskList                        0x200003c0   Data           4  tasks.o(.data)
    pxOverflowDelayedTaskList                0x200003c4   Data           4  tasks.o(.data)
    .data                                    0x200003c8   Section        4  stdout.o(.data)
    .bss                                     0x200003cc   Section     7552  main.o(.bss)
    temp_cal                                 0x20001da8   Data         800  main.o(.bss)
    .bss                                     0x2000214c   Section      200  tasks.o(.bss)
    pxReadyTasksLists                        0x2000214c   Data         100  tasks.o(.bss)
    xDelayedTaskList1                        0x200021b0   Data          20  tasks.o(.bss)
    xDelayedTaskList2                        0x200021c4   Data          20  tasks.o(.bss)
    xPendingReadyList                        0x200021d8   Data          20  tasks.o(.bss)
    xTasksWaitingTermination                 0x200021ec   Data          20  tasks.o(.bss)
    xSuspendedTaskList                       0x20002200   Data          20  tasks.o(.bss)
    STACK                                    0x20002218   Section     1024  startup_stm32f10x_hd.o(STACK)

    Global Symbols

    Symbol Name                              Value     Ov Type        Size  Object(Section)

    BuildAttributes$$THM_ISAv4$P$D$K$B$S$PE$A:L22UL41UL21$X:L11$S22US41US21$IEEE1$IW$USESV6$~STKCKD$USESV7$~SHL$OTIME$ROPI$EBA8$MICROLIB$REQ8$PRES8$EABIv2 0x00000000   Number         0  anon$$obj.o ABSOLUTE
    __ARM_use_no_argv                        0x00000000   Number         0  main.o ABSOLUTE
    _printf_a                                0x00000000   Number         0  stubs.o ABSOLUTE
    _printf_c                                0x00000000   Number         0  stubs.o ABSOLUTE
    _printf_charcount                        0x00000000   Number         0  stubs.o ABSOLUTE
    _printf_d                                0x00000000   Number         0  stubs.o ABSOLUTE
    _printf_e                                0x00000000   Number         0  stubs.o ABSOLUTE
    _printf_f                                0x00000000   Number         0  stubs.o ABSOLUTE
    _printf_flags                            0x00000000   Number         0  stubs.o ABSOLUTE
    _printf_fp_dec                           0x00000000   Number         0  stubs.o ABSOLUTE
    _printf_fp_hex                           0x00000000   Number         0  stubs.o ABSOLUTE
    _printf_g                                0x00000000   Number         0  stubs.o ABSOLUTE
    _printf_i                                0x00000000   Number         0  stubs.o ABSOLUTE
    _printf_int_dec                          0x00000000   Number         0  stubs.o ABSOLUTE
    _printf_l                                0x00000000   Number         0  stubs.o ABSOLUTE
    _printf_lc                               0x00000000   Number         0  stubs.o ABSOLUTE
    _printf_ll                               0x00000000   Number         0  stubs.o ABSOLUTE
    _printf_lld                              0x00000000   Number         0  stubs.o ABSOLUTE
    _printf_lli                              0x00000000   Number         0  stubs.o ABSOLUTE
    _printf_llo                              0x00000000   Number         0  stubs.o ABSOLUTE
    _printf_llu                              0x00000000   Number         0  stubs.o ABSOLUTE
    _printf_llx                              0x00000000   Number         0  stubs.o ABSOLUTE
    _printf_longlong_dec                     0x00000000   Number         0  stubs.o ABSOLUTE
    _printf_longlong_hex                     0x00000000   Number         0  stubs.o ABSOLUTE
    _printf_longlong_oct                     0x00000000   Number         0  stubs.o ABSOLUTE
    _printf_ls                               0x00000000   Number         0  stubs.o ABSOLUTE
    _printf_mbtowc                           0x00000000   Number         0  stubs.o ABSOLUTE
    _printf_n                                0x00000000   Number         0  stubs.o ABSOLUTE
    _printf_o                                0x00000000   Number         0  stubs.o ABSOLUTE
    _printf_p                                0x00000000   Number         0  stubs.o ABSOLUTE
    _printf_percent                          0x00000000   Number         0  stubs.o ABSOLUTE
    _printf_pre_padding                      0x00000000   Number         0  stubs.o ABSOLUTE
    _printf_return_value                     0x00000000   Number         0  stubs.o ABSOLUTE
    _printf_s                                0x00000000   Number         0  stubs.o ABSOLUTE
    _printf_sizespec                         0x00000000   Number         0  stubs.o ABSOLUTE
    _printf_str                              0x00000000   Number         0  stubs.o ABSOLUTE
    _printf_truncate_signed                  0x00000000   Number         0  stubs.o ABSOLUTE
    _printf_truncate_unsigned                0x00000000   Number         0  stubs.o ABSOLUTE
    _printf_u                                0x00000000   Number         0  stubs.o ABSOLUTE
    _printf_wc                               0x00000000   Number         0  stubs.o ABSOLUTE
    _printf_wctomb                           0x00000000   Number         0  stubs.o ABSOLUTE
    _printf_widthprec                        0x00000000   Number         0  stubs.o ABSOLUTE
    _printf_x                                0x00000000   Number         0  stubs.o ABSOLUTE
    __cpp_initialize__aeabi_                  - Undefined Weak Reference
    __cxa_finalize                            - Undefined Weak Reference
    _clock_init                               - Undefined Weak Reference
    _microlib_exit                            - Undefined Weak Reference
    __Vectors_Size                           0x00000130   Number         0  startup_stm32f10x_hd.o ABSOLUTE
    __Vectors                                0x08000000   Data           4  startup_stm32f10x_hd.o(RESET)
    __Vectors_End                            0x08000130   Data           0  startup_stm32f10x_hd.o(RESET)
    __main                                   0x08000131   Thumb Code     0  entry.o(.ARM.Collect$$$$00000000)
    _main_stk                                0x08000131   Thumb Code     0  entry2.o(.ARM.Collect$$$$00000001)
    _main_scatterload                        0x08000135   Thumb Code     0  entry5.o(.ARM.Collect$$$$00000004)
    __main_after_scatterload                 0x08000139   Thumb Code     0  entry5.o(.ARM.Collect$$$$00000004)
    _main_clock                              0x08000139   Thumb Code     0  entry7b.o(.ARM.Collect$$$$00000008)
    _main_cpp_init                           0x08000139   Thumb Code     0  entry8b.o(.ARM.Collect$$$$0000000A)
    _main_init                               0x08000139   Thumb Code     0  entry9a.o(.ARM.Collect$$$$0000000B)
    __rt_final_cpp                           0x08000141   Thumb Code     0  entry10a.o(.ARM.Collect$$$$0000000D)
    __rt_final_exit                          0x08000141   Thumb Code     0  entry11a.o(.ARM.Collect$$$$0000000F)
    vPortSVCHandler                          0x08000145   Thumb Code    32  port.o(.emb_text)
    __asm___6_port_c_39a90d8d__prvStartFirstTask 0x08000169   Thumb Code    28  port.o(.emb_text)
    xPortPendSVHandler                       0x08000189   Thumb Code    72  port.o(.emb_text)
    vPortGetIPSR                             0x080001d5   Thumb Code     6  port.o(.emb_text)
    Reset_Handler                            0x080001dd   Thumb Code     8  startup_stm32f10x_hd.o(.text)
    ADC1_2_IRQHandler                        0x080001f7   Thumb Code     0  startup_stm32f10x_hd.o(.text)
    ADC3_IRQHandler                          0x080001f7   Thumb Code     0  startup_stm32f10x_hd.o(.text)
    CAN1_RX1_IRQHandler                      0x080001f7   Thumb Code     0  startup_stm32f10x_hd.o(.text)
    CAN1_SCE_IRQHandler                      0x080001f7   Thumb Code     0  startup_stm32f10x_hd.o(.text)
    DMA1_Channel1_IRQHandler                 0x080001f7   Thumb Code     0  startup_stm32f10x_hd.o(.text)
    DMA1_Channel2_IRQHandler                 0x080001f7   Thumb Code     0  startup_stm32f10x_hd.o(.text)
    DMA1_Channel3_IRQHandler                 0x080001f7   Thumb Code     0  startup_stm32f10x_hd.o(.text)
    DMA1_Channel4_IRQHandler                 0x080001f7   Thumb Code     0  startup_stm32f10x_hd.o(.text)
    DMA1_Channel5_IRQHandler                 0x080001f7   Thumb Code     0  startup_stm32f10x_hd.o(.text)
    DMA1_Channel6_IRQHandler                 0x080001f7   Thumb Code     0  startup_stm32f10x_hd.o(.text)
    DMA1_Channel7_IRQHandler                 0x080001f7   Thumb Code     0  startup_stm32f10x_hd.o(.text)
    DMA2_Channel1_IRQHandler                 0x080001f7   Thumb Code     0  startup_stm32f10x_hd.o(.text)
    DMA2_Channel2_IRQHandler                 0x080001f7   Thumb Code     0  startup_stm32f10x_hd.o(.text)
    DMA2_Channel3_IRQHandler                 0x080001f7   Thumb Code     0  startup_stm32f10x_hd.o(.text)
    DMA2_Channel4_5_IRQHandler               0x080001f7   Thumb Code     0  startup_stm32f10x_hd.o(.text)
    EXTI0_IRQHandler                         0x080001f7   Thumb Code     0  startup_stm32f10x_hd.o(.text)
    EXTI15_10_IRQHandler                     0x080001f7   Thumb Code     0  startup_stm32f10x_hd.o(.text)
    EXTI1_IRQHandler                         0x080001f7   Thumb Code     0  startup_stm32f10x_hd.o(.text)
    EXTI2_IRQHandler                         0x080001f7   Thumb Code     0  startup_stm32f10x_hd.o(.text)
    EXTI3_IRQHandler                         0x080001f7   Thumb Code     0  startup_stm32f10x_hd.o(.text)
    EXTI4_IRQHandler                         0x080001f7   Thumb Code     0  startup_stm32f10x_hd.o(.text)
    EXTI9_5_IRQHandler                       0x080001f7   Thumb Code     0  startup_stm32f10x_hd.o(.text)
    FLASH_IRQHandler                         0x080001f7   Thumb Code     0  startup_stm32f10x_hd.o(.text)
    FSMC_IRQHandler                          0x080001f7   Thumb Code     0  startup_stm32f10x_hd.o(.text)
    I2C1_ER_IRQHandler                       0x080001f7   Thumb Code     0  startup_stm32f10x_hd.o(.text)
    I2C1_EV_IRQHandler                       0x080001f7   Thumb Code     0  startup_stm32f10x_hd.o(.text)
    I2C2_ER_IRQHandler                       0x080001f7   Thumb Code     0  startup_stm32f10x_hd.o(.text)
    I2C2_EV_IRQHandler                       0x080001f7   Thumb Code     0  startup_stm32f10x_hd.o(.text)
    PVD_IRQHandler                           0x080001f7   Thumb Code     0  startup_stm32f10x_hd.o(.text)
    RCC_IRQHandler                           0x080001f7   Thumb Code     0  startup_stm32f10x_hd.o(.text)
    RTCAlarm_IRQHandler                      0x080001f7   Thumb Code     0  startup_stm32f10x_hd.o(.text)
    RTC_IRQHandler                           0x080001f7   Thumb Code     0  startup_stm32f10x_hd.o(.text)
    SDIO_IRQHandler                          0x080001f7   Thumb Code     0  startup_stm32f10x_hd.o(.text)
    SPI1_IRQHandler                          0x080001f7   Thumb Code     0  startup_stm32f10x_hd.o(.text)
    SPI2_IRQHandler                          0x080001f7   Thumb Code     0  startup_stm32f10x_hd.o(.text)
    SPI3_IRQHandler                          0x080001f7   Thumb Code     0  startup_stm32f10x_hd.o(.text)
    TAMPER_IRQHandler                        0x080001f7   Thumb Code     0  startup_stm32f10x_hd.o(.text)
    TIM1_BRK_IRQHandler                      0x080001f7   Thumb Code     0  startup_stm32f10x_hd.o(.text)
    TIM1_CC_IRQHandler                       0x080001f7   Thumb Code     0  startup_stm32f10x_hd.o(.text)
    TIM1_TRG_COM_IRQHandler                  0x080001f7   Thumb Code     0  startup_stm32f10x_hd.o(.text)
    TIM1_UP_IRQHandler                       0x080001f7   Thumb Code     0  startup_stm32f10x_hd.o(.text)
    TIM2_IRQHandler                          0x080001f7   Thumb Code     0  startup_stm32f10x_hd.o(.text)
    TIM3_IRQHandler                          0x080001f7   Thumb Code     0  startup_stm32f10x_hd.o(.text)
    TIM4_IRQHandler                          0x080001f7   Thumb Code     0  startup_stm32f10x_hd.o(.text)
    TIM5_IRQHandler                          0x080001f7   Thumb Code     0  startup_stm32f10x_hd.o(.text)
    TIM6_IRQHandler                          0x080001f7   Thumb Code     0  startup_stm32f10x_hd.o(.text)
    TIM7_IRQHandler                          0x080001f7   Thumb Code     0  startup_stm32f10x_hd.o(.text)
    TIM8_BRK_IRQHandler                      0x080001f7   Thumb Code     0  startup_stm32f10x_hd.o(.text)
    TIM8_CC_IRQHandler                       0x080001f7   Thumb Code     0  startup_stm32f10x_hd.o(.text)
    TIM8_TRG_COM_IRQHandler                  0x080001f7   Thumb Code     0  startup_stm32f10x_hd.o(.text)
    TIM8_UP_IRQHandler                       0x080001f7   Thumb Code     0  startup_stm32f10x_hd.o(.text)
    UART4_IRQHandler                         0x080001f7   Thumb Code     0  startup_stm32f10x_hd.o(.text)
    UART5_IRQHandler                         0x080001f7   Thumb Code     0  startup_stm32f10x_hd.o(.text)
    USART2_IRQHandler                        0x080001f7   Thumb Code     0  startup_stm32f10x_hd.o(.text)
    USART3_IRQHandler                        0x080001f7   Thumb Code     0  startup_stm32f10x_hd.o(.text)
    USBWakeUp_IRQHandler                     0x080001f7   Thumb Code     0  startup_stm32f10x_hd.o(.text)
    USB_HP_CAN1_TX_IRQHandler                0x080001f7   Thumb Code     0  startup_stm32f10x_hd.o(.text)
    USB_LP_CAN1_RX0_IRQHandler               0x080001f7   Thumb Code     0  startup_stm32f10x_hd.o(.text)
    WWDG_IRQHandler                          0x080001f7   Thumb Code     0  startup_stm32f10x_hd.o(.text)
    __aeabi_fadd                             0x08000201   Thumb Code   164  fadd.o(.text)
    __aeabi_fsub                             0x080002a5   Thumb Code     6  fadd.o(.text)
    __aeabi_frsub                            0x080002ab   Thumb Code     6  fadd.o(.text)
    __aeabi_fdiv                             0x080002b1   Thumb Code   128  fdiv.o(.text)
    __aeabi_dadd                             0x08000331   Thumb Code   322  dadd.o(.text)
    __aeabi_dsub                             0x08000473   Thumb Code     6  dadd.o(.text)
    __aeabi_drsub                            0x08000479   Thumb Code     6  dadd.o(.text)
    __aeabi_dmul                             0x0800047f   Thumb Code   228  dmul.o(.text)
    __aeabi_ddiv                             0x08000563   Thumb Code   222  ddiv.o(.text)
    __aeabi_i2d                              0x08000641   Thumb Code    34  dflti.o(.text)
    __aeabi_f2d                              0x08000663   Thumb Code    38  f2d.o(.text)
    __aeabi_d2f                              0x08000689   Thumb Code    56  d2f.o(.text)
    __aeabi_uidiv                            0x080006c1   Thumb Code     0  uidiv.o(.text)
    __aeabi_uidivmod                         0x080006c1   Thumb Code    44  uidiv.o(.text)
    __aeabi_uldivmod                         0x080006ed   Thumb Code    98  uldiv.o(.text)
    __aeabi_llsl                             0x0800074f   Thumb Code    30  llshl.o(.text)
    _ll_shift_l                              0x0800074f   Thumb Code     0  llshl.o(.text)
    __aeabi_lasr                             0x0800076d   Thumb Code    36  llsshr.o(.text)
    _ll_sshift_r                             0x0800076d   Thumb Code     0  llsshr.o(.text)
    __I$use$fp                               0x08000791   Thumb Code     0  iusefp.o(.text)
    _float_round                             0x08000791   Thumb Code    18  fepilogue.o(.text)
    _float_epilogue                          0x080007a3   Thumb Code    90  fepilogue.o(.text)
    _double_round                            0x080007fd   Thumb Code    26  depilogue.o(.text)
    _double_epilogue                         0x08000817   Thumb Code   164  depilogue.o(.text)
    __aeabi_d2ulz                            0x080008bb   Thumb Code    48  dfixul.o(.text)
    __aeabi_cdrcmple                         0x080008ed   Thumb Code    38  cdrcmple.o(.text)
    __scatterload                            0x08000915   Thumb Code    28  init.o(.text)
    __scatterload_rt2                        0x08000915   Thumb Code     0  init.o(.text)
    __aeabi_llsr                             0x08000939   Thumb Code    32  llushr.o(.text)
    _ll_ushift_r                             0x08000939   Thumb Code     0  llushr.o(.text)
    __decompress                             0x08000959   Thumb Code     0  __dczerorl2.o(.text)
    __decompress1                            0x08000959   Thumb Code    92  __dczerorl2.o(.text)
    Array_ROM_Read                           0x080009b5   Thumb Code   246  bsp_ds18b20.o(i.Array_ROM_Read)
    Array_Temp_Read_MUX                      0x08000b09   Thumb Code   232  bsp_ds18b20.o(i.Array_Temp_Read_MUX)
    Array_Temp_Read_MUX_47                   0x08000bf5   Thumb Code   228  bsp_ds18b20.o(i.Array_Temp_Read_MUX_47)
    Array_Temp_Read_MUX_7                    0x08000ce1   Thumb Code   224  bsp_ds18b20.o(i.Array_Temp_Read_MUX_7)
    Board_SEL                                0x08000dc9   Thumb Code  2468  bsp_ds18b20.o(i.Board_SEL)
    BusFault_Handler                         0x08001775   Thumb Code     4  stm32f10x_it.o(i.BusFault_Handler)
    Check_7051_4_47                          0x08001779   Thumb Code    54  bsp_ds18b20.o(i.Check_7051_4_47)
    Check_Temp_4_47                          0x080017f5   Thumb Code    86  bsp_ds18b20.o(i.Check_Temp_4_47)
    DQ_Read_Byte                             0x08001901   Thumb Code    42  bsp_ds18b20.o(i.DQ_Read_Byte)
    DQ_Read_Rom_Code                         0x0800192d   Thumb Code    64  bsp_ds18b20.o(i.DQ_Read_Rom_Code)
    DQ_Recall_PAGE1                          0x08001971   Thumb Code    50  bsp_ds18b20.o(i.DQ_Recall_PAGE1)
    DQ_Write_Byte                            0x080019bb   Thumb Code    14  bsp_ds18b20.o(i.DQ_Write_Byte)
    DebugMon_Handler                         0x080019c9   Thumb Code     2  stm32f10x_it.o(i.DebugMon_Handler)
    GPIO_Config                              0x080019cb   Thumb Code   116  bsp_ds18b20.o(i.GPIO_Config)
    GPIO_Init                                0x08001a3f   Thumb Code   274  stm32f10x_gpio.o(i.GPIO_Init)
    GPIO_ReadInputDataBit                    0x08001b51   Thumb Code    18  stm32f10x_gpio.o(i.GPIO_ReadInputDataBit)
    GPIO_ResetBits                           0x08001b63   Thumb Code     4  stm32f10x_gpio.o(i.GPIO_ResetBits)
    GPIO_SetBits                             0x08001b67   Thumb Code     4  stm32f10x_gpio.o(i.GPIO_SetBits)
    HardFault_Handler                        0x08001b6d   Thumb Code    16  stm32f10x_it.o(i.HardFault_Handler)
    I2C2_Init                                0x08001b81   Thumb Code   120  bsp_iic2.o(i.I2C2_Init)
    I2C_AcknowledgeConfig                    0x08001c05   Thumb Code    24  stm32f10x_i2c.o(i.I2C_AcknowledgeConfig)
    I2C_CheckEvent                           0x08001c1d   Thumb Code    42  stm32f10x_i2c.o(i.I2C_CheckEvent)
    I2C_Cmd                                  0x08001c47   Thumb Code    24  stm32f10x_i2c.o(i.I2C_Cmd)
    I2C_DeInit                               0x08001c61   Thumb Code    50  stm32f10x_i2c.o(i.I2C_DeInit)
    I2C_GenerateSTART                        0x08001c99   Thumb Code    24  stm32f10x_i2c.o(i.I2C_GenerateSTART)
    I2C_GenerateSTOP                         0x08001cb1   Thumb Code    24  stm32f10x_i2c.o(i.I2C_GenerateSTOP)
    I2C_GetFlagStatus                        0x08001cc9   Thumb Code    58  stm32f10x_i2c.o(i.I2C_GetFlagStatus)
    I2C_Init                                 0x08001d05   Thumb Code   222  stm32f10x_i2c.o(i.I2C_Init)
    I2C_ReceiveData                          0x08001df1   Thumb Code     8  stm32f10x_i2c.o(i.I2C_ReceiveData)
    I2C_Send7bitAddress                      0x08001df9   Thumb Code    18  stm32f10x_i2c.o(i.I2C_Send7bitAddress)
    I2C_SendData                             0x08001e0b   Thumb Code     4  stm32f10x_i2c.o(i.I2C_SendData)
    MUX1_EN                                  0x08001eb9   Thumb Code    34  bsp_ds18b20.o(i.MUX1_EN)
    MUX2_EN                                  0x08001ee1   Thumb Code    34  bsp_ds18b20.o(i.MUX2_EN)
    MUX3_EN                                  0x08001f09   Thumb Code    34  bsp_ds18b20.o(i.MUX3_EN)
    MUX4_EN                                  0x08001f31   Thumb Code    34  bsp_ds18b20.o(i.MUX4_EN)
    MUX5_EN                                  0x08001f59   Thumb Code    34  bsp_ds18b20.o(i.MUX5_EN)
    MUX6_EN                                  0x08001f81   Thumb Code    34  bsp_ds18b20.o(i.MUX6_EN)
    MUX7_EN                                  0x08001fa9   Thumb Code    34  bsp_ds18b20.o(i.MUX7_EN)
    MUX_18B20_OUT_Read_Byte                  0x080020dd   Thumb Code    34  bsp_ds18b20.o(i.MUX_18B20_OUT_Read_Byte)
    MUX_18B20_OUT_Read_Temperaure_Skip       0x08002101   Thumb Code   164  bsp_ds18b20.o(i.MUX_18B20_OUT_Read_Temperaure_Skip)
    MUX_18B20_OUT_Read_Temperaure_Skip_7     0x080021a9   Thumb Code   164  bsp_ds18b20.o(i.MUX_18B20_OUT_Read_Temperaure_Skip_7)
    MUX_18B20_OUT_Write_Byte                 0x0800227d   Thumb Code    88  bsp_ds18b20.o(i.MUX_18B20_OUT_Write_Byte)
    MUX_Channel_SEL                          0x080022d9   Thumb Code   748  bsp_ds18b20.o(i.MUX_Channel_SEL)
    MemManage_Handler                        0x080026ad   Thumb Code     4  stm32f10x_it.o(i.MemManage_Handler)
    NMI_Handler                              0x080026b1   Thumb Code     2  stm32f10x_it.o(i.NMI_Handler)
    NVIC_Configuration                       0x080026b3   Thumb Code    40  main.o(i.NVIC_Configuration)
    NVIC_Init                                0x080026dd   Thumb Code   102  misc.o(i.NVIC_Init)
    NVIC_PriorityGroupConfig                 0x08002751   Thumb Code    10  misc.o(i.NVIC_PriorityGroupConfig)
    Print_Check_Temp                         0x08002801   Thumb Code    64  bsp_ds18b20.o(i.Print_Check_Temp)
    RCC_APB1PeriphClockCmd                   0x0800286d   Thumb Code    26  stm32f10x_rcc.o(i.RCC_APB1PeriphClockCmd)
    RCC_APB1PeriphResetCmd                   0x0800288d   Thumb Code    26  stm32f10x_rcc.o(i.RCC_APB1PeriphResetCmd)
    RCC_APB2PeriphClockCmd                   0x080028ad   Thumb Code    26  stm32f10x_rcc.o(i.RCC_APB2PeriphClockCmd)
    RCC_GetClocksFreq                        0x080028cd   Thumb Code   192  stm32f10x_rcc.o(i.RCC_GetClocksFreq)
    Ref_Temp_Get_7051_47                     0x080029a1   Thumb Code    54  bsp_ds18b20.o(i.Ref_Temp_Get_7051_47)
    Ref_Temp_Get_7051_7                      0x080029dd   Thumb Code    54  bsp_ds18b20.o(i.Ref_Temp_Get_7051_7)
    Return_7051_Tmp                          0x08002a19   Thumb Code   290  bsp_iic2.o(i.Return_7051_Tmp)
    SysTick_Init                             0x08002fc1   Thumb Code   106  bsp_systick.o(i.SysTick_Init)
    SystemInit                               0x0800303d   Thumb Code    78  system_stm32f10x.o(i.SystemInit)
    USART1_Config                            0x0800309d   Thumb Code   134  bsp_usart1.o(i.USART1_Config)
    USART1_IRQHandler                        0x0800312d   Thumb Code   238  stm32f10x_it.o(i.USART1_IRQHandler)
    USART_Cmd                                0x08003225   Thumb Code    24  stm32f10x_usart.o(i.USART_Cmd)
    USART_GetFlagStatus                      0x0800323d   Thumb Code    26  stm32f10x_usart.o(i.USART_GetFlagStatus)
    USART_GetITStatus                        0x08003257   Thumb Code    84  stm32f10x_usart.o(i.USART_GetITStatus)
    USART_ITConfig                           0x080032ab   Thumb Code    74  stm32f10x_usart.o(i.USART_ITConfig)
    USART_Init                               0x080032f5   Thumb Code   210  stm32f10x_usart.o(i.USART_Init)
    USART_ReceiveData                        0x080033cd   Thumb Code    10  stm32f10x_usart.o(i.USART_ReceiveData)
    USART_SendData                           0x080033d7   Thumb Code     8  stm32f10x_usart.o(i.USART_SendData)
    UsageFault_Handler                       0x080033df   Thumb Code     4  stm32f10x_it.o(i.UsageFault_Handler)
    __0printf                                0x080033e5   Thumb Code    22  printfa.o(i.__0printf)
    __1printf                                0x080033e5   Thumb Code     0  printfa.o(i.__0printf)
    __2printf                                0x080033e5   Thumb Code     0  printfa.o(i.__0printf)
    __c89printf                              0x080033e5   Thumb Code     0  printfa.o(i.__0printf)
    printf                                   0x080033e5   Thumb Code     0  printfa.o(i.__0printf)
    __scatterload_copy                       0x08003405   Thumb Code    14  handlers.o(i.__scatterload_copy)
    __scatterload_null                       0x08003413   Thumb Code     2  handlers.o(i.__scatterload_null)
    __scatterload_zeroinit                   0x08003415   Thumb Code    14  handlers.o(i.__scatterload_zeroinit)
    bsp_DelayUS                              0x08003cc9   Thumb Code    36  bsp_ds18b20.o(i.bsp_DelayUS)
    fputc                                    0x08003cf9   Thumb Code    46  bsp_usart1.o(i.fputc)
    main                                     0x08003d2d   Thumb Code  1688  main.o(i.main)
    uxListRemove                             0x08004479   Thumb Code    40  list.o(i.uxListRemove)
    vListInsertEnd                           0x080044a1   Thumb Code    24  list.o(i.vListInsertEnd)
    vTaskSwitchContext                       0x080044b9   Thumb Code   128  tasks.o(i.vTaskSwitchContext)
    xPortSysTickHandler                      0x08004559   Thumb Code    46  port.o(i.xPortSysTickHandler)
    xTaskIncrementTick                       0x0800458d   Thumb Code   238  tasks.o(i.xTaskIncrementTick)
    Region$$Table$$Base                      0x080046a8   Number         0  anon$$obj.o(Region$$Table)
    Region$$Table$$Limit                     0x080046c8   Number         0  anon$$obj.o(Region$$Table)
    SystemCoreClock                          0x20000000   Data           4  system_stm32f10x.o(.data)
    AHBPrescTable                            0x20000004   Data          16  system_stm32f10x.o(.data)
    serial_rom                               0x20000028   Data           8  main.o(.data)
    rom_num                                  0x20000030   Data           1  main.o(.data)
    ROM_Buff                                 0x20000031   Data         800  main.o(.data)
    aa                                       0x2000035c   Data           4  main.o(.data)
    bb                                       0x20000360   Data           4  main.o(.data)
    TEMP_Buff                                0x20000364   Data           2  main.o(.data)
    temperature_7051_now                     0x20000370   Data           4  main.o(.data)
    serial                                   0x20000374   Data           8  main.o(.data)
    FUNC                                     0x2000037c   Data           4  stm32f10x_it.o(.data)
    ulHighFrequencyTimerTicks                0x20000380   Data           4  bsp_ds18b20.o(.data)
    pxCurrentTCB                             0x20000384   Data           4  tasks.o(.data)
    __stdout                                 0x200003c8   Data           4  stdout.o(.data)
    ID_Buff                                  0x200003cc   Data         800  main.o(.bss)
    PARA_Buff                                0x200006ec   Data         800  main.o(.bss)
    Scrpad_Buff                              0x20000a0c   Data         900  main.o(.bss)
    Scrpad_Ext_Buff                          0x20000d90   Data         600  main.o(.bss)
    TEMP_TRANS_Buff_now                      0x20000fe8   Data         800  main.o(.bss)
    TEMP_TRANS_Buff                          0x20001308   Data         800  main.o(.bss)
    TEMP_TRANS_Buff_Calibre                  0x20001628   Data         800  main.o(.bss)
    TEMP_TRANS_Buff_27                       0x20001948   Data         400  main.o(.bss)
    TMP116_Buff                              0x20001ad8   Data         160  main.o(.bss)
    SI7051_Buff                              0x20001b78   Data         160  main.o(.bss)
    temp_cal_res                             0x20001c18   Data         400  main.o(.bss)
    serial_test                              0x200020c8   Data           9  main.o(.bss)
    temp                                     0x200020d2   Data          16  main.o(.bss)
    temp_hi                                  0x200020e2   Data          32  main.o(.bss)
    temp_lo                                  0x20002102   Data          32  main.o(.bss)
    array                                    0x20002124   Data          40  main.o(.bss)
    __initial_sp                             0x20002618   Data           0  startup_stm32f10x_hd.o(STACK)



==============================================================================

Memory Map of the image

  Image Entry point : 0x08000131

  Load Region LR_IROM1 (Base: 0x08000000, Size: 0x00004a94, Max: 0x00020000, ABSOLUTE, COMPRESSED[0x000046fc])

    Execution Region ER_IROM1 (Base: 0x08000000, Size: 0x000046c8, Max: 0x00020000, ABSOLUTE)

    Base Addr    Size         Type   Attr      Idx    E Section Name        Object

    0x08000000   0x00000130   Data   RO            3    RESET               startup_stm32f10x_hd.o
    0x08000130   0x00000000   Code   RO         4640  * .ARM.Collect$$$$00000000  mc_w.l(entry.o)
    0x08000130   0x00000004   Code   RO         4940    .ARM.Collect$$$$00000001  mc_w.l(entry2.o)
    0x08000134   0x00000004   Code   RO         4943    .ARM.Collect$$$$00000004  mc_w.l(entry5.o)
    0x08000138   0x00000000   Code   RO         4945    .ARM.Collect$$$$00000008  mc_w.l(entry7b.o)
    0x08000138   0x00000000   Code   RO         4947    .ARM.Collect$$$$0000000A  mc_w.l(entry8b.o)
    0x08000138   0x00000008   Code   RO         4948    .ARM.Collect$$$$0000000B  mc_w.l(entry9a.o)
    0x08000140   0x00000000   Code   RO         4950    .ARM.Collect$$$$0000000D  mc_w.l(entry10a.o)
    0x08000140   0x00000000   Code   RO         4952    .ARM.Collect$$$$0000000F  mc_w.l(entry11a.o)
    0x08000140   0x00000004   Code   RO         4941    .ARM.Collect$$$$00002712  mc_w.l(entry2.o)
    0x08000144   0x00000096   Code   RO         4072    .emb_text           port.o
    0x080001da   0x00000002   PAD
    0x080001dc   0x00000024   Code   RO            4    .text               startup_stm32f10x_hd.o
    0x08000200   0x000000b0   Code   RO         4914    .text               mf_w.l(fadd.o)
    0x080002b0   0x00000080   Code   RO         4918    .text               mf_w.l(fdiv.o)
    0x08000330   0x0000014e   Code   RO         4920    .text               mf_w.l(dadd.o)
    0x0800047e   0x000000e4   Code   RO         4922    .text               mf_w.l(dmul.o)
    0x08000562   0x000000de   Code   RO         4924    .text               mf_w.l(ddiv.o)
    0x08000640   0x00000022   Code   RO         4928    .text               mf_w.l(dflti.o)
    0x08000662   0x00000026   Code   RO         4932    .text               mf_w.l(f2d.o)
    0x08000688   0x00000038   Code   RO         4934    .text               mf_w.l(d2f.o)
    0x080006c0   0x0000002c   Code   RO         4955    .text               mc_w.l(uidiv.o)
    0x080006ec   0x00000062   Code   RO         4957    .text               mc_w.l(uldiv.o)
    0x0800074e   0x0000001e   Code   RO         4959    .text               mc_w.l(llshl.o)
    0x0800076c   0x00000024   Code   RO         4961    .text               mc_w.l(llsshr.o)
    0x08000790   0x00000000   Code   RO         4963    .text               mc_w.l(iusefp.o)
    0x08000790   0x0000006c   Code   RO         4964    .text               mf_w.l(fepilogue.o)
    0x080007fc   0x000000be   Code   RO         4966    .text               mf_w.l(depilogue.o)
    0x080008ba   0x00000030   Code   RO         4968    .text               mf_w.l(dfixul.o)
    0x080008ea   0x00000002   PAD
    0x080008ec   0x00000028   Code   RO         4970    .text               mf_w.l(cdrcmple.o)
    0x08000914   0x00000024   Code   RO         4972    .text               mc_w.l(init.o)
    0x08000938   0x00000020   Code   RO         4974    .text               mc_w.l(llushr.o)
    0x08000958   0x0000005c   Code   RO         4984    .text               mc_w.l(__dczerorl2.o)
    0x080009b4   0x00000154   Code   RO         3363    i.Array_ROM_Read    bsp_ds18b20.o
    0x08000b08   0x000000ec   Code   RO         3366    i.Array_Temp_Read_MUX  bsp_ds18b20.o
    0x08000bf4   0x000000ec   Code   RO         3367    i.Array_Temp_Read_MUX_47  bsp_ds18b20.o
    0x08000ce0   0x000000e8   Code   RO         3368    i.Array_Temp_Read_MUX_7  bsp_ds18b20.o
    0x08000dc8   0x000009ac   Code   RO         3369    i.Board_SEL         bsp_ds18b20.o
    0x08001774   0x00000004   Code   RO         3208    i.BusFault_Handler  stm32f10x_it.o
    0x08001778   0x0000007c   Code   RO         3371    i.Check_7051_4_47   bsp_ds18b20.o
    0x080017f4   0x000000ac   Code   RO         3372    i.Check_Temp_4_47   bsp_ds18b20.o
    0x080018a0   0x00000030   Code   RO         3377    i.DQ_Presence       bsp_ds18b20.o
    0x080018d0   0x00000030   Code   RO         3379    i.DQ_Read_Bit       bsp_ds18b20.o
    0x08001900   0x0000002a   Code   RO         3380    i.DQ_Read_Byte      bsp_ds18b20.o
    0x0800192a   0x00000002   PAD
    0x0800192c   0x00000044   Code   RO         3382    i.DQ_Read_Rom_Code  bsp_ds18b20.o
    0x08001970   0x00000032   Code   RO         3388    i.DQ_Recall_PAGE1   bsp_ds18b20.o
    0x080019a2   0x00000018   Code   RO         3389    i.DQ_Rst            bsp_ds18b20.o
    0x080019ba   0x0000000e   Code   RO         3392    i.DQ_Write_Byte     bsp_ds18b20.o
    0x080019c8   0x00000002   Code   RO         3209    i.DebugMon_Handler  stm32f10x_it.o
    0x080019ca   0x00000074   Code   RO         3399    i.GPIO_Config       bsp_ds18b20.o
    0x08001a3e   0x00000112   Code   RO         1268    i.GPIO_Init         stm32f10x_gpio.o
    0x08001b50   0x00000012   Code   RO         1272    i.GPIO_ReadInputDataBit  stm32f10x_gpio.o
    0x08001b62   0x00000004   Code   RO         1275    i.GPIO_ResetBits    stm32f10x_gpio.o
    0x08001b66   0x00000004   Code   RO         1276    i.GPIO_SetBits      stm32f10x_gpio.o
    0x08001b6a   0x00000002   PAD
    0x08001b6c   0x00000014   Code   RO         3210    i.HardFault_Handler  stm32f10x_it.o
    0x08001b80   0x00000084   Code   RO         3934    i.I2C2_Init         bsp_iic2.o
    0x08001c04   0x00000018   Code   RO         1377    i.I2C_AcknowledgeConfig  stm32f10x_i2c.o
    0x08001c1c   0x0000002a   Code   RO         1379    i.I2C_CheckEvent    stm32f10x_i2c.o
    0x08001c46   0x00000018   Code   RO         1382    i.I2C_Cmd           stm32f10x_i2c.o
    0x08001c5e   0x00000002   PAD
    0x08001c60   0x00000038   Code   RO         1385    i.I2C_DeInit        stm32f10x_i2c.o
    0x08001c98   0x00000018   Code   RO         1389    i.I2C_GenerateSTART  stm32f10x_i2c.o
    0x08001cb0   0x00000018   Code   RO         1390    i.I2C_GenerateSTOP  stm32f10x_i2c.o
    0x08001cc8   0x0000003a   Code   RO         1391    i.I2C_GetFlagStatus  stm32f10x_i2c.o
    0x08001d02   0x00000002   PAD
    0x08001d04   0x000000ec   Code   RO         1396    i.I2C_Init          stm32f10x_i2c.o
    0x08001df0   0x00000008   Code   RO         1401    i.I2C_ReceiveData   stm32f10x_i2c.o
    0x08001df8   0x00000012   Code   RO         1403    i.I2C_Send7bitAddress  stm32f10x_i2c.o
    0x08001e0a   0x00000004   Code   RO         1404    i.I2C_SendData      stm32f10x_i2c.o
    0x08001e0e   0x00000002   PAD
    0x08001e10   0x00000038   Code   RO         3400    i.M0_GPIO_Config    bsp_ds18b20.o
    0x08001e48   0x00000038   Code   RO         3401    i.M1_GPIO_Config    bsp_ds18b20.o
    0x08001e80   0x00000038   Code   RO         3402    i.M2_GPIO_Config    bsp_ds18b20.o
    0x08001eb8   0x00000028   Code   RO         3403    i.MUX1_EN           bsp_ds18b20.o
    0x08001ee0   0x00000028   Code   RO         3404    i.MUX2_EN           bsp_ds18b20.o
    0x08001f08   0x00000028   Code   RO         3405    i.MUX3_EN           bsp_ds18b20.o
    0x08001f30   0x00000028   Code   RO         3406    i.MUX4_EN           bsp_ds18b20.o
    0x08001f58   0x00000028   Code   RO         3407    i.MUX5_EN           bsp_ds18b20.o
    0x08001f80   0x00000028   Code   RO         3408    i.MUX6_EN           bsp_ds18b20.o
    0x08001fa8   0x00000028   Code   RO         3409    i.MUX7_EN           bsp_ds18b20.o
    0x08001fd0   0x00000034   Code   RO         3410    i.MUX_18B20_OUT_GPIO_Config  bsp_ds18b20.o
    0x08002004   0x0000001c   Code   RO         3411    i.MUX_18B20_OUT_Mode_IPU  bsp_ds18b20.o
    0x08002020   0x00000024   Code   RO         3412    i.MUX_18B20_OUT_Mode_Out_PP  bsp_ds18b20.o
    0x08002044   0x00000058   Code   RO         3413    i.MUX_18B20_OUT_Presence  bsp_ds18b20.o
    0x0800209c   0x00000040   Code   RO         3415    i.MUX_18B20_OUT_Read_Bit  bsp_ds18b20.o
    0x080020dc   0x00000022   Code   RO         3416    i.MUX_18B20_OUT_Read_Byte  bsp_ds18b20.o
    0x080020fe   0x00000002   PAD
    0x08002100   0x000000a8   Code   RO         3419    i.MUX_18B20_OUT_Read_Temperaure_Skip  bsp_ds18b20.o
    0x080021a8   0x000000a8   Code   RO         3420    i.MUX_18B20_OUT_Read_Temperaure_Skip_7  bsp_ds18b20.o
    0x08002250   0x0000002c   Code   RO         3421    i.MUX_18B20_OUT_Rst  bsp_ds18b20.o
    0x0800227c   0x0000005c   Code   RO         3423    i.MUX_18B20_OUT_Write_Byte  bsp_ds18b20.o
    0x080022d8   0x000002f4   Code   RO         3424    i.MUX_Channel_SEL   bsp_ds18b20.o
    0x080025cc   0x00000038   Code   RO         3426    i.MUX_S0_GPIO_Config  bsp_ds18b20.o
    0x08002604   0x00000038   Code   RO         3427    i.MUX_S1_GPIO_Config  bsp_ds18b20.o
    0x0800263c   0x00000038   Code   RO         3428    i.MUX_S2_GPIO_Config  bsp_ds18b20.o
    0x08002674   0x00000038   Code   RO         3429    i.MUX_S3_GPIO_Config  bsp_ds18b20.o
    0x080026ac   0x00000004   Code   RO         3211    i.MemManage_Handler  stm32f10x_it.o
    0x080026b0   0x00000002   Code   RO         3212    i.NMI_Handler       stm32f10x_it.o
    0x080026b2   0x00000028   Code   RO         3108    i.NVIC_Configuration  main.o
    0x080026da   0x00000002   PAD
    0x080026dc   0x00000074   Code   RO           77    i.NVIC_Init         misc.o
    0x08002750   0x00000014   Code   RO           78    i.NVIC_PriorityGroupConfig  misc.o
    0x08002764   0x00000034   Code   RO         3430    i.P0_GPIO_Config    bsp_ds18b20.o
    0x08002798   0x00000034   Code   RO         3431    i.P1_GPIO_Config    bsp_ds18b20.o
    0x080027cc   0x00000034   Code   RO         3432    i.P2_GPIO_Config    bsp_ds18b20.o
    0x08002800   0x0000006c   Code   RO         3433    i.Print_Check_Temp  bsp_ds18b20.o
    0x0800286c   0x00000020   Code   RO         1693    i.RCC_APB1PeriphClockCmd  stm32f10x_rcc.o
    0x0800288c   0x00000020   Code   RO         1694    i.RCC_APB1PeriphResetCmd  stm32f10x_rcc.o
    0x080028ac   0x00000020   Code   RO         1695    i.RCC_APB2PeriphClockCmd  stm32f10x_rcc.o
    0x080028cc   0x000000d4   Code   RO         1703    i.RCC_GetClocksFreq  stm32f10x_rcc.o
    0x080029a0   0x0000003c   Code   RO         3437    i.Ref_Temp_Get_7051_47  bsp_ds18b20.o
    0x080029dc   0x0000003c   Code   RO         3438    i.Ref_Temp_Get_7051_7  bsp_ds18b20.o
    0x08002a18   0x00000144   Code   RO         3935    i.Return_7051_Tmp   bsp_iic2.o
    0x08002b5c   0x00000034   Code   RO         3439    i.STRONG_PULLUP_GPIO_Config  bsp_ds18b20.o
    0x08002b90   0x00000034   Code   RO         3440    i.SUB_E10_GPIO_Config  bsp_ds18b20.o
    0x08002bc4   0x00000034   Code   RO         3441    i.SUB_E11_GPIO_Config  bsp_ds18b20.o
    0x08002bf8   0x00000030   Code   RO         3442    i.SUB_E12_GPIO_Config  bsp_ds18b20.o
    0x08002c28   0x00000034   Code   RO         3443    i.SUB_E13_GPIO_Config  bsp_ds18b20.o
    0x08002c5c   0x00000034   Code   RO         3444    i.SUB_E14_GPIO_Config  bsp_ds18b20.o
    0x08002c90   0x00000038   Code   RO         3445    i.SUB_E15_GPIO_Config  bsp_ds18b20.o
    0x08002cc8   0x00000038   Code   RO         3446    i.SUB_E16_GPIO_Config  bsp_ds18b20.o
    0x08002d00   0x00000034   Code   RO         3447    i.SUB_E1_GPIO_Config  bsp_ds18b20.o
    0x08002d34   0x00000034   Code   RO         3448    i.SUB_E2_GPIO_Config  bsp_ds18b20.o
    0x08002d68   0x00000030   Code   RO         3449    i.SUB_E3_GPIO_Config  bsp_ds18b20.o
    0x08002d98   0x00000034   Code   RO         3450    i.SUB_E4_GPIO_Config  bsp_ds18b20.o
    0x08002dcc   0x00000034   Code   RO         3451    i.SUB_E5_GPIO_Config  bsp_ds18b20.o
    0x08002e00   0x00000038   Code   RO         3452    i.SUB_E6_GPIO_Config  bsp_ds18b20.o
    0x08002e38   0x00000038   Code   RO         3453    i.SUB_E7_GPIO_Config  bsp_ds18b20.o
    0x08002e70   0x00000038   Code   RO         3454    i.SUB_E8_GPIO_Config  bsp_ds18b20.o
    0x08002ea8   0x00000034   Code   RO         3455    i.SUB_E9_GPIO_Config  bsp_ds18b20.o
    0x08002edc   0x00000008   Code   RO           24    i.SetSysClock       system_stm32f10x.o
    0x08002ee4   0x000000dc   Code   RO           25    i.SetSysClockTo72   system_stm32f10x.o
    0x08002fc0   0x0000007c   Code   RO         3304    i.SysTick_Init      bsp_systick.o
    0x0800303c   0x00000060   Code   RO           27    i.SystemInit        system_stm32f10x.o
    0x0800309c   0x00000090   Code   RO         3333    i.USART1_Config     bsp_usart1.o
    0x0800312c   0x000000f8   Code   RO         3216    i.USART1_IRQHandler  stm32f10x_it.o
    0x08003224   0x00000018   Code   RO         2875    i.USART_Cmd         stm32f10x_usart.o
    0x0800323c   0x0000001a   Code   RO         2878    i.USART_GetFlagStatus  stm32f10x_usart.o
    0x08003256   0x00000054   Code   RO         2879    i.USART_GetITStatus  stm32f10x_usart.o
    0x080032aa   0x0000004a   Code   RO         2881    i.USART_ITConfig    stm32f10x_usart.o
    0x080032f4   0x000000d8   Code   RO         2882    i.USART_Init        stm32f10x_usart.o
    0x080033cc   0x0000000a   Code   RO         2889    i.USART_ReceiveData  stm32f10x_usart.o
    0x080033d6   0x00000008   Code   RO         2892    i.USART_SendData    stm32f10x_usart.o
    0x080033de   0x00000004   Code   RO         3217    i.UsageFault_Handler  stm32f10x_it.o
    0x080033e2   0x00000002   PAD
    0x080033e4   0x00000020   Code   RO         4886    i.__0printf         mc_w.l(printfa.o)
    0x08003404   0x0000000e   Code   RO         4978    i.__scatterload_copy  mc_w.l(handlers.o)
    0x08003412   0x00000002   Code   RO         4979    i.__scatterload_null  mc_w.l(handlers.o)
    0x08003414   0x0000000e   Code   RO         4980    i.__scatterload_zeroinit  mc_w.l(handlers.o)
    0x08003422   0x00000002   PAD
    0x08003424   0x0000015c   Code   RO         4893    i._fp_digits        mc_w.l(printfa.o)
    0x08003580   0x000006f0   Code   RO         4894    i._printf_core      mc_w.l(printfa.o)
    0x08003c70   0x00000026   Code   RO         4895    i._printf_post_padding  mc_w.l(printfa.o)
    0x08003c96   0x00000030   Code   RO         4896    i._printf_pre_padding  mc_w.l(printfa.o)
    0x08003cc6   0x00000002   PAD
    0x08003cc8   0x00000030   Code   RO         3458    i.bsp_DelayUS       bsp_ds18b20.o
    0x08003cf8   0x00000034   Code   RO         3335    i.fputc             bsp_usart1.o
    0x08003d2c   0x00000718   Code   RO         3109    i.main              main.o
    0x08004444   0x00000034   Code   RO         4306    i.prvResetNextTaskUnblockTime  tasks.o
    0x08004478   0x00000028   Code   RO         4036    i.uxListRemove      list.o
    0x080044a0   0x00000018   Code   RO         4040    i.vListInsertEnd    list.o
    0x080044b8   0x000000a0   Code   RO         4335    i.vTaskSwitchContext  tasks.o
    0x08004558   0x00000034   Code   RO         4080    i.xPortSysTickHandler  port.o
    0x0800458c   0x0000011c   Code   RO         4342    i.xTaskIncrementTick  tasks.o
    0x080046a8   0x00000020   Data   RO         4976    Region$$Table       anon$$obj.o


    Execution Region RW_IRAM1 (Base: 0x20000000, Size: 0x00002618, Max: 0x00005000, ABSOLUTE, COMPRESSED[0x00000034])

    Base Addr    Size         Type   Attr      Idx    E Section Name        Object

    0x20000000   0x00000014   Data   RW           28    .data               system_stm32f10x.o
    0x20000014   0x00000014   Data   RW         1723    .data               stm32f10x_rcc.o
    0x20000028   0x00000354   Data   RW         3115    .data               main.o
    0x2000037c   0x00000004   Data   RW         3218    .data               stm32f10x_it.o
    0x20000380   0x00000004   Data   RW         3459    .data               bsp_ds18b20.o
    0x20000384   0x00000044   Data   RW         4350    .data               tasks.o
    0x200003c8   0x00000004   Data   RW         4954    .data               mc_w.l(stdout.o)
    0x200003cc   0x00001d80   Zero   RW         3114    .bss                main.o
    0x2000214c   0x000000c8   Zero   RW         4349    .bss                tasks.o
    0x20002214   0x00000004   PAD
    0x20002218   0x00000400   Zero   RW            1    STACK               startup_stm32f10x_hd.o


==============================================================================

Image component sizes


      Code (inc. data)   RO Data    RW Data    ZI Data      Debug   Object Name

      7756        700          0          4          0      36257   bsp_ds18b20.o
       456         46          0          0          0       1226   bsp_iic2.o
       124         18          0          0          0      15766   bsp_systick.o
       196         16          0          0          0       1140   bsp_usart1.o
         0          0          0          0          0       4216   core_cm3.o
        64          0          0          0          0       1396   list.o
      1856       1080          0        852       7552      12154   main.o
       136         24          0          0          0       3167   misc.o
       202         18          0          0          0       3574   port.o
        36          8        304          0       1024        836   startup_stm32f10x_hd.o
       300          0          0          0          0       3540   stm32f10x_gpio.o
       518         20          0          0          0      15921   stm32f10x_i2c.o
       284         14          0          4          0       3392   stm32f10x_it.o
       308         38          0         20          0       4899   stm32f10x_rcc.o
       442          6          0          0          0       5949   stm32f10x_usart.o
       324         26          0         20          0     228433   system_stm32f10x.o
       496         88          0         68        200      13589   tasks.o

    ----------------------------------------------------------------------
     13516       2102        336        968       8780     355455   Object Totals
         0          0         32          0          0          0   (incl. Generated)
        18          0          0          0          4          0   (incl. Padding)

    ----------------------------------------------------------------------

      Code (inc. data)   RO Data    RW Data    ZI Data      Debug   Library Member Name

        92          0          0          0          0          0   __dczerorl2.o
         0          0          0          0          0          0   entry.o
         0          0          0          0          0          0   entry10a.o
         0          0          0          0          0          0   entry11a.o
         8          4          0          0          0          0   entry2.o
         4          0          0          0          0          0   entry5.o
         0          0          0          0          0          0   entry7b.o
         0          0          0          0          0          0   entry8b.o
         8          4          0          0          0          0   entry9a.o
        30          0          0          0          0          0   handlers.o
        36          8          0          0          0         68   init.o
         0          0          0          0          0          0   iusefp.o
        30          0          0          0          0         68   llshl.o
        36          0          0          0          0         68   llsshr.o
        32          0          0          0          0         68   llushr.o
      2242         90          0          0          0        444   printfa.o
         0          0          0          4          0          0   stdout.o
        44          0          0          0          0         80   uidiv.o
        98          0          0          0          0         92   uldiv.o
        40          2          0          0          0         68   cdrcmple.o
        56          0          0          0          0         88   d2f.o
       334          0          0          0          0        148   dadd.o
       222          0          0          0          0        100   ddiv.o
       190          0          0          0          0        176   depilogue.o
        48          0          0          0          0         68   dfixul.o
        34          0          0          0          0         76   dflti.o
       228          0          0          0          0         96   dmul.o
        38          0          0          0          0         68   f2d.o
       176          0          0          0          0        140   fadd.o
       128          0          0          0          0         88   fdiv.o
       108          0          0          0          0        168   fepilogue.o

    ----------------------------------------------------------------------
      4268        108          0          4          0       2172   Library Totals
         6          0          0          0          0          0   (incl. Padding)

    ----------------------------------------------------------------------

      Code (inc. data)   RO Data    RW Data    ZI Data      Debug   Library Name

      2660        106          0          4          0        888   mc_w.l
      1602          2          0          0          0       1284   mf_w.l

    ----------------------------------------------------------------------
      4268        108          0          4          0       2172   Library Totals

    ----------------------------------------------------------------------

==============================================================================


      Code (inc. data)   RO Data    RW Data    ZI Data      Debug   

     17784       2210        336        972       8780     350711   Grand Totals
     17784       2210        336         52       8780     350711   ELF Image Totals (compressed)
     17784       2210        336         52          0          0   ROM Totals

==============================================================================

    Total RO  Size (Code + RO Data)                18120 (  17.70kB)
    Total RW  Size (RW Data + ZI Data)              9752 (   9.52kB)
    Total ROM Size (Code + RO Data + RW Data)      18172 (  17.75kB)

==============================================================================

