ARM Linker, 5.03 [Build 76] [MDK-ARM Lite]

==============================================================================

Section Cross References

    startup_stm32f10x_hd.o(RESET) refers to startup_stm32f10x_hd.o(STACK) for __initial_sp
    startup_stm32f10x_hd.o(RESET) refers to startup_stm32f10x_hd.o(.text) for Reset_Handler
    startup_stm32f10x_hd.o(RESET) refers to stm32f10x_it.o(i.NMI_Handler) for NMI_Handler
    startup_stm32f10x_hd.o(RESET) refers to stm32f10x_it.o(i.HardFault_Handler) for HardFault_Handler
    startup_stm32f10x_hd.o(RESET) refers to stm32f10x_it.o(i.MemManage_Handler) for MemManage_Handler
    startup_stm32f10x_hd.o(RESET) refers to stm32f10x_it.o(i.BusFault_Handler) for BusFault_Handler
    startup_stm32f10x_hd.o(RESET) refers to stm32f10x_it.o(i.UsageFault_Handler) for UsageFault_Handler
    startup_stm32f10x_hd.o(RESET) refers to stm32f10x_it.o(i.SVC_Handler) for SVC_Handler
    startup_stm32f10x_hd.o(RESET) refers to stm32f10x_it.o(i.DebugMon_Handler) for DebugMon_Handler
    startup_stm32f10x_hd.o(RESET) refers to stm32f10x_it.o(i.PendSV_Handler) for PendSV_Handler
    startup_stm32f10x_hd.o(RESET) refers to stm32f10x_it.o(i.SysTick_Handler) for SysTick_Handler
    startup_stm32f10x_hd.o(RESET) refers to stm32f10x_it.o(i.USART1_IRQHandler) for USART1_IRQHandler
    startup_stm32f10x_hd.o(.text) refers to system_stm32f10x.o(i.SystemInit) for SystemInit
    startup_stm32f10x_hd.o(.text) refers to entry.o(.ARM.Collect$$$$00000000) for __main
    system_stm32f10x.o(i.SetSysClock) refers to system_stm32f10x.o(i.SetSysClockTo72) for SetSysClockTo72
    system_stm32f10x.o(i.SystemCoreClockUpdate) refers to system_stm32f10x.o(.data) for SystemCoreClock
    system_stm32f10x.o(i.SystemInit) refers to system_stm32f10x.o(i.SetSysClock) for SetSysClock
    stm32f10x_adc.o(i.ADC_DeInit) refers to stm32f10x_rcc.o(i.RCC_APB2PeriphResetCmd) for RCC_APB2PeriphResetCmd
    stm32f10x_bkp.o(i.BKP_DeInit) refers to stm32f10x_rcc.o(i.RCC_BackupResetCmd) for RCC_BackupResetCmd
    stm32f10x_can.o(i.CAN_DeInit) refers to stm32f10x_rcc.o(i.RCC_APB1PeriphResetCmd) for RCC_APB1PeriphResetCmd
    stm32f10x_can.o(i.CAN_GetITStatus) refers to stm32f10x_can.o(i.CheckITStatus) for CheckITStatus
    stm32f10x_cec.o(i.CEC_DeInit) refers to stm32f10x_rcc.o(i.RCC_APB1PeriphResetCmd) for RCC_APB1PeriphResetCmd
    stm32f10x_dac.o(i.DAC_DeInit) refers to stm32f10x_rcc.o(i.RCC_APB1PeriphResetCmd) for RCC_APB1PeriphResetCmd
    stm32f10x_flash.o(i.FLASH_EnableWriteProtection) refers to stm32f10x_flash.o(i.FLASH_WaitForLastOperation) for FLASH_WaitForLastOperation
    stm32f10x_flash.o(i.FLASH_EraseAllBank1Pages) refers to stm32f10x_flash.o(i.FLASH_WaitForLastBank1Operation) for FLASH_WaitForLastBank1Operation
    stm32f10x_flash.o(i.FLASH_EraseAllPages) refers to stm32f10x_flash.o(i.FLASH_WaitForLastOperation) for FLASH_WaitForLastOperation
    stm32f10x_flash.o(i.FLASH_EraseOptionBytes) refers to stm32f10x_flash.o(i.FLASH_GetReadOutProtectionStatus) for FLASH_GetReadOutProtectionStatus
    stm32f10x_flash.o(i.FLASH_EraseOptionBytes) refers to stm32f10x_flash.o(i.FLASH_WaitForLastOperation) for FLASH_WaitForLastOperation
    stm32f10x_flash.o(i.FLASH_ErasePage) refers to stm32f10x_flash.o(i.FLASH_WaitForLastOperation) for FLASH_WaitForLastOperation
    stm32f10x_flash.o(i.FLASH_ProgramHalfWord) refers to stm32f10x_flash.o(i.FLASH_WaitForLastOperation) for FLASH_WaitForLastOperation
    stm32f10x_flash.o(i.FLASH_ProgramOptionByteData) refers to stm32f10x_flash.o(i.FLASH_WaitForLastOperation) for FLASH_WaitForLastOperation
    stm32f10x_flash.o(i.FLASH_ProgramWord) refers to stm32f10x_flash.o(i.FLASH_WaitForLastOperation) for FLASH_WaitForLastOperation
    stm32f10x_flash.o(i.FLASH_ReadOutProtection) refers to stm32f10x_flash.o(i.FLASH_WaitForLastOperation) for FLASH_WaitForLastOperation
    stm32f10x_flash.o(i.FLASH_UserOptionByteConfig) refers to stm32f10x_flash.o(i.FLASH_WaitForLastOperation) for FLASH_WaitForLastOperation
    stm32f10x_flash.o(i.FLASH_WaitForLastBank1Operation) refers to stm32f10x_flash.o(i.FLASH_GetBank1Status) for FLASH_GetBank1Status
    stm32f10x_flash.o(i.FLASH_WaitForLastOperation) refers to stm32f10x_flash.o(i.FLASH_GetBank1Status) for FLASH_GetBank1Status
    stm32f10x_gpio.o(i.GPIO_AFIODeInit) refers to stm32f10x_rcc.o(i.RCC_APB2PeriphResetCmd) for RCC_APB2PeriphResetCmd
    stm32f10x_gpio.o(i.GPIO_DeInit) refers to stm32f10x_rcc.o(i.RCC_APB2PeriphResetCmd) for RCC_APB2PeriphResetCmd
    stm32f10x_i2c.o(i.I2C_DeInit) refers to stm32f10x_rcc.o(i.RCC_APB1PeriphResetCmd) for RCC_APB1PeriphResetCmd
    stm32f10x_i2c.o(i.I2C_Init) refers to stm32f10x_rcc.o(i.RCC_GetClocksFreq) for RCC_GetClocksFreq
    stm32f10x_pwr.o(i.PWR_DeInit) refers to stm32f10x_rcc.o(i.RCC_APB1PeriphResetCmd) for RCC_APB1PeriphResetCmd
    stm32f10x_rcc.o(i.RCC_GetClocksFreq) refers to stm32f10x_rcc.o(.data) for APBAHBPrescTable
[...]
    Removing stm32f10x_sdio.o(i.SDIO_GetDataCounter), (12 bytes).
    Removing stm32f10x_sdio.o(i.SDIO_GetFIFOCount), (12 bytes).
    Removing stm32f10x_sdio.o(i.SDIO_GetFlagStatus), (24 bytes).
    Removing stm32f10x_sdio.o(i.SDIO_GetITStatus), (24 bytes).
    Removing stm32f10x_sdio.o(i.SDIO_GetPowerState), (16 bytes).
    Removing stm32f10x_sdio.o(i.SDIO_GetResponse), (24 bytes).
    Removing stm32f10x_sdio.o(i.SDIO_ITConfig), (32 bytes).
    Removing stm32f10x_sdio.o(i.SDIO_Init), (48 bytes).
    Removing stm32f10x_sdio.o(i.SDIO_ReadData), (12 bytes).
    Removing stm32f10x_sdio.o(i.SDIO_SendCEATACmd), (12 bytes).
    Removing stm32f10x_sdio.o(i.SDIO_SendCommand), (44 bytes).
    Removing stm32f10x_sdio.o(i.SDIO_SendSDIOSuspendCmd), (12 bytes).
    Removing stm32f10x_sdio.o(i.SDIO_SetPowerState), (28 bytes).
    Removing stm32f10x_sdio.o(i.SDIO_SetSDIOOperation), (12 bytes).
    Removing stm32f10x_sdio.o(i.SDIO_SetSDIOReadWaitMode), (12 bytes).
    Removing stm32f10x_sdio.o(i.SDIO_StartSDIOReadWait), (12 bytes).
    Removing stm32f10x_sdio.o(i.SDIO_StopSDIOReadWait), (12 bytes).
    Removing stm32f10x_sdio.o(i.SDIO_StructInit), (16 bytes).
    Removing stm32f10x_sdio.o(i.SDIO_WriteData), (12 bytes).
    Removing stm32f10x_spi.o(i.I2S_Cmd), (24 bytes).
    Removing stm32f10x_spi.o(i.I2S_Init), (232 bytes).
    Removing stm32f10x_spi.o(i.I2S_StructInit), (20 bytes).
    Removing stm32f10x_spi.o(i.SPI_BiDirectionalLineConfig), (28 bytes).
    Removing stm32f10x_spi.o(i.SPI_CalculateCRC), (24 bytes).
    Removing stm32f10x_spi.o(i.SPI_Cmd), (24 bytes).
    Removing stm32f10x_spi.o(i.SPI_DataSizeConfig), (18 bytes).
    Removing stm32f10x_spi.o(i.SPI_GetCRC), (16 bytes).
    Removing stm32f10x_spi.o(i.SPI_GetCRCPolynomial), (6 bytes).
    Removing stm32f10x_spi.o(i.SPI_I2S_ClearFlag), (6 bytes).
    Removing stm32f10x_spi.o(i.SPI_I2S_ClearITPendingBit), (20 bytes).
    Removing stm32f10x_spi.o(i.SPI_I2S_DMACmd), (18 bytes).
    Removing stm32f10x_spi.o(i.SPI_I2S_DeInit), (88 bytes).
    Removing stm32f10x_spi.o(i.SPI_I2S_GetFlagStatus), (18 bytes).
    Removing stm32f10x_spi.o(i.SPI_I2S_GetITStatus), (52 bytes).
    Removing stm32f10x_spi.o(i.SPI_I2S_ITConfig), (32 bytes).
    Removing stm32f10x_spi.o(i.SPI_I2S_ReceiveData), (6 bytes).
    Removing stm32f10x_spi.o(i.SPI_I2S_SendData), (4 bytes).
    Removing stm32f10x_spi.o(i.SPI_Init), (60 bytes).
    Removing stm32f10x_spi.o(i.SPI_NSSInternalSoftwareConfig), (30 bytes).
    Removing stm32f10x_spi.o(i.SPI_SSOutputCmd), (24 bytes).
    Removing stm32f10x_spi.o(i.SPI_StructInit), (24 bytes).
    Removing stm32f10x_spi.o(i.SPI_TransmitCRC), (10 bytes).
    Removing stm32f10x_tim.o(i.TI1_Config), (128 bytes).
    Removing stm32f10x_tim.o(i.TI2_Config), (152 bytes).
    Removing stm32f10x_tim.o(i.TI3_Config), (144 bytes).
    Removing stm32f10x_tim.o(i.TI4_Config), (152 bytes).
    Removing stm32f10x_tim.o(i.TIM_ARRPreloadConfig), (24 bytes).
    Removing stm32f10x_tim.o(i.TIM_BDTRConfig), (32 bytes).
    Removing stm32f10x_tim.o(i.TIM_BDTRStructInit), (18 bytes).
    Removing stm32f10x_tim.o(i.TIM_CCPreloadControl), (24 bytes).
    Removing stm32f10x_tim.o(i.TIM_CCxCmd), (30 bytes).
    Removing stm32f10x_tim.o(i.TIM_CCxNCmd), (30 bytes).
    Removing stm32f10x_tim.o(i.TIM_ClearFlag), (6 bytes).
    Removing stm32f10x_tim.o(i.TIM_ClearITPendingBit), (6 bytes).
    Removing stm32f10x_tim.o(i.TIM_ClearOC1Ref), (18 bytes).
    Removing stm32f10x_tim.o(i.TIM_ClearOC2Ref), (24 bytes).
    Removing stm32f10x_tim.o(i.TIM_ClearOC3Ref), (18 bytes).
    Removing stm32f10x_tim.o(i.TIM_ClearOC4Ref), (24 bytes).
    Removing stm32f10x_tim.o(i.TIM_Cmd), (24 bytes).
    Removing stm32f10x_tim.o(i.TIM_CounterModeConfig), (18 bytes).
    Removing stm32f10x_tim.o(i.TIM_CtrlPWMOutputs), (30 bytes).
    Removing stm32f10x_tim.o(i.TIM_DMACmd), (18 bytes).
    Removing stm32f10x_tim.o(i.TIM_DMAConfig), (10 bytes).
    Removing stm32f10x_tim.o(i.TIM_DeInit), (488 bytes).
    Removing stm32f10x_tim.o(i.TIM_ETRClockMode1Config), (54 bytes).
    Removing stm32f10x_tim.o(i.TIM_ETRClockMode2Config), (32 bytes).
    Removing stm32f10x_tim.o(i.TIM_ETRConfig), (28 bytes).
    Removing stm32f10x_tim.o(i.TIM_EncoderInterfaceConfig), (66 bytes).
    Removing stm32f10x_tim.o(i.TIM_ForcedOC1Config), (18 bytes).
    Removing stm32f10x_tim.o(i.TIM_ForcedOC2Config), (26 bytes).
    Removing stm32f10x_tim.o(i.TIM_ForcedOC3Config), (18 bytes).
    Removing stm32f10x_tim.o(i.TIM_ForcedOC4Config), (26 bytes).
    Removing stm32f10x_tim.o(i.TIM_GenerateEvent), (4 bytes).
    Removing stm32f10x_tim.o(i.TIM_GetCapture1), (6 bytes).
    Removing stm32f10x_tim.o(i.TIM_GetCapture2), (6 bytes).
    Removing stm32f10x_tim.o(i.TIM_GetCapture3), (6 bytes).
    Removing stm32f10x_tim.o(i.TIM_GetCapture4), (8 bytes).
    Removing stm32f10x_tim.o(i.TIM_GetCounter), (6 bytes).
    Removing stm32f10x_tim.o(i.TIM_GetFlagStatus), (18 bytes).
    Removing stm32f10x_tim.o(i.TIM_GetITStatus), (34 bytes).
    Removing stm32f10x_tim.o(i.TIM_GetPrescaler), (6 bytes).
    Removing stm32f10x_tim.o(i.TIM_ICInit), (172 bytes).
    Removing stm32f10x_tim.o(i.TIM_ICStructInit), (18 bytes).
    Removing stm32f10x_tim.o(i.TIM_ITConfig), (18 bytes).
    Removing stm32f10x_tim.o(i.TIM_ITRxExternalClockConfig), (24 bytes).
    Removing stm32f10x_tim.o(i.TIM_InternalClockConfig), (12 bytes).
    Removing stm32f10x_tim.o(i.TIM_OC1FastConfig), (18 bytes).
    Removing stm32f10x_tim.o(i.TIM_OC1Init), (152 bytes).
    Removing stm32f10x_tim.o(i.TIM_OC1NPolarityConfig), (18 bytes).
    Removing stm32f10x_tim.o(i.TIM_OC1PolarityConfig), (18 bytes).
    Removing stm32f10x_tim.o(i.TIM_OC1PreloadConfig), (18 bytes).
    Removing stm32f10x_tim.o(i.TIM_OC2FastConfig), (26 bytes).
    Removing stm32f10x_tim.o(i.TIM_OC2Init), (164 bytes).
    Removing stm32f10x_tim.o(i.TIM_OC2NPolarityConfig), (26 bytes).
    Removing stm32f10x_tim.o(i.TIM_OC2PolarityConfig), (26 bytes).
    Removing stm32f10x_tim.o(i.TIM_OC2PreloadConfig), (26 bytes).
    Removing stm32f10x_tim.o(i.TIM_OC3FastConfig), (18 bytes).
    Removing stm32f10x_tim.o(i.TIM_OC3Init), (160 bytes).
    Removing stm32f10x_tim.o(i.TIM_OC3NPolarityConfig), (26 bytes).
    Removing stm32f10x_tim.o(i.TIM_OC3PolarityConfig), (26 bytes).
    Removing stm32f10x_tim.o(i.TIM_OC3PreloadConfig), (18 bytes).
    Removing stm32f10x_tim.o(i.TIM_OC4FastConfig), (26 bytes).
    Removing stm32f10x_tim.o(i.TIM_OC4Init), (124 bytes).
    Removing stm32f10x_tim.o(i.TIM_OC4PolarityConfig), (26 bytes).
    Removing stm32f10x_tim.o(i.TIM_OC4PreloadConfig), (26 bytes).
    Removing stm32f10x_tim.o(i.TIM_OCStructInit), (20 bytes).
    Removing stm32f10x_tim.o(i.TIM_PWMIConfig), (124 bytes).
    Removing stm32f10x_tim.o(i.TIM_PrescalerConfig), (6 bytes).
    Removing stm32f10x_tim.o(i.TIM_SelectCCDMA), (24 bytes).
    Removing stm32f10x_tim.o(i.TIM_SelectCOM), (24 bytes).
    Removing stm32f10x_tim.o(i.TIM_SelectHallSensor), (24 bytes).
    Removing stm32f10x_tim.o(i.TIM_SelectInputTrigger), (18 bytes).
    Removing stm32f10x_tim.o(i.TIM_SelectMasterSlaveMode), (18 bytes).
    Removing stm32f10x_tim.o(i.TIM_SelectOCxM), (82 bytes).
    Removing stm32f10x_tim.o(i.TIM_SelectOnePulseMode), (18 bytes).
    Removing stm32f10x_tim.o(i.TIM_SelectOutputTrigger), (18 bytes).
    Removing stm32f10x_tim.o(i.TIM_SelectSlaveMode), (18 bytes).
    Removing stm32f10x_tim.o(i.TIM_SetAutoreload), (4 bytes).
    Removing stm32f10x_tim.o(i.TIM_SetClockDivision), (18 bytes).
    Removing stm32f10x_tim.o(i.TIM_SetCompare1), (4 bytes).
    Removing stm32f10x_tim.o(i.TIM_SetCompare2), (4 bytes).
    Removing stm32f10x_tim.o(i.TIM_SetCompare3), (4 bytes).
    Removing stm32f10x_tim.o(i.TIM_SetCompare4), (6 bytes).
    Removing stm32f10x_tim.o(i.TIM_SetCounter), (4 bytes).
    Removing stm32f10x_tim.o(i.TIM_SetIC1Prescaler), (18 bytes).
    Removing stm32f10x_tim.o(i.TIM_SetIC2Prescaler), (26 bytes).
    Removing stm32f10x_tim.o(i.TIM_SetIC3Prescaler), (18 bytes).
    Removing stm32f10x_tim.o(i.TIM_SetIC4Prescaler), (26 bytes).
    Removing stm32f10x_tim.o(i.TIM_TIxExternalClockConfig), (62 bytes).
    Removing stm32f10x_tim.o(i.TIM_TimeBaseInit), (164 bytes).
    Removing stm32f10x_tim.o(i.TIM_TimeBaseStructInit), (18 bytes).
    Removing stm32f10x_tim.o(i.TIM_UpdateDisableConfig), (24 bytes).
    Removing stm32f10x_tim.o(i.TIM_UpdateRequestConfig), (24 bytes).
    Removing stm32f10x_usart.o(i.USART_ClearFlag), (18 bytes).
    Removing stm32f10x_usart.o(i.USART_ClockInit), (34 bytes).
    Removing stm32f10x_usart.o(i.USART_ClockStructInit), (12 bytes).
    Removing stm32f10x_usart.o(i.USART_DMACmd), (18 bytes).
    Removing stm32f10x_usart.o(i.USART_DeInit), (156 bytes).
    Removing stm32f10x_usart.o(i.USART_HalfDuplexCmd), (24 bytes).
    Removing stm32f10x_usart.o(i.USART_IrDACmd), (24 bytes).
    Removing stm32f10x_usart.o(i.USART_IrDAConfig), (18 bytes).
    Removing stm32f10x_usart.o(i.USART_LINBreakDetectLengthConfig), (18 bytes).
    Removing stm32f10x_usart.o(i.USART_LINCmd), (24 bytes).
    Removing stm32f10x_usart.o(i.USART_OneBitMethodCmd), (24 bytes).
    Removing stm32f10x_usart.o(i.USART_OverSampling8Cmd), (22 bytes).
    Removing stm32f10x_usart.o(i.USART_ReceiveData), (10 bytes).
    Removing stm32f10x_usart.o(i.USART_ReceiverWakeUpCmd), (24 bytes).
    Removing stm32f10x_usart.o(i.USART_SendBreak), (10 bytes).
    Removing stm32f10x_usart.o(i.USART_SetAddress), (18 bytes).
    Removing stm32f10x_usart.o(i.USART_SetGuardTime), (16 bytes).
    Removing stm32f10x_usart.o(i.USART_SetPrescaler), (16 bytes).
    Removing stm32f10x_usart.o(i.USART_SmartCardCmd), (24 bytes).
    Removing stm32f10x_usart.o(i.USART_SmartCardNACKCmd), (24 bytes).
    Removing stm32f10x_usart.o(i.USART_StructInit), (24 bytes).
    Removing stm32f10x_usart.o(i.USART_WakeUpConfig), (18 bytes).
    Removing stm32f10x_wwdg.o(i.WWDG_ClearFlag), (12 bytes).
    Removing stm32f10x_wwdg.o(i.WWDG_DeInit), (22 bytes).
    Removing stm32f10x_wwdg.o(i.WWDG_Enable), (16 bytes).
    Removing stm32f10x_wwdg.o(i.WWDG_EnableIT), (12 bytes).
    Removing stm32f10x_wwdg.o(i.WWDG_GetFlagStatus), (12 bytes).
    Removing stm32f10x_wwdg.o(i.WWDG_SetCounter), (16 bytes).
    Removing stm32f10x_wwdg.o(i.WWDG_SetPrescaler), (24 bytes).
    Removing stm32f10x_wwdg.o(i.WWDG_SetWindowValue), (40 bytes).
    Removing bsp_led.o(i.LED_Delay), (18 bytes).
    Removing bsp_led.o(i.LED_GPIO_Config), (56 bytes).
    Removing bsp_led.o(i.LED_Test), (48 bytes).
    Removing bsp_usart1.o(i.fgetc), (32 bytes).
    Removing bsp_usart1.o(.data), (4 bytes).
    Removing bsp_ds18b20.o(i.Array_Coeff_Set_Col), (192 bytes).
    Removing bsp_ds18b20.o(i.Array_Coeff_Set_Row), (200 bytes).
    Removing bsp_ds18b20.o(i.Array_Convert_Temp_MUX_Col), (84 bytes).
    Removing bsp_ds18b20.o(i.Array_Convert_Temp_MUX_Row), (84 bytes).
    Removing bsp_ds18b20.o(i.Array_ROM_Get_Col), (128 bytes).
    Removing bsp_ds18b20.o(i.Array_ROM_Get_Row), (128 bytes).
    Removing bsp_ds18b20.o(i.Array_ROM_Read), (392 bytes).
    Removing bsp_ds18b20.o(i.Array_Set_Parameters_Col), (276 bytes).
    Removing bsp_ds18b20.o(i.Array_Set_Parameters_Row), (276 bytes).
    Removing bsp_ds18b20.o(i.Array_Setup_AB), (114 bytes).
    Removing bsp_ds18b20.o(i.Array_Setup_ROM), (54 bytes).
    Removing bsp_ds18b20.o(i.Array_Temp_Read_MUX), (252 bytes).
    Removing bsp_ds18b20.o(i.Array_Temp_Read_MUX_Ori_Col), (104 bytes).
    Removing bsp_ds18b20.o(i.Array_Temp_Read_MUX_Ori_Row), (104 bytes).
    Removing bsp_ds18b20.o(i.DQ_Alarm_SearchROM), (388 bytes).
    Removing bsp_ds18b20.o(i.DQ_Check_Power_Supply), (84 bytes).
    Removing bsp_ds18b20.o(i.DQ_Read2Bit), (42 bytes).
    Removing bsp_ds18b20.o(i.DQ_Read_Scrpad_Ext), (108 bytes).
    Removing bsp_ds18b20.o(i.DQ_Read_User_Ext), (100 bytes).
    Removing bsp_ds18b20.o(i.DQ_SearchROM), (424 bytes).
    Removing bsp_ds18b20.o(i.DQ_Write_Bit), (30 bytes).
    Removing bsp_ds18b20.o(i.DQ_Write_Scratchpad), (68 bytes).
    Removing bsp_ds18b20.o(i.DQ_Write_Scratchpad_Ext), (98 bytes).
    Removing bsp_ds18b20.o(i.DQ_Write_Test), (28 bytes).
    Removing bsp_ds18b20.o(i.DQ_Write_User), (68 bytes).
    Removing bsp_ds18b20.o(i.DQ_Write_User_Ext), (88 bytes).
    Removing bsp_ds18b20.o(i.MUX_18B20_OUT_Read2Bit), (34 bytes).
    Removing bsp_ds18b20.o(i.MUX_18B20_OUT_Read_Temperaure_Skip), (168 bytes).
    Removing bsp_ds18b20.o(i.MUX_18B20_OUT_Read_Temperaure_Skip_7), (168 bytes).
    Removing bsp_ds18b20.o(i.MUX_18B20_OUT_Write_Bit), (84 bytes).
    Removing bsp_ds18b20.o(i.MUX_DQ_OUT_Get_Temp), (160 bytes).
    Removing bsp_ds18b20.o(i.Print_Check_Temp), (108 bytes).
    Removing bsp_ds18b20.o(i.Print_ROM_ID), (88 bytes).
    Removing bsp_ds18b20.o(i.Print_Temp), (344 bytes).
    Removing bsp_ds18b20.o(i.ROM_Code_Cal), (220 bytes).
    Removing bsp_ds18b20.o(i.ROM_redo_COL), (264 bytes).
    Removing bsp_ds18b20.o(i.ROM_redo_ROW), (264 bytes).
    Removing bsp_ds18b20.o(i.Write_ROM_Code), (48 bytes).
    Removing bsp_iic2.o(i.I2C1_7051_Test), (268 bytes).
    Removing bsp_iic2.o(i.I2C1_Read_Tmp_47), (360 bytes).
    Removing bsp_iic2.o(i.I2C1_Read_Tmp_7), (360 bytes).
    Removing bsp_iic2.o(i.I2C_AcknowledgePolling), (76 bytes).
    Removing bsp_iic2.o(i.Return_7051_Tmp), (588 bytes).
    Removing bsp_iic2.o(.data), (3 bytes).
    Removing fadd.o(.text), (176 bytes).
    Removing fdiv.o(.text), (128 bytes).
    Removing fflti.o(.text), (18 bytes).
    Removing dflti.o(.text), (34 bytes).
    Removing f2d.o(.text), (38 bytes).
    Removing d2f.o(.text), (56 bytes).
    Removing cfcmple.o(.text), (20 bytes).
    Removing cfrcmple.o(.text), (20 bytes).
    Removing fepilogue.o(.text), (108 bytes).

505 unused section(s) (total 26457 bytes) removed from the image.

==============================================================================

Image Symbol Table

    Local Symbols

    Symbol Name                              Value     Ov Type        Size  Object(Section)

    ../clib/../cmprslib/zerorunl2.c          0x00000000   Number         0  __dczerorl2.o ABSOLUTE
    ../clib/microlib/division.c              0x00000000   Number         0  uldiv.o ABSOLUTE
    ../clib/microlib/division.c              0x00000000   Number         0  uidiv.o ABSOLUTE
    ../clib/microlib/init/entry.s            0x00000000   Number         0  entry10b.o ABSOLUTE
    ../clib/microlib/init/entry.s            0x00000000   Number         0  entry7a.o ABSOLUTE
    ../clib/microlib/init/entry.s            0x00000000   Number         0  entry7b.o ABSOLUTE
    ../clib/microlib/init/entry.s            0x00000000   Number         0  entry10a.o ABSOLUTE
    ../clib/microlib/init/entry.s            0x00000000   Number         0  entry9b.o ABSOLUTE
    ../clib/microlib/init/entry.s            0x00000000   Number         0  entry8a.o ABSOLUTE
    ../clib/microlib/init/entry.s            0x00000000   Number         0  entry.o ABSOLUTE
    ../clib/microlib/init/entry.s            0x00000000   Number         0  entry8b.o ABSOLUTE
    ../clib/microlib/init/entry.s            0x00000000   Number         0  entry5.o ABSOLUTE
    ../clib/microlib/init/entry.s            0x00000000   Number         0  entry9a.o ABSOLUTE
    ../clib/microlib/init/entry.s            0x00000000   Number         0  entry11b.o ABSOLUTE
    ../clib/microlib/init/entry.s            0x00000000   Number         0  entry2.o ABSOLUTE
    ../clib/microlib/init/entry.s            0x00000000   Number         0  entry11a.o ABSOLUTE
    ../clib/microlib/longlong.c              0x00000000   Number         0  llshl.o ABSOLUTE
    ../clib/microlib/longlong.c              0x00000000   Number         0  llsshr.o ABSOLUTE
    ../clib/microlib/longlong.c              0x00000000   Number         0  llushr.o ABSOLUTE
    ../clib/microlib/printf/printf.c         0x00000000   Number         0  printf0.o ABSOLUTE
    ../clib/microlib/printf/printf.c         0x00000000   Number         0  printf1.o ABSOLUTE
    ../clib/microlib/printf/printf.c         0x00000000   Number         0  printf6.o ABSOLUTE
    ../clib/microlib/printf/printf.c         0x00000000   Number         0  printfb.o ABSOLUTE
    ../clib/microlib/printf/printf.c         0x00000000   Number         0  printfa.o ABSOLUTE
    ../clib/microlib/printf/printf.c         0x00000000   Number         0  printf2.o ABSOLUTE
    ../clib/microlib/printf/printf.c         0x00000000   Number         0  printf8.o ABSOLUTE
    ../clib/microlib/printf/printf.c         0x00000000   Number         0  printf3.o ABSOLUTE
    ../clib/microlib/printf/printf.c         0x00000000   Number         0  printf4.o ABSOLUTE
    ../clib/microlib/printf/printf.c         0x00000000   Number         0  printf5.o ABSOLUTE
    ../clib/microlib/printf/printf.c         0x00000000   Number         0  printf7.o ABSOLUTE
    ../clib/microlib/printf/stubs.s          0x00000000   Number         0  stubs.o ABSOLUTE
    ../clib/microlib/stdio/streams.c         0x00000000   Number         0  stdout.o ABSOLUTE
    ../clib/microlib/string/memset.c         0x00000000   Number         0  memseta.o ABSOLUTE
    ../clib/microlib/stubs.s                 0x00000000   Number         0  iusefp.o ABSOLUTE
    ../fplib/microlib/d2f.c                  0x00000000   Number         0  d2f.o ABSOLUTE
    ../fplib/microlib/f2d.c                  0x00000000   Number         0  f2d.o ABSOLUTE
    ../fplib/microlib/fpadd.c                0x00000000   Number         0  dadd.o ABSOLUTE
    ../fplib/microlib/fpadd.c                0x00000000   Number         0  fadd.o ABSOLUTE
    ../fplib/microlib/fpdiv.c                0x00000000   Number         0  ddiv.o ABSOLUTE
    ../fplib/microlib/fpdiv.c                0x00000000   Number         0  fdiv.o ABSOLUTE
    ../fplib/microlib/fpepilogue.c           0x00000000   Number         0  depilogue.o ABSOLUTE
    ../fplib/microlib/fpepilogue.c           0x00000000   Number         0  fepilogue.o ABSOLUTE
    ../fplib/microlib/fpfix.c                0x00000000   Number         0  dfixul.o ABSOLUTE
    ../fplib/microlib/fpflt.c                0x00000000   Number         0  fflti.o ABSOLUTE
    ../fplib/microlib/fpflt.c                0x00000000   Number         0  dflti.o ABSOLUTE
    ../fplib/microlib/fpmul.c                0x00000000   Number         0  dmul.o ABSOLUTE
    ..\..\Libraries\CMSIS\core_cm3.c         0x00000000   Number         0  core_cm3.o ABSOLUTE
    ..\..\Libraries\CMSIS\startup\startup_stm32f10x_hd.s 0x00000000   Number         0  startup_stm32f10x_hd.o ABSOLUTE
    ..\..\Libraries\CMSIS\system_stm32f10x.c 0x00000000   Number         0  system_stm32f10x.o ABSOLUTE
    ..\..\Libraries\FWlib\src\misc.c         0x00000000   Number         0  misc.o ABSOLUTE
    ..\..\Libraries\FWlib\src\stm32f10x_adc.c 0x00000000   Number         0  stm32f10x_adc.o ABSOLUTE
    ..\..\Libraries\FWlib\src\stm32f10x_bkp.c 0x00000000   Number         0  stm32f10x_bkp.o ABSOLUTE
    ..\..\Libraries\FWlib\src\stm32f10x_can.c 0x00000000   Number         0  stm32f10x_can.o ABSOLUTE
    ..\..\Libraries\FWlib\src\stm32f10x_cec.c 0x00000000   Number         0  stm32f10x_cec.o ABSOLUTE
    ..\..\Libraries\FWlib\src\stm32f10x_crc.c 0x00000000   Number         0  stm32f10x_crc.o ABSOLUTE
    ..\..\Libraries\FWlib\src\stm32f10x_dac.c 0x00000000   Number         0  stm32f10x_dac.o ABSOLUTE
    ..\..\Libraries\FWlib\src\stm32f10x_dbgmcu.c 0x00000000   Number         0  stm32f10x_dbgmcu.o ABSOLUTE
    ..\..\Libraries\FWlib\src\stm32f10x_dma.c 0x00000000   Number         0  stm32f10x_dma.o ABSOLUTE
    ..\..\Libraries\FWlib\src\stm32f10x_exti.c 0x00000000   Number         0  stm32f10x_exti.o ABSOLUTE
    ..\..\Libraries\FWlib\src\stm32f10x_flash.c 0x00000000   Number         0  stm32f10x_flash.o ABSOLUTE
    ..\..\Libraries\FWlib\src\stm32f10x_fsmc.c 0x00000000   Number         0  stm32f10x_fsmc.o ABSOLUTE
    ..\..\Libraries\FWlib\src\stm32f10x_gpio.c 0x00000000   Number         0  stm32f10x_gpio.o ABSOLUTE
    ..\..\Libraries\FWlib\src\stm32f10x_i2c.c 0x00000000   Number         0  stm32f10x_i2c.o ABSOLUTE
    ..\..\Libraries\FWlib\src\stm32f10x_iwdg.c 0x00000000   Number         0  stm32f10x_iwdg.o ABSOLUTE
    ..\..\Libraries\FWlib\src\stm32f10x_pwr.c 0x00000000   Number         0  stm32f10x_pwr.o ABSOLUTE
    ..\..\Libraries\FWlib\src\stm32f10x_rcc.c 0x00000000   Number         0  stm32f10x_rcc.o ABSOLUTE
    ..\..\Libraries\FWlib\src\stm32f10x_rtc.c 0x00000000   Number         0  stm32f10x_rtc.o ABSOLUTE
    ..\..\Libraries\FWlib\src\stm32f10x_sdio.c 0x00000000   Number         0  stm32f10x_sdio.o ABSOLUTE
    ..\..\Libraries\FWlib\src\stm32f10x_spi.c 0x00000000   Number         0  stm32f10x_spi.o ABSOLUTE
    ..\..\Libraries\FWlib\src\stm32f10x_tim.c 0x00000000   Number         0  stm32f10x_tim.o ABSOLUTE
    ..\..\Libraries\FWlib\src\stm32f10x_usart.c 0x00000000   Number         0  stm32f10x_usart.o ABSOLUTE
    ..\..\Libraries\FWlib\src\stm32f10x_wwdg.c 0x00000000   Number         0  stm32f10x_wwdg.o ABSOLUTE
    ..\..\User\Led\bsp_led.c                 0x00000000   Number         0  bsp_led.o ABSOLUTE
    ..\..\User\SysTick\bsp_SysTick.c         0x00000000   Number         0  bsp_systick.o ABSOLUTE
    ..\..\User\ds18b20\bsp_ds18b20.c         0x00000000   Number         0  bsp_ds18b20.o ABSOLUTE
    ..\..\User\iic\bsp_iic2.c                0x00000000   Number         0  bsp_iic2.o ABSOLUTE
    ..\..\User\main.c                        0x00000000   Number         0  main.o ABSOLUTE
    ..\..\User\stm32f10x_it.c                0x00000000   Number         0  stm32f10x_it.o ABSOLUTE
    ..\..\User\usart\bsp_usart1.c            0x00000000   Number         0  bsp_usart1.o ABSOLUTE
    ..\\..\\Libraries\\CMSIS\\core_cm3.c     0x00000000   Number         0  core_cm3.o ABSOLUTE
    cdrcmple.s                               0x00000000   Number         0  cdrcmple.o ABSOLUTE
    cfcmple.s                                0x00000000   Number         0  cfcmple.o ABSOLUTE
    cfrcmple.s                               0x00000000   Number         0  cfrcmple.o ABSOLUTE
    dc.s                                     0x00000000   Number         0  dc.o ABSOLUTE
    handlers.s                               0x00000000   Number         0  handlers.o ABSOLUTE
    init.s                                   0x00000000   Number         0  init.o ABSOLUTE
    RESET                                    0x08000000   Section      304  startup_stm32f10x_hd.o(RESET)
    .ARM.Collect$$$$00000000                 0x08000130   Section        0  entry.o(.ARM.Collect$$$$00000000)
    .ARM.Collect$$$$00000001                 0x08000130   Section        4  entry2.o(.ARM.Collect$$$$00000001)
    .ARM.Collect$$$$00000004                 0x08000134   Section        4  entry5.o(.ARM.Collect$$$$00000004)
    .ARM.Collect$$$$00000008                 0x08000138   Section        0  entry7b.o(.ARM.Collect$$$$00000008)
    .ARM.Collect$$$$0000000A                 0x08000138   Section        0  entry8b.o(.ARM.Collect$$$$0000000A)
    .ARM.Collect$$$$0000000B                 0x08000138   Section        8  entry9a.o(.ARM.Collect$$$$0000000B)
    .ARM.Collect$$$$0000000D                 0x08000140   Section        0  entry10a.o(.ARM.Collect$$$$0000000D)
    .ARM.Collect$$$$0000000F                 0x08000140   Section        0  entry11a.o(.ARM.Collect$$$$0000000F)
    .ARM.Collect$$$$00002712                 0x08000140   Section        4  entry2.o(.ARM.Collect$$$$00002712)
    __lit__00000000                          0x08000140   Data           4  entry2.o(.ARM.Collect$$$$00002712)
    .text                                    0x08000144   Section       36  startup_stm32f10x_hd.o(.text)
    .text                                    0x08000168   Section        0  dadd.o(.text)
    .text                                    0x080002b6   Section        0  dmul.o(.text)
    .text                                    0x0800039a   Section        0  ddiv.o(.text)
    .text                                    0x08000478   Section        0  uidiv.o(.text)
    .text                                    0x080004a4   Section        0  uldiv.o(.text)
    .text                                    0x08000506   Section        0  llshl.o(.text)
    .text                                    0x08000524   Section        0  llsshr.o(.text)
    .text                                    0x08000548   Section        0  depilogue.o(.text)
    .text                                    0x08000548   Section        0  iusefp.o(.text)
    .text                                    0x08000606   Section        0  dfixul.o(.text)
    .text                                    0x08000638   Section       40  cdrcmple.o(.text)
    .text                                    0x08000660   Section       36  init.o(.text)
    .text                                    0x08000684   Section        0  llushr.o(.text)
    .text                                    0x080006a4   Section        0  __dczerorl2.o(.text)
    i.Array_Coeff_Set                        0x08000700   Section        0  bsp_ds18b20.o(i.Array_Coeff_Set)
    i.Array_Coeff_Set_Chip                   0x08000868   Section        0  bsp_ds18b20.o(i.Array_Coeff_Set_Chip)
    i.Array_Convert_Temp_MUX                 0x08000910   Section        0  bsp_ds18b20.o(i.Array_Convert_Temp_MUX)
    i.Array_Convert_Temp_MUX_Chip            0x080009d0   Section        0  bsp_ds18b20.o(i.Array_Convert_Temp_MUX_Chip)
    i.Array_PARA_Get                         0x08000a18   Section        0  bsp_ds18b20.o(i.Array_PARA_Get)
    i.Array_ROM_Get                          0x08000b0c   Section        0  bsp_ds18b20.o(i.Array_ROM_Get)
    i.Array_ROM_Get_Chip                     0x08000c00   Section        0  bsp_ds18b20.o(i.Array_ROM_Get_Chip)
    i.Array_Scratchpad_Read                  0x08000c74   Section        0  bsp_ds18b20.o(i.Array_Scratchpad_Read)
    i.Array_Set_Parameters                   0x08000d68   Section        0  bsp_ds18b20.o(i.Array_Set_Parameters)
    i.Array_Set_Parameters_Chip              0x08000efc   Section        0  bsp_ds18b20.o(i.Array_Set_Parameters_Chip)
    i.Array_Temp_Read_MUX_Ori                0x08001004   Section        0  bsp_ds18b20.o(i.Array_Temp_Read_MUX_Ori)
    i.Array_Temp_Read_MUX_Ori_Chip           0x080010d8   Section        0  bsp_ds18b20.o(i.Array_Temp_Read_MUX_Ori_Chip)
    i.Board_SEL                              0x08001138   Section        0  bsp_ds18b20.o(i.Board_SEL)
    i.BusFault_Handler                       0x08001ae4   Section        0  stm32f10x_it.o(i.BusFault_Handler)
    i.CRC8_Cal                               0x08001ae8   Section        0  bsp_ds18b20.o(i.CRC8_Cal)
    i.DQ_Copy_PAGE0                          0x08001b28   Section        0  bsp_ds18b20.o(i.DQ_Copy_PAGE0)
    i.DQ_Copy_PAGE1                          0x08001b52   Section        0  bsp_ds18b20.o(i.DQ_Copy_PAGE1)
    i.DQ_Presence                            0x08001b7c   Section        0  bsp_ds18b20.o(i.DQ_Presence)
    DQ_Presence                              0x08001b7d   Thumb Code    26  bsp_ds18b20.o(i.DQ_Presence)
    i.DQ_Read_Bit                            0x08001bac   Section        0  bsp_ds18b20.o(i.DQ_Read_Bit)
    DQ_Read_Bit                              0x08001bad   Thumb Code    10  bsp_ds18b20.o(i.DQ_Read_Bit)
    i.DQ_Read_Byte                           0x08001bb6   Section        0  bsp_ds18b20.o(i.DQ_Read_Byte)
    i.DQ_Read_Parameters                     0x08001be0   Section        0  bsp_ds18b20.o(i.DQ_Read_Parameters)
    i.DQ_Read_Rom_Code                       0x08001c18   Section        0  bsp_ds18b20.o(i.DQ_Read_Rom_Code)
    i.DQ_Read_Scrpad                         0x08001c48   Section        0  bsp_ds18b20.o(i.DQ_Read_Scrpad)
    i.DQ_Recall_EE                           0x08001c80   Section        0  bsp_ds18b20.o(i.DQ_Recall_EE)
    i.DQ_Recall_PAGE0_RES                    0x08001caa   Section        0  bsp_ds18b20.o(i.DQ_Recall_PAGE0_RES)
    i.DQ_Recall_PAGE1                        0x08001cd4   Section        0  bsp_ds18b20.o(i.DQ_Recall_PAGE1)
    i.DQ_Rst                                 0x08001cfe   Section        0  bsp_ds18b20.o(i.DQ_Rst)
    DQ_Rst                                   0x08001cff   Thumb Code    24  bsp_ds18b20.o(i.DQ_Rst)
    i.DQ_Write_Byte                          0x08001d16   Section        0  bsp_ds18b20.o(i.DQ_Write_Byte)
    i.DQ_Write_Parameters                    0x08001d24   Section        0  bsp_ds18b20.o(i.DQ_Write_Parameters)
    i.DebugMon_Handler                       0x08001d9a   Section        0  stm32f10x_it.o(i.DebugMon_Handler)
    i.Delay_us                               0x08001d9c   Section        0  bsp_systick.o(i.Delay_us)
    i.GPIO_Config                            0x08001dc4   Section        0  bsp_ds18b20.o(i.GPIO_Config)
    i.GPIO_Init                              0x08001e38   Section        0  stm32f10x_gpio.o(i.GPIO_Init)
    i.GPIO_ReadInputDataBit                  0x08001f4a   Section        0  stm32f10x_gpio.o(i.GPIO_ReadInputDataBit)
    i.GPIO_ResetBits                         0x08001f5c   Section        0  stm32f10x_gpio.o(i.GPIO_ResetBits)
    i.GPIO_SetBits                           0x08001f60   Section        0  stm32f10x_gpio.o(i.GPIO_SetBits)
    i.HardFault_Handler                      0x08001f64   Section        0  stm32f10x_it.o(i.HardFault_Handler)
    i.I2C2_Init                              0x08001f78   Section        0  bsp_iic2.o(i.I2C2_Init)
    i.I2C_AcknowledgeConfig                  0x08001ffc   Section        0  stm32f10x_i2c.o(i.I2C_AcknowledgeConfig)
    i.I2C_CheckEvent                         0x08002014   Section        0  stm32f10x_i2c.o(i.I2C_CheckEvent)
    i.I2C_Cmd                                0x0800203e   Section        0  stm32f10x_i2c.o(i.I2C_Cmd)
    i.I2C_DeInit                             0x08002058   Section        0  stm32f10x_i2c.o(i.I2C_DeInit)
    i.I2C_GenerateSTART                      0x08002090   Section        0  stm32f10x_i2c.o(i.I2C_GenerateSTART)
    i.I2C_GenerateSTOP                       0x080020a8   Section        0  stm32f10x_i2c.o(i.I2C_GenerateSTOP)
    i.I2C_GetFlagStatus                      0x080020c0   Section        0  stm32f10x_i2c.o(i.I2C_GetFlagStatus)
    i.I2C_Init                               0x080020fc   Section        0  stm32f10x_i2c.o(i.I2C_Init)
    i.I2C_ReceiveData                        0x080021e8   Section        0  stm32f10x_i2c.o(i.I2C_ReceiveData)
    i.I2C_Send7bitAddress                    0x080021f0   Section        0  stm32f10x_i2c.o(i.I2C_Send7bitAddress)
    i.I2C_SendData                           0x08002202   Section        0  stm32f10x_i2c.o(i.I2C_SendData)
    i.M0_GPIO_Config                         0x08002208   Section        0  bsp_ds18b20.o(i.M0_GPIO_Config)
    M0_GPIO_Config                           0x08002209   Thumb Code    50  bsp_ds18b20.o(i.M0_GPIO_Config)
    i.M1_GPIO_Config                         0x08002240   Section        0  bsp_ds18b20.o(i.M1_GPIO_Config)
    M1_GPIO_Config                           0x08002241   Thumb Code    50  bsp_ds18b20.o(i.M1_GPIO_Config)
    i.M2_GPIO_Config                         0x08002278   Section        0  bsp_ds18b20.o(i.M2_GPIO_Config)
    M2_GPIO_Config                           0x08002279   Thumb Code    50  bsp_ds18b20.o(i.M2_GPIO_Config)
    i.MUX1_EN                                0x080022b0   Section        0  bsp_ds18b20.o(i.MUX1_EN)
    i.MUX2_EN                                0x080022d8   Section        0  bsp_ds18b20.o(i.MUX2_EN)
    i.MUX3_EN                                0x08002300   Section        0  bsp_ds18b20.o(i.MUX3_EN)
    i.MUX4_EN                                0x08002328   Section        0  bsp_ds18b20.o(i.MUX4_EN)
    i.MUX5_EN                                0x08002350   Section        0  bsp_ds18b20.o(i.MUX5_EN)
    i.MUX6_EN                                0x08002378   Section        0  bsp_ds18b20.o(i.MUX6_EN)
    i.MUX7_EN                                0x080023a0   Section        0  bsp_ds18b20.o(i.MUX7_EN)
    i.MUX_18B20_OUT_Convert_Temperaure       0x080023c8   Section        0  bsp_ds18b20.o(i.MUX_18B20_OUT_Convert_Temperaure)
    i.MUX_18B20_OUT_GPIO_Config              0x080023e8   Section        0  bsp_ds18b20.o(i.MUX_18B20_OUT_GPIO_Config)
    MUX_18B20_OUT_GPIO_Config                0x080023e9   Thumb Code    46  bsp_ds18b20.o(i.MUX_18B20_OUT_GPIO_Config)
    i.MUX_18B20_OUT_Mode_IPU                 0x0800241c   Section        0  bsp_ds18b20.o(i.MUX_18B20_OUT_Mode_IPU)
    MUX_18B20_OUT_Mode_IPU                   0x0800241d   Thumb Code    24  bsp_ds18b20.o(i.MUX_18B20_OUT_Mode_IPU)
    i.MUX_18B20_OUT_Mode_Out_PP              0x08002438   Section        0  bsp_ds18b20.o(i.MUX_18B20_OUT_Mode_Out_PP)
    MUX_18B20_OUT_Mode_Out_PP                0x08002439   Thumb Code    30  bsp_ds18b20.o(i.MUX_18B20_OUT_Mode_Out_PP)
    i.MUX_18B20_OUT_Presence                 0x0800245c   Section        0  bsp_ds18b20.o(i.MUX_18B20_OUT_Presence)
    MUX_18B20_OUT_Presence                   0x0800245d   Thumb Code    88  bsp_ds18b20.o(i.MUX_18B20_OUT_Presence)
    i.MUX_18B20_OUT_Read_Bit                 0x080024b8   Section        0  bsp_ds18b20.o(i.MUX_18B20_OUT_Read_Bit)
    MUX_18B20_OUT_Read_Bit                   0x080024b9   Thumb Code    64  bsp_ds18b20.o(i.MUX_18B20_OUT_Read_Bit)
    i.MUX_18B20_OUT_Read_Byte                0x080024fc   Section        0  bsp_ds18b20.o(i.MUX_18B20_OUT_Read_Byte)
    i.MUX_18B20_OUT_Read_Temperaure_Ori      0x0800251e   Section        0  bsp_ds18b20.o(i.MUX_18B20_OUT_Read_Temperaure_Ori)
    i.MUX_18B20_OUT_Rst                      0x08002578   Section        0  bsp_ds18b20.o(i.MUX_18B20_OUT_Rst)
    MUX_18B20_OUT_Rst                        0x08002579   Thumb Code    40  bsp_ds18b20.o(i.MUX_18B20_OUT_Rst)
    i.MUX_18B20_OUT_Write_Byte               0x080025a4   Section        0  bsp_ds18b20.o(i.MUX_18B20_OUT_Write_Byte)
    i.MUX_Channel_SEL                        0x08002608   Section        0  bsp_ds18b20.o(i.MUX_Channel_SEL)
    i.MUX_DIS                                0x08002904   Section        0  bsp_ds18b20.o(i.MUX_DIS)
    i.MUX_S0_GPIO_Config                     0x0800292c   Section        0  bsp_ds18b20.o(i.MUX_S0_GPIO_Config)
    MUX_S0_GPIO_Config                       0x0800292d   Thumb Code    50  bsp_ds18b20.o(i.MUX_S0_GPIO_Config)
    i.MUX_S1_GPIO_Config                     0x08002964   Section        0  bsp_ds18b20.o(i.MUX_S1_GPIO_Config)
    MUX_S1_GPIO_Config                       0x08002965   Thumb Code    50  bsp_ds18b20.o(i.MUX_S1_GPIO_Config)
    i.MUX_S2_GPIO_Config                     0x0800299c   Section        0  bsp_ds18b20.o(i.MUX_S2_GPIO_Config)
    MUX_S2_GPIO_Config                       0x0800299d   Thumb Code    50  bsp_ds18b20.o(i.MUX_S2_GPIO_Config)
    i.MUX_S3_GPIO_Config                     0x080029d4   Section        0  bsp_ds18b20.o(i.MUX_S3_GPIO_Config)
    MUX_S3_GPIO_Config                       0x080029d5   Thumb Code    50  bsp_ds18b20.o(i.MUX_S3_GPIO_Config)
    i.MemManage_Handler                      0x08002a0c   Section        0  stm32f10x_it.o(i.MemManage_Handler)
    i.NMI_Handler                            0x08002a10   Section        0  stm32f10x_it.o(i.NMI_Handler)
    i.NVIC_Configuration                     0x08002a12   Section        0  main.o(i.NVIC_Configuration)
    i.NVIC_Init                              0x08002a3c   Section        0  misc.o(i.NVIC_Init)
    i.NVIC_PriorityGroupConfig               0x08002ab0   Section        0  misc.o(i.NVIC_PriorityGroupConfig)
    i.P0_GPIO_Config                         0x08002ac4   Section        0  bsp_ds18b20.o(i.P0_GPIO_Config)
    P0_GPIO_Config                           0x08002ac5   Thumb Code    46  bsp_ds18b20.o(i.P0_GPIO_Config)
    i.P1_GPIO_Config                         0x08002af8   Section        0  bsp_ds18b20.o(i.P1_GPIO_Config)
    P1_GPIO_Config                           0x08002af9   Thumb Code    46  bsp_ds18b20.o(i.P1_GPIO_Config)
    i.P2_GPIO_Config                         0x08002b2c   Section        0  bsp_ds18b20.o(i.P2_GPIO_Config)
    P2_GPIO_Config                           0x08002b2d   Thumb Code    46  bsp_ds18b20.o(i.P2_GPIO_Config)
    i.PendSV_Handler                         0x08002b60   Section        0  stm32f10x_it.o(i.PendSV_Handler)
    i.RCC_APB1PeriphClockCmd                 0x08002b64   Section        0  stm32f10x_rcc.o(i.RCC_APB1PeriphClockCmd)
    i.RCC_APB1PeriphResetCmd                 0x08002b84   Section        0  stm32f10x_rcc.o(i.RCC_APB1PeriphResetCmd)
    i.RCC_APB2PeriphClockCmd                 0x08002ba4   Section        0  stm32f10x_rcc.o(i.RCC_APB2PeriphClockCmd)
    i.RCC_GetClocksFreq                      0x08002bc4   Section        0  stm32f10x_rcc.o(i.RCC_GetClocksFreq)
    i.ROM_redo                               0x08002c98   Section        0  bsp_ds18b20.o(i.ROM_redo)
    i.ROM_redo_CHIP                          0x08002e34   Section        0  bsp_ds18b20.o(i.ROM_redo_CHIP)
    i.Return_7051_Data                       0x08002efc   Section        0  bsp_iic2.o(i.Return_7051_Data)
    i.STRONG_PULLUP_GPIO_Config              0x0800326c   Section        0  bsp_ds18b20.o(i.STRONG_PULLUP_GPIO_Config)
    STRONG_PULLUP_GPIO_Config                0x0800326d   Thumb Code    46  bsp_ds18b20.o(i.STRONG_PULLUP_GPIO_Config)
    i.SUB_E10_GPIO_Config                    0x080032a0   Section        0  bsp_ds18b20.o(i.SUB_E10_GPIO_Config)
    SUB_E10_GPIO_Config                      0x080032a1   Thumb Code    46  bsp_ds18b20.o(i.SUB_E10_GPIO_Config)
    i.SUB_E11_GPIO_Config                    0x080032d4   Section        0  bsp_ds18b20.o(i.SUB_E11_GPIO_Config)
    SUB_E11_GPIO_Config                      0x080032d5   Thumb Code    46  bsp_ds18b20.o(i.SUB_E11_GPIO_Config)
    i.SUB_E12_GPIO_Config                    0x08003308   Section        0  bsp_ds18b20.o(i.SUB_E12_GPIO_Config)
    SUB_E12_GPIO_Config                      0x08003309   Thumb Code    44  bsp_ds18b20.o(i.SUB_E12_GPIO_Config)
    i.SUB_E13_GPIO_Config                    0x08003338   Section        0  bsp_ds18b20.o(i.SUB_E13_GPIO_Config)
    SUB_E13_GPIO_Config                      0x08003339   Thumb Code    46  bsp_ds18b20.o(i.SUB_E13_GPIO_Config)
    i.SUB_E14_GPIO_Config                    0x0800336c   Section        0  bsp_ds18b20.o(i.SUB_E14_GPIO_Config)
    SUB_E14_GPIO_Config                      0x0800336d   Thumb Code    46  bsp_ds18b20.o(i.SUB_E14_GPIO_Config)
    i.SUB_E15_GPIO_Config                    0x080033a0   Section        0  bsp_ds18b20.o(i.SUB_E15_GPIO_Config)
    SUB_E15_GPIO_Config                      0x080033a1   Thumb Code    50  bsp_ds18b20.o(i.SUB_E15_GPIO_Config)
    i.SUB_E16_GPIO_Config                    0x080033d8   Section        0  bsp_ds18b20.o(i.SUB_E16_GPIO_Config)
    SUB_E16_GPIO_Config                      0x080033d9   Thumb Code    50  bsp_ds18b20.o(i.SUB_E16_GPIO_Config)
    i.SUB_E1_GPIO_Config                     0x08003410   Section        0  bsp_ds18b20.o(i.SUB_E1_GPIO_Config)
    SUB_E1_GPIO_Config                       0x08003411   Thumb Code    46  bsp_ds18b20.o(i.SUB_E1_GPIO_Config)
    i.SUB_E2_GPIO_Config                     0x08003444   Section        0  bsp_ds18b20.o(i.SUB_E2_GPIO_Config)
    SUB_E2_GPIO_Config                       0x08003445   Thumb Code    46  bsp_ds18b20.o(i.SUB_E2_GPIO_Config)
    i.SUB_E3_GPIO_Config                     0x08003478   Section        0  bsp_ds18b20.o(i.SUB_E3_GPIO_Config)
    SUB_E3_GPIO_Config                       0x08003479   Thumb Code    44  bsp_ds18b20.o(i.SUB_E3_GPIO_Config)
    i.SUB_E4_GPIO_Config                     0x080034a8   Section        0  bsp_ds18b20.o(i.SUB_E4_GPIO_Config)
    SUB_E4_GPIO_Config                       0x080034a9   Thumb Code    46  bsp_ds18b20.o(i.SUB_E4_GPIO_Config)
    i.SUB_E5_GPIO_Config                     0x080034dc   Section        0  bsp_ds18b20.o(i.SUB_E5_GPIO_Config)
    SUB_E5_GPIO_Config                       0x080034dd   Thumb Code    46  bsp_ds18b20.o(i.SUB_E5_GPIO_Config)
    i.SUB_E6_GPIO_Config                     0x08003510   Section        0  bsp_ds18b20.o(i.SUB_E6_GPIO_Config)
    SUB_E6_GPIO_Config                       0x08003511   Thumb Code    50  bsp_ds18b20.o(i.SUB_E6_GPIO_Config)
    i.SUB_E7_GPIO_Config                     0x08003548   Section        0  bsp_ds18b20.o(i.SUB_E7_GPIO_Config)
    SUB_E7_GPIO_Config                       0x08003549   Thumb Code    50  bsp_ds18b20.o(i.SUB_E7_GPIO_Config)
    i.SUB_E8_GPIO_Config                     0x08003580   Section        0  bsp_ds18b20.o(i.SUB_E8_GPIO_Config)
    SUB_E8_GPIO_Config                       0x08003581   Thumb Code    50  bsp_ds18b20.o(i.SUB_E8_GPIO_Config)
    i.SUB_E9_GPIO_Config                     0x080035b8   Section        0  bsp_ds18b20.o(i.SUB_E9_GPIO_Config)
    SUB_E9_GPIO_Config                       0x080035b9   Thumb Code    46  bsp_ds18b20.o(i.SUB_E9_GPIO_Config)
    i.SVC_Handler                            0x080035ec   Section        0  stm32f10x_it.o(i.SVC_Handler)
    i.SetSysClock                            0x080035ee   Section        0  system_stm32f10x.o(i.SetSysClock)
    SetSysClock                              0x080035ef   Thumb Code     8  system_stm32f10x.o(i.SetSysClock)
    i.SetSysClockTo72                        0x080035f8   Section        0  system_stm32f10x.o(i.SetSysClockTo72)
    SetSysClockTo72                          0x080035f9   Thumb Code   212  system_stm32f10x.o(i.SetSysClockTo72)
    i.SysTick_Handler                        0x080036d4   Section        0  stm32f10x_it.o(i.SysTick_Handler)
    i.SysTick_Init                           0x080036dc   Section        0  bsp_systick.o(i.SysTick_Init)
    i.SystemInit                             0x08003758   Section        0  system_stm32f10x.o(i.SystemInit)
    i.TimingDelay_Decrement                  0x080037b8   Section        0  bsp_systick.o(i.TimingDelay_Decrement)
    i.USART1_Config                          0x080037d0   Section        0  bsp_usart1.o(i.USART1_Config)
    i.USART1_IRQHandler                      0x0800386c   Section        0  stm32f10x_it.o(i.USART1_IRQHandler)
    i.USART_ClearITPendingBit                0x080038f4   Section        0  stm32f10x_usart.o(i.USART_ClearITPendingBit)
    i.USART_Cmd                              0x08003912   Section        0  stm32f10x_usart.o(i.USART_Cmd)
    i.USART_GetFlagStatus                    0x0800392a   Section        0  stm32f10x_usart.o(i.USART_GetFlagStatus)
    i.USART_GetITStatus                      0x08003944   Section        0  stm32f10x_usart.o(i.USART_GetITStatus)
    i.USART_ITConfig                         0x08003998   Section        0  stm32f10x_usart.o(i.USART_ITConfig)
    i.USART_Init                             0x080039e4   Section        0  stm32f10x_usart.o(i.USART_Init)
    i.USART_SendData                         0x08003abc   Section        0  stm32f10x_usart.o(i.USART_SendData)
    i.UsageFault_Handler                     0x08003ac4   Section        0  stm32f10x_it.o(i.UsageFault_Handler)
    i.__0printf                              0x08003ac8   Section        0  printfa.o(i.__0printf)
    i.__scatterload_copy                     0x08003ae8   Section       14  handlers.o(i.__scatterload_copy)
    i.__scatterload_null                     0x08003af6   Section        2  handlers.o(i.__scatterload_null)
    i.__scatterload_zeroinit                 0x08003af8   Section       14  handlers.o(i.__scatterload_zeroinit)
    i._fp_digits                             0x08003b08   Section        0  printfa.o(i._fp_digits)
    _fp_digits                               0x08003b09   Thumb Code   326  printfa.o(i._fp_digits)
    i._printf_core                           0x08003c64   Section        0  printfa.o(i._printf_core)
    _printf_core                             0x08003c65   Thumb Code  1762  printfa.o(i._printf_core)
    i._printf_post_padding                   0x08004354   Section        0  printfa.o(i._printf_post_padding)
    _printf_post_padding                     0x08004355   Thumb Code    38  printfa.o(i._printf_post_padding)
    i._printf_pre_padding                    0x0800437a   Section        0  printfa.o(i._printf_pre_padding)
    _printf_pre_padding                      0x0800437b   Thumb Code    48  printfa.o(i._printf_pre_padding)
    i.fputc                                  0x080043ac   Section        0  bsp_usart1.o(i.fputc)
    i.line_en                                0x080043e0   Section        0  bsp_ds18b20.o(i.line_en)
    i.main                                   0x08004cd4   Section        0  main.o(i.main)
    .data                                    0x20000000   Section       20  system_stm32f10x.o(.data)
    .data                                    0x20000014   Section       20  stm32f10x_rcc.o(.data)
    APBAHBPrescTable                         0x20000014   Data          16  stm32f10x_rcc.o(.data)
    ADCPrescTable                            0x20000024   Data           4  stm32f10x_rcc.o(.data)
    .data                                    0x20000028   Section      812  main.o(.data)
    .data                                    0x20000354   Section        4  stm32f10x_it.o(.data)
    .data                                    0x20000358   Section        4  bsp_systick.o(.data)
    TimingDelay                              0x20000358   Data           4  bsp_systick.o(.data)
    .data                                    0x2000035c   Section        4  stdout.o(.data)
    .bss                                     0x20000360   Section     3020  main.o(.bss)
    .bss                                     0x20000f2c   Section      512  stm32f10x_it.o(.bss)
    STACK                                    0x20001130   Section     1024  startup_stm32f10x_hd.o(STACK)

    Global Symbols

    Symbol Name                              Value     Ov Type        Size  Object(Section)

    BuildAttributes$$THM_ISAv4$P$D$K$B$S$PE$A:L22UL41UL21$X:L11$S22US41US21$IEEE1$IW$USESV6$~STKCKD$USESV7$~SHL$OTIME$ROPI$EBA8$MICROLIB$REQ8$PRES8$EABIv2 0x00000000   Number         0  anon$$obj.o ABSOLUTE
    __ARM_use_no_argv                        0x00000000   Number         0  main.o ABSOLUTE
    _printf_a                                0x00000000   Number         0  stubs.o ABSOLUTE
    _printf_c                                0x00000000   Number         0  stubs.o ABSOLUTE
    _printf_charcount                        0x00000000   Number         0  stubs.o ABSOLUTE
    _printf_d                                0x00000000   Number         0  stubs.o ABSOLUTE
    _printf_e                                0x00000000   Number         0  stubs.o ABSOLUTE
    _printf_f                                0x00000000   Number         0  stubs.o ABSOLUTE
    _printf_flags                            0x00000000   Number         0  stubs.o ABSOLUTE
    _printf_fp_dec                           0x00000000   Number         0  stubs.o ABSOLUTE
    _printf_fp_hex                           0x00000000   Number         0  stubs.o ABSOLUTE
    _printf_g                                0x00000000   Number         0  stubs.o ABSOLUTE
    _printf_i                                0x00000000   Number         0  stubs.o ABSOLUTE
    _printf_int_dec                          0x00000000   Number         0  stubs.o ABSOLUTE
    _printf_l                                0x00000000   Number         0  stubs.o ABSOLUTE
    _printf_lc                               0x00000000   Number         0  stubs.o ABSOLUTE
    _printf_ll                               0x00000000   Number         0  stubs.o ABSOLUTE
    _printf_lld                              0x00000000   Number         0  stubs.o ABSOLUTE
    _printf_lli                              0x00000000   Number         0  stubs.o ABSOLUTE
    _printf_llo                              0x00000000   Number         0  stubs.o ABSOLUTE
    _printf_llu                              0x00000000   Number         0  stubs.o ABSOLUTE
    _printf_llx                              0x00000000   Number         0  stubs.o ABSOLUTE
    _printf_longlong_dec                     0x00000000   Number         0  stubs.o ABSOLUTE
    _printf_longlong_hex                     0x00000000   Number         0  stubs.o ABSOLUTE
    _printf_longlong_oct                     0x00000000   Number         0  stubs.o ABSOLUTE
    _printf_ls                               0x00000000   Number         0  stubs.o ABSOLUTE
    _printf_mbtowc                           0x00000000   Number         0  stubs.o ABSOLUTE
    _printf_n                                0x00000000   Number         0  stubs.o ABSOLUTE
    _printf_o                                0x00000000   Number         0  stubs.o ABSOLUTE
    _printf_p                                0x00000000   Number         0  stubs.o ABSOLUTE
    _printf_percent                          0x00000000   Number         0  stubs.o ABSOLUTE
    _printf_pre_padding                      0x00000000   Number         0  stubs.o ABSOLUTE
    _printf_return_value                     0x00000000   Number         0  stubs.o ABSOLUTE
    _printf_s                                0x00000000   Number         0  stubs.o ABSOLUTE
    _printf_sizespec                         0x00000000   Number         0  stubs.o ABSOLUTE
    _printf_str                              0x00000000   Number         0  stubs.o ABSOLUTE
    _printf_truncate_signed                  0x00000000   Number         0  stubs.o ABSOLUTE
    _printf_truncate_unsigned                0x00000000   Number         0  stubs.o ABSOLUTE
    _printf_u                                0x00000000   Number         0  stubs.o ABSOLUTE
    _printf_wc                               0x00000000   Number         0  stubs.o ABSOLUTE
    _printf_wctomb                           0x00000000   Number         0  stubs.o ABSOLUTE
    _printf_widthprec                        0x00000000   Number         0  stubs.o ABSOLUTE
    _printf_x                                0x00000000   Number         0  stubs.o ABSOLUTE
    __cpp_initialize__aeabi_                  - Undefined Weak Reference
    __cxa_finalize                            - Undefined Weak Reference
    _clock_init                               - Undefined Weak Reference
    _microlib_exit                            - Undefined Weak Reference
    __Vectors_Size                           0x00000130   Number         0  startup_stm32f10x_hd.o ABSOLUTE
    __Vectors                                0x08000000   Data           4  startup_stm32f10x_hd.o(RESET)
    __Vectors_End                            0x08000130   Data           0  startup_stm32f10x_hd.o(RESET)
    __main                                   0x08000131   Thumb Code     0  entry.o(.ARM.Collect$$$$00000000)
    _main_stk                                0x08000131   Thumb Code     0  entry2.o(.ARM.Collect$$$$00000001)
    _main_scatterload                        0x08000135   Thumb Code     0  entry5.o(.ARM.Collect$$$$00000004)
    __main_after_scatterload                 0x08000139   Thumb Code     0  entry5.o(.ARM.Collect$$$$00000004)
    _main_clock                              0x08000139   Thumb Code     0  entry7b.o(.ARM.Collect$$$$00000008)
    _main_cpp_init                           0x08000139   Thumb Code     0  entry8b.o(.ARM.Collect$$$$0000000A)
    _main_init                               0x08000139   Thumb Code     0  entry9a.o(.ARM.Collect$$$$0000000B)
    __rt_final_cpp                           0x08000141   Thumb Code     0  entry10a.o(.ARM.Collect$$$$0000000D)
    __rt_final_exit                          0x08000141   Thumb Code     0  entry11a.o(.ARM.Collect$$$$0000000F)
    Reset_Handler                            0x08000145   Thumb Code     8  startup_stm32f10x_hd.o(.text)
    ADC1_2_IRQHandler                        0x0800015f   Thumb Code     0  startup_stm32f10x_hd.o(.text)
    ADC3_IRQHandler                          0x0800015f   Thumb Code     0  startup_stm32f10x_hd.o(.text)
    CAN1_RX1_IRQHandler                      0x0800015f   Thumb Code     0  startup_stm32f10x_hd.o(.text)
    CAN1_SCE_IRQHandler                      0x0800015f   Thumb Code     0  startup_stm32f10x_hd.o(.text)
    DMA1_Channel1_IRQHandler                 0x0800015f   Thumb Code     0  startup_stm32f10x_hd.o(.text)
    DMA1_Channel2_IRQHandler                 0x0800015f   Thumb Code     0  startup_stm32f10x_hd.o(.text)
    DMA1_Channel3_IRQHandler                 0x0800015f   Thumb Code     0  startup_stm32f10x_hd.o(.text)
    DMA1_Channel4_IRQHandler                 0x0800015f   Thumb Code     0  startup_stm32f10x_hd.o(.text)
    DMA1_Channel5_IRQHandler                 0x0800015f   Thumb Code     0  startup_stm32f10x_hd.o(.text)
    DMA1_Channel6_IRQHandler                 0x0800015f   Thumb Code     0  startup_stm32f10x_hd.o(.text)
    DMA1_Channel7_IRQHandler                 0x0800015f   Thumb Code     0  startup_stm32f10x_hd.o(.text)
    DMA2_Channel1_IRQHandler                 0x0800015f   Thumb Code     0  startup_stm32f10x_hd.o(.text)
    DMA2_Channel2_IRQHandler                 0x0800015f   Thumb Code     0  startup_stm32f10x_hd.o(.text)
    DMA2_Channel3_IRQHandler                 0x0800015f   Thumb Code     0  startup_stm32f10x_hd.o(.text)
    DMA2_Channel4_5_IRQHandler               0x0800015f   Thumb Code     0  startup_stm32f10x_hd.o(.text)
    EXTI0_IRQHandler                         0x0800015f   Thumb Code     0  startup_stm32f10x_hd.o(.text)
    EXTI15_10_IRQHandler                     0x0800015f   Thumb Code     0  startup_stm32f10x_hd.o(.text)
    EXTI1_IRQHandler                         0x0800015f   Thumb Code     0  startup_stm32f10x_hd.o(.text)
    EXTI2_IRQHandler                         0x0800015f   Thumb Code     0  startup_stm32f10x_hd.o(.text)
    EXTI3_IRQHandler                         0x0800015f   Thumb Code     0  startup_stm32f10x_hd.o(.text)
    EXTI4_IRQHandler                         0x0800015f   Thumb Code     0  startup_stm32f10x_hd.o(.text)
    EXTI9_5_IRQHandler                       0x0800015f   Thumb Code     0  startup_stm32f10x_hd.o(.text)
    FLASH_IRQHandler                         0x0800015f   Thumb Code     0  startup_stm32f10x_hd.o(.text)
    FSMC_IRQHandler                          0x0800015f   Thumb Code     0  startup_stm32f10x_hd.o(.text)
    I2C1_ER_IRQHandler                       0x0800015f   Thumb Code     0  startup_stm32f10x_hd.o(.text)
    I2C1_EV_IRQHandler                       0x0800015f   Thumb Code     0  startup_stm32f10x_hd.o(.text)
    I2C2_ER_IRQHandler                       0x0800015f   Thumb Code     0  startup_stm32f10x_hd.o(.text)
    I2C2_EV_IRQHandler                       0x0800015f   Thumb Code     0  startup_stm32f10x_hd.o(.text)
    PVD_IRQHandler                           0x0800015f   Thumb Code     0  startup_stm32f10x_hd.o(.text)
    RCC_IRQHandler                           0x0800015f   Thumb Code     0  startup_stm32f10x_hd.o(.text)
    RTCAlarm_IRQHandler                      0x0800015f   Thumb Code     0  startup_stm32f10x_hd.o(.text)
    RTC_IRQHandler                           0x0800015f   Thumb Code     0  startup_stm32f10x_hd.o(.text)
    SDIO_IRQHandler                          0x0800015f   Thumb Code     0  startup_stm32f10x_hd.o(.text)
    SPI1_IRQHandler                          0x0800015f   Thumb Code     0  startup_stm32f10x_hd.o(.text)
    SPI2_IRQHandler                          0x0800015f   Thumb Code     0  startup_stm32f10x_hd.o(.text)
    SPI3_IRQHandler                          0x0800015f   Thumb Code     0  startup_stm32f10x_hd.o(.text)
    TAMPER_IRQHandler                        0x0800015f   Thumb Code     0  startup_stm32f10x_hd.o(.text)
    TIM1_BRK_IRQHandler                      0x0800015f   Thumb Code     0  startup_stm32f10x_hd.o(.text)
    TIM1_CC_IRQHandler                       0x0800015f   Thumb Code     0  startup_stm32f10x_hd.o(.text)
    TIM1_TRG_COM_IRQHandler                  0x0800015f   Thumb Code     0  startup_stm32f10x_hd.o(.text)
    TIM1_UP_IRQHandler                       0x0800015f   Thumb Code     0  startup_stm32f10x_hd.o(.text)
    TIM2_IRQHandler                          0x0800015f   Thumb Code     0  startup_stm32f10x_hd.o(.text)
    TIM3_IRQHandler                          0x0800015f   Thumb Code     0  startup_stm32f10x_hd.o(.text)
    TIM4_IRQHandler                          0x0800015f   Thumb Code     0  startup_stm32f10x_hd.o(.text)
    TIM5_IRQHandler                          0x0800015f   Thumb Code     0  startup_stm32f10x_hd.o(.text)
    TIM6_IRQHandler                          0x0800015f   Thumb Code     0  startup_stm32f10x_hd.o(.text)
    TIM7_IRQHandler                          0x0800015f   Thumb Code     0  startup_stm32f10x_hd.o(.text)
    TIM8_BRK_IRQHandler                      0x0800015f   Thumb Code     0  startup_stm32f10x_hd.o(.text)
    TIM8_CC_IRQHandler                       0x0800015f   Thumb Code     0  startup_stm32f10x_hd.o(.text)
    TIM8_TRG_COM_IRQHandler                  0x0800015f   Thumb Code     0  startup_stm32f10x_hd.o(.text)
    TIM8_UP_IRQHandler                       0x0800015f   Thumb Code     0  startup_stm32f10x_hd.o(.text)
    UART4_IRQHandler                         0x0800015f   Thumb Code     0  startup_stm32f10x_hd.o(.text)
    UART5_IRQHandler                         0x0800015f   Thumb Code     0  startup_stm32f10x_hd.o(.text)
    USART2_IRQHandler                        0x0800015f   Thumb Code     0  startup_stm32f10x_hd.o(.text)
    USART3_IRQHandler                        0x0800015f   Thumb Code     0  startup_stm32f10x_hd.o(.text)
    USBWakeUp_IRQHandler                     0x0800015f   Thumb Code     0  startup_stm32f10x_hd.o(.text)
    USB_HP_CAN1_TX_IRQHandler                0x0800015f   Thumb Code     0  startup_stm32f10x_hd.o(.text)
    USB_LP_CAN1_RX0_IRQHandler               0x0800015f   Thumb Code     0  startup_stm32f10x_hd.o(.text)
    WWDG_IRQHandler                          0x0800015f   Thumb Code     0  startup_stm32f10x_hd.o(.text)
    __aeabi_dadd                             0x08000169   Thumb Code   322  dadd.o(.text)
    __aeabi_dsub                             0x080002ab   Thumb Code     6  dadd.o(.text)
    __aeabi_drsub                            0x080002b1   Thumb Code     6  dadd.o(.text)
    __aeabi_dmul                             0x080002b7   Thumb Code   228  dmul.o(.text)
    __aeabi_ddiv                             0x0800039b   Thumb Code   222  ddiv.o(.text)
    __aeabi_uidiv                            0x08000479   Thumb Code     0  uidiv.o(.text)
    __aeabi_uidivmod                         0x08000479   Thumb Code    44  uidiv.o(.text)
    __aeabi_uldivmod                         0x080004a5   Thumb Code    98  uldiv.o(.text)
    __aeabi_llsl                             0x08000507   Thumb Code    30  llshl.o(.text)
    _ll_shift_l                              0x08000507   Thumb Code     0  llshl.o(.text)
    __aeabi_lasr                             0x08000525   Thumb Code    36  llsshr.o(.text)
    _ll_sshift_r                             0x08000525   Thumb Code     0  llsshr.o(.text)
    __I$use$fp                               0x08000549   Thumb Code     0  iusefp.o(.text)
    _double_round                            0x08000549   Thumb Code    26  depilogue.o(.text)
    _double_epilogue                         0x08000563   Thumb Code   164  depilogue.o(.text)
    __aeabi_d2ulz                            0x08000607   Thumb Code    48  dfixul.o(.text)
    __aeabi_cdrcmple                         0x08000639   Thumb Code    38  cdrcmple.o(.text)
    __scatterload                            0x08000661   Thumb Code    28  init.o(.text)
    __scatterload_rt2                        0x08000661   Thumb Code     0  init.o(.text)
    __aeabi_llsr                             0x08000685   Thumb Code    32  llushr.o(.text)
    _ll_ushift_r                             0x08000685   Thumb Code     0  llushr.o(.text)
    __decompress                             0x080006a5   Thumb Code     0  __dczerorl2.o(.text)
    __decompress1                            0x080006a5   Thumb Code    92  __dczerorl2.o(.text)
    Array_Coeff_Set                          0x08000701   Thumb Code   354  bsp_ds18b20.o(i.Array_Coeff_Set)
    Array_Coeff_Set_Chip                     0x08000869   Thumb Code   162  bsp_ds18b20.o(i.Array_Coeff_Set_Chip)
    Array_Convert_Temp_MUX                   0x08000911   Thumb Code   186  bsp_ds18b20.o(i.Array_Convert_Temp_MUX)
    Array_Convert_Temp_MUX_Chip              0x080009d1   Thumb Code    68  bsp_ds18b20.o(i.Array_Convert_Temp_MUX_Chip)
    Array_PARA_Get                           0x08000a19   Thumb Code   238  bsp_ds18b20.o(i.Array_PARA_Get)
    Array_ROM_Get                            0x08000b0d   Thumb Code   238  bsp_ds18b20.o(i.Array_ROM_Get)
    Array_ROM_Get_Chip                       0x08000c01   Thumb Code   110  bsp_ds18b20.o(i.Array_ROM_Get_Chip)
    Array_Scratchpad_Read                    0x08000c75   Thumb Code   238  bsp_ds18b20.o(i.Array_Scratchpad_Read)
    Array_Set_Parameters                     0x08000d69   Thumb Code   400  bsp_ds18b20.o(i.Array_Set_Parameters)
    Array_Set_Parameters_Chip                0x08000efd   Thumb Code   260  bsp_ds18b20.o(i.Array_Set_Parameters_Chip)
    Array_Temp_Read_MUX_Ori                  0x08001005   Thumb Code   208  bsp_ds18b20.o(i.Array_Temp_Read_MUX_Ori)
    Array_Temp_Read_MUX_Ori_Chip             0x080010d9   Thumb Code    90  bsp_ds18b20.o(i.Array_Temp_Read_MUX_Ori_Chip)
    Board_SEL                                0x08001139   Thumb Code  2468  bsp_ds18b20.o(i.Board_SEL)
    BusFault_Handler                         0x08001ae5   Thumb Code     4  stm32f10x_it.o(i.BusFault_Handler)
    CRC8_Cal                                 0x08001ae9   Thumb Code    64  bsp_ds18b20.o(i.CRC8_Cal)
    DQ_Copy_PAGE0                            0x08001b29   Thumb Code    42  bsp_ds18b20.o(i.DQ_Copy_PAGE0)
    DQ_Copy_PAGE1                            0x08001b53   Thumb Code    42  bsp_ds18b20.o(i.DQ_Copy_PAGE1)
    DQ_Read_Byte                             0x08001bb7   Thumb Code    42  bsp_ds18b20.o(i.DQ_Read_Byte)
    DQ_Read_Parameters                       0x08001be1   Thumb Code    56  bsp_ds18b20.o(i.DQ_Read_Parameters)
    DQ_Read_Rom_Code                         0x08001c19   Thumb Code    48  bsp_ds18b20.o(i.DQ_Read_Rom_Code)
    DQ_Read_Scrpad                           0x08001c49   Thumb Code    56  bsp_ds18b20.o(i.DQ_Read_Scrpad)
    DQ_Recall_EE                             0x08001c81   Thumb Code    42  bsp_ds18b20.o(i.DQ_Recall_EE)
    DQ_Recall_PAGE0_RES                      0x08001cab   Thumb Code    42  bsp_ds18b20.o(i.DQ_Recall_PAGE0_RES)
    DQ_Recall_PAGE1                          0x08001cd5   Thumb Code    42  bsp_ds18b20.o(i.DQ_Recall_PAGE1)
    DQ_Write_Byte                            0x08001d17   Thumb Code    14  bsp_ds18b20.o(i.DQ_Write_Byte)
    DQ_Write_Parameters                      0x08001d25   Thumb Code   118  bsp_ds18b20.o(i.DQ_Write_Parameters)
    DebugMon_Handler                         0x08001d9b   Thumb Code     2  stm32f10x_it.o(i.DebugMon_Handler)
    Delay_us                                 0x08001d9d   Thumb Code    36  bsp_systick.o(i.Delay_us)
    GPIO_Config                              0x08001dc5   Thumb Code   116  bsp_ds18b20.o(i.GPIO_Config)
    GPIO_Init                                0x08001e39   Thumb Code   274  stm32f10x_gpio.o(i.GPIO_Init)
    GPIO_ReadInputDataBit                    0x08001f4b   Thumb Code    18  stm32f10x_gpio.o(i.GPIO_ReadInputDataBit)
    GPIO_ResetBits                           0x08001f5d   Thumb Code     4  stm32f10x_gpio.o(i.GPIO_ResetBits)
    GPIO_SetBits                             0x08001f61   Thumb Code     4  stm32f10x_gpio.o(i.GPIO_SetBits)
    HardFault_Handler                        0x08001f65   Thumb Code    16  stm32f10x_it.o(i.HardFault_Handler)
    I2C2_Init                                0x08001f79   Thumb Code   120  bsp_iic2.o(i.I2C2_Init)
    I2C_AcknowledgeConfig                    0x08001ffd   Thumb Code    24  stm32f10x_i2c.o(i.I2C_AcknowledgeConfig)
    I2C_CheckEvent                           0x08002015   Thumb Code    42  stm32f10x_i2c.o(i.I2C_CheckEvent)
    I2C_Cmd                                  0x0800203f   Thumb Code    24  stm32f10x_i2c.o(i.I2C_Cmd)
    I2C_DeInit                               0x08002059   Thumb Code    50  stm32f10x_i2c.o(i.I2C_DeInit)
    I2C_GenerateSTART                        0x08002091   Thumb Code    24  stm32f10x_i2c.o(i.I2C_GenerateSTART)
    I2C_GenerateSTOP                         0x080020a9   Thumb Code    24  stm32f10x_i2c.o(i.I2C_GenerateSTOP)
    I2C_GetFlagStatus                        0x080020c1   Thumb Code    58  stm32f10x_i2c.o(i.I2C_GetFlagStatus)
    I2C_Init                                 0x080020fd   Thumb Code   222  stm32f10x_i2c.o(i.I2C_Init)
    I2C_ReceiveData                          0x080021e9   Thumb Code     8  stm32f10x_i2c.o(i.I2C_ReceiveData)
    I2C_Send7bitAddress                      0x080021f1   Thumb Code    18  stm32f10x_i2c.o(i.I2C_Send7bitAddress)
    I2C_SendData                             0x08002203   Thumb Code     4  stm32f10x_i2c.o(i.I2C_SendData)
    MUX1_EN                                  0x080022b1   Thumb Code    34  bsp_ds18b20.o(i.MUX1_EN)
    MUX2_EN                                  0x080022d9   Thumb Code    34  bsp_ds18b20.o(i.MUX2_EN)
    MUX3_EN                                  0x08002301   Thumb Code    34  bsp_ds18b20.o(i.MUX3_EN)
    MUX4_EN                                  0x08002329   Thumb Code    34  bsp_ds18b20.o(i.MUX4_EN)
    MUX5_EN                                  0x08002351   Thumb Code    34  bsp_ds18b20.o(i.MUX5_EN)
    MUX6_EN                                  0x08002379   Thumb Code    34  bsp_ds18b20.o(i.MUX6_EN)
    MUX7_EN                                  0x080023a1   Thumb Code    34  bsp_ds18b20.o(i.MUX7_EN)
    MUX_18B20_OUT_Convert_Temperaure         0x080023c9   Thumb Code    32  bsp_ds18b20.o(i.MUX_18B20_OUT_Convert_Temperaure)
    MUX_18B20_OUT_Read_Byte                  0x080024fd   Thumb Code    34  bsp_ds18b20.o(i.MUX_18B20_OUT_Read_Byte)
    MUX_18B20_OUT_Read_Temperaure_Ori        0x0800251f   Thumb Code    88  bsp_ds18b20.o(i.MUX_18B20_OUT_Read_Temperaure_Ori)
    MUX_18B20_OUT_Write_Byte                 0x080025a5   Thumb Code    94  bsp_ds18b20.o(i.MUX_18B20_OUT_Write_Byte)
    MUX_Channel_SEL                          0x08002609   Thumb Code   758  bsp_ds18b20.o(i.MUX_Channel_SEL)
    MUX_DIS                                  0x08002905   Thumb Code    34  bsp_ds18b20.o(i.MUX_DIS)
    MemManage_Handler                        0x08002a0d   Thumb Code     4  stm32f10x_it.o(i.MemManage_Handler)
    NMI_Handler                              0x08002a11   Thumb Code     2  stm32f10x_it.o(i.NMI_Handler)
    NVIC_Configuration                       0x08002a13   Thumb Code    40  main.o(i.NVIC_Configuration)
    NVIC_Init                                0x08002a3d   Thumb Code   102  misc.o(i.NVIC_Init)
    NVIC_PriorityGroupConfig                 0x08002ab1   Thumb Code    10  misc.o(i.NVIC_PriorityGroupConfig)
    PendSV_Handler                           0x08002b61   Thumb Code     2  stm32f10x_it.o(i.PendSV_Handler)
    RCC_APB1PeriphClockCmd                   0x08002b65   Thumb Code    26  stm32f10x_rcc.o(i.RCC_APB1PeriphClockCmd)
    RCC_APB1PeriphResetCmd                   0x08002b85   Thumb Code    26  stm32f10x_rcc.o(i.RCC_APB1PeriphResetCmd)
    RCC_APB2PeriphClockCmd                   0x08002ba5   Thumb Code    26  stm32f10x_rcc.o(i.RCC_APB2PeriphClockCmd)
    RCC_GetClocksFreq                        0x08002bc5   Thumb Code   192  stm32f10x_rcc.o(i.RCC_GetClocksFreq)
    ROM_redo                                 0x08002c99   Thumb Code   406  bsp_ds18b20.o(i.ROM_redo)
    ROM_redo_CHIP                            0x08002e35   Thumb Code   194  bsp_ds18b20.o(i.ROM_redo_CHIP)
    Return_7051_Data                         0x08002efd   Thumb Code   862  bsp_iic2.o(i.Return_7051_Data)
    SVC_Handler                              0x080035ed   Thumb Code     2  stm32f10x_it.o(i.SVC_Handler)
    SysTick_Handler                          0x080036d5   Thumb Code     8  stm32f10x_it.o(i.SysTick_Handler)
    SysTick_Init                             0x080036dd   Thumb Code   106  bsp_systick.o(i.SysTick_Init)
    SystemInit                               0x08003759   Thumb Code    78  system_stm32f10x.o(i.SystemInit)
    TimingDelay_Decrement                    0x080037b9   Thumb Code    18  bsp_systick.o(i.TimingDelay_Decrement)
    USART1_Config                            0x080037d1   Thumb Code   146  bsp_usart1.o(i.USART1_Config)
    USART1_IRQHandler                        0x0800386d   Thumb Code   118  stm32f10x_it.o(i.USART1_IRQHandler)
    USART_ClearITPendingBit                  0x080038f5   Thumb Code    30  stm32f10x_usart.o(i.USART_ClearITPendingBit)
    USART_Cmd                                0x08003913   Thumb Code    24  stm32f10x_usart.o(i.USART_Cmd)
    USART_GetFlagStatus                      0x0800392b   Thumb Code    26  stm32f10x_usart.o(i.USART_GetFlagStatus)
    USART_GetITStatus                        0x08003945   Thumb Code    84  stm32f10x_usart.o(i.USART_GetITStatus)
    USART_ITConfig                           0x08003999   Thumb Code    74  stm32f10x_usart.o(i.USART_ITConfig)
    USART_Init                               0x080039e5   Thumb Code   210  stm32f10x_usart.o(i.USART_Init)
    USART_SendData                           0x08003abd   Thumb Code     8  stm32f10x_usart.o(i.USART_SendData)
    UsageFault_Handler                       0x08003ac5   Thumb Code     4  stm32f10x_it.o(i.UsageFault_Handler)
    __0printf                                0x08003ac9   Thumb Code    22  printfa.o(i.__0printf)
    __1printf                                0x08003ac9   Thumb Code     0  printfa.o(i.__0printf)
    __2printf                                0x08003ac9   Thumb Code     0  printfa.o(i.__0printf)
    __c89printf                              0x08003ac9   Thumb Code     0  printfa.o(i.__0printf)
    printf                                   0x08003ac9   Thumb Code     0  printfa.o(i.__0printf)
    __scatterload_copy                       0x08003ae9   Thumb Code    14  handlers.o(i.__scatterload_copy)
    __scatterload_null                       0x08003af7   Thumb Code     2  handlers.o(i.__scatterload_null)
    __scatterload_zeroinit                   0x08003af9   Thumb Code    14  handlers.o(i.__scatterload_zeroinit)
    fputc                                    0x080043ad   Thumb Code    46  bsp_usart1.o(i.fputc)
    line_en                                  0x080043e1   Thumb Code  2292  bsp_ds18b20.o(i.line_en)
    main                                     0x08004cd5   Thumb Code  2944  main.o(i.main)
    Region$$Table$$Base                      0x08005888   Number         0  anon$$obj.o(Region$$Table)
    Region$$Table$$Limit                     0x080058a8   Number         0  anon$$obj.o(Region$$Table)
    SystemCoreClock                          0x20000000   Data           4  system_stm32f10x.o(.data)
    AHBPrescTable                            0x20000004   Data          16  system_stm32f10x.o(.data)
    ROM_Buff                                 0x20000028   Data         800  main.o(.data)
    TEMP_Buff                                0x20000348   Data           2  main.o(.data)
    STATE                                    0x2000034a   Data           2  main.o(.data)
    BOARD_INDEX                              0x2000034c   Data           1  main.o(.data)
    ROW_INDEX                                0x2000034d   Data           1  main.o(.data)
    COL_INDEX                                0x2000034e   Data           1  main.o(.data)
    PACKAGE_LEN                              0x20000350   Data           4  main.o(.data)
    ii                                       0x20000354   Data           4  stm32f10x_it.o(.data)
    __stdout                                 0x2000035c   Data           4  stdout.o(.data)
    ID_Buff                                  0x20000360   Data         800  main.o(.bss)
    PARA_Buff                                0x20000680   Data         800  main.o(.bss)
    SCRPAD_Buff                              0x200009a0   Data         900  main.o(.bss)
    TEMP_TRANS_Buff_now                      0x20000d24   Data         200  main.o(.bss)
    array                                    0x20000dec   Data          20  main.o(.bss)
    COEFF_Buff                               0x20000e00   Data         300  main.o(.bss)
    buffer                                   0x20000f2c   Data         512  stm32f10x_it.o(.bss)
    __initial_sp                             0x20001530   Data           0  startup_stm32f10x_hd.o(STACK)



==============================================================================

Memory Map of the image

  Image Entry point : 0x08000131

  Load Region LR_IROM1 (Base: 0x08000000, Size: 0x00005c08, Max: 0x00020000, ABSOLUTE, COMPRESSED[0x000058cc])

    Execution Region ER_IROM1 (Base: 0x08000000, Size: 0x000058a8, Max: 0x00020000, ABSOLUTE)

    Base Addr    Size         Type   Attr      Idx    E Section Name        Object

    0x08000000   0x00000130   Data   RO            3    RESET               startup_stm32f10x_hd.o
    0x08000130   0x00000000   Code   RO         4033  * .ARM.Collect$$$$00000000  mc_w.l(entry.o)
    0x08000130   0x00000004   Code   RO         4321    .ARM.Collect$$$$00000001  mc_w.l(entry2.o)
    0x08000134   0x00000004   Code   RO         4324    .ARM.Collect$$$$00000004  mc_w.l(entry5.o)
    0x08000138   0x00000000   Code   RO         4326    .ARM.Collect$$$$00000008  mc_w.l(entry7b.o)
    0x08000138   0x00000000   Code   RO         4328    .ARM.Collect$$$$0000000A  mc_w.l(entry8b.o)
    0x08000138   0x00000008   Code   RO         4329    .ARM.Collect$$$$0000000B  mc_w.l(entry9a.o)
    0x08000140   0x00000000   Code   RO         4331    .ARM.Collect$$$$0000000D  mc_w.l(entry10a.o)
    0x08000140   0x00000000   Code   RO         4333    .ARM.Collect$$$$0000000F  mc_w.l(entry11a.o)
    0x08000140   0x00000004   Code   RO         4322    .ARM.Collect$$$$00002712  mc_w.l(entry2.o)
    0x08000144   0x00000024   Code   RO            4    .text               startup_stm32f10x_hd.o
    0x08000168   0x0000014e   Code   RO         4303    .text               mf_w.l(dadd.o)
    0x080002b6   0x000000e4   Code   RO         4305    .text               mf_w.l(dmul.o)
    0x0800039a   0x000000de   Code   RO         4307    .text               mf_w.l(ddiv.o)
    0x08000478   0x0000002c   Code   RO         4336    .text               mc_w.l(uidiv.o)
    0x080004a4   0x00000062   Code   RO         4338    .text               mc_w.l(uldiv.o)
    0x08000506   0x0000001e   Code   RO         4340    .text               mc_w.l(llshl.o)
    0x08000524   0x00000024   Code   RO         4342    .text               mc_w.l(llsshr.o)
    0x08000548   0x00000000   Code   RO         4344    .text               mc_w.l(iusefp.o)
    0x08000548   0x000000be   Code   RO         4347    .text               mf_w.l(depilogue.o)
    0x08000606   0x00000030   Code   RO         4349    .text               mf_w.l(dfixul.o)
    0x08000636   0x00000002   PAD
    0x08000638   0x00000028   Code   RO         4351    .text               mf_w.l(cdrcmple.o)
    0x08000660   0x00000024   Code   RO         4353    .text               mc_w.l(init.o)
    0x08000684   0x00000020   Code   RO         4355    .text               mc_w.l(llushr.o)
    0x080006a4   0x0000005c   Code   RO         4365    .text               mc_w.l(__dczerorl2.o)
    0x08000700   0x00000168   Code   RO         3307    i.Array_Coeff_Set   bsp_ds18b20.o
    0x08000868   0x000000a8   Code   RO         3308    i.Array_Coeff_Set_Chip  bsp_ds18b20.o
    0x08000910   0x000000c0   Code   RO         3311    i.Array_Convert_Temp_MUX  bsp_ds18b20.o
    0x080009d0   0x00000048   Code   RO         3312    i.Array_Convert_Temp_MUX_Chip  bsp_ds18b20.o
    0x08000a18   0x000000f4   Code   RO         3315    i.Array_PARA_Get    bsp_ds18b20.o
    0x08000b0c   0x000000f4   Code   RO         3316    i.Array_ROM_Get     bsp_ds18b20.o
    0x08000c00   0x00000074   Code   RO         3317    i.Array_ROM_Get_Chip  bsp_ds18b20.o
    0x08000c74   0x000000f4   Code   RO         3321    i.Array_Scratchpad_Read  bsp_ds18b20.o
    0x08000d68   0x00000194   Code   RO         3322    i.Array_Set_Parameters  bsp_ds18b20.o
    0x08000efc   0x00000108   Code   RO         3323    i.Array_Set_Parameters_Chip  bsp_ds18b20.o
    0x08001004   0x000000d4   Code   RO         3329    i.Array_Temp_Read_MUX_Ori  bsp_ds18b20.o
    0x080010d8   0x00000060   Code   RO         3330    i.Array_Temp_Read_MUX_Ori_Chip  bsp_ds18b20.o
    0x08001138   0x000009ac   Code   RO         3333    i.Board_SEL         bsp_ds18b20.o
    0x08001ae4   0x00000004   Code   RO         3150    i.BusFault_Handler  stm32f10x_it.o
    0x08001ae8   0x00000040   Code   RO         3334    i.CRC8_Cal          bsp_ds18b20.o
    0x08001b28   0x0000002a   Code   RO         3337    i.DQ_Copy_PAGE0     bsp_ds18b20.o
    0x08001b52   0x0000002a   Code   RO         3338    i.DQ_Copy_PAGE1     bsp_ds18b20.o
    0x08001b7c   0x00000030   Code   RO         3339    i.DQ_Presence       bsp_ds18b20.o
    0x08001bac   0x0000000a   Code   RO         3341    i.DQ_Read_Bit       bsp_ds18b20.o
    0x08001bb6   0x0000002a   Code   RO         3342    i.DQ_Read_Byte      bsp_ds18b20.o
    0x08001be0   0x00000038   Code   RO         3343    i.DQ_Read_Parameters  bsp_ds18b20.o
    0x08001c18   0x00000030   Code   RO         3344    i.DQ_Read_Rom_Code  bsp_ds18b20.o
    0x08001c48   0x00000038   Code   RO         3345    i.DQ_Read_Scrpad    bsp_ds18b20.o
    0x08001c80   0x0000002a   Code   RO         3348    i.DQ_Recall_EE      bsp_ds18b20.o
    0x08001caa   0x0000002a   Code   RO         3349    i.DQ_Recall_PAGE0_RES  bsp_ds18b20.o
    0x08001cd4   0x0000002a   Code   RO         3350    i.DQ_Recall_PAGE1   bsp_ds18b20.o
    0x08001cfe   0x00000018   Code   RO         3351    i.DQ_Rst            bsp_ds18b20.o
    0x08001d16   0x0000000e   Code   RO         3354    i.DQ_Write_Byte     bsp_ds18b20.o
    0x08001d24   0x00000076   Code   RO         3355    i.DQ_Write_Parameters  bsp_ds18b20.o
    0x08001d9a   0x00000002   Code   RO         3151    i.DebugMon_Handler  stm32f10x_it.o
    0x08001d9c   0x00000028   Code   RO         3250    i.Delay_us          bsp_systick.o
    0x08001dc4   0x00000074   Code   RO         3361    i.GPIO_Config       bsp_ds18b20.o
    0x08001e38   0x00000112   Code   RO         1268    i.GPIO_Init         stm32f10x_gpio.o
    0x08001f4a   0x00000012   Code   RO         1272    i.GPIO_ReadInputDataBit  stm32f10x_gpio.o
    0x08001f5c   0x00000004   Code   RO         1275    i.GPIO_ResetBits    stm32f10x_gpio.o
    0x08001f60   0x00000004   Code   RO         1276    i.GPIO_SetBits      stm32f10x_gpio.o
    0x08001f64   0x00000014   Code   RO         3152    i.HardFault_Handler  stm32f10x_it.o
    0x08001f78   0x00000084   Code   RO         3986    i.I2C2_Init         bsp_iic2.o
    0x08001ffc   0x00000018   Code   RO         1377    i.I2C_AcknowledgeConfig  stm32f10x_i2c.o
    0x08002014   0x0000002a   Code   RO         1379    i.I2C_CheckEvent    stm32f10x_i2c.o
    0x0800203e   0x00000018   Code   RO         1382    i.I2C_Cmd           stm32f10x_i2c.o
    0x08002056   0x00000002   PAD
    0x08002058   0x00000038   Code   RO         1385    i.I2C_DeInit        stm32f10x_i2c.o
    0x08002090   0x00000018   Code   RO         1389    i.I2C_GenerateSTART  stm32f10x_i2c.o
    0x080020a8   0x00000018   Code   RO         1390    i.I2C_GenerateSTOP  stm32f10x_i2c.o
    0x080020c0   0x0000003a   Code   RO         1391    i.I2C_GetFlagStatus  stm32f10x_i2c.o
    0x080020fa   0x00000002   PAD
    0x080020fc   0x000000ec   Code   RO         1396    i.I2C_Init          stm32f10x_i2c.o
    0x080021e8   0x00000008   Code   RO         1401    i.I2C_ReceiveData   stm32f10x_i2c.o
    0x080021f0   0x00000012   Code   RO         1403    i.I2C_Send7bitAddress  stm32f10x_i2c.o
    0x08002202   0x00000004   Code   RO         1404    i.I2C_SendData      stm32f10x_i2c.o
    0x08002206   0x00000002   PAD
    0x08002208   0x00000038   Code   RO         3362    i.M0_GPIO_Config    bsp_ds18b20.o
    0x08002240   0x00000038   Code   RO         3363    i.M1_GPIO_Config    bsp_ds18b20.o
    0x08002278   0x00000038   Code   RO         3364    i.M2_GPIO_Config    bsp_ds18b20.o
    0x080022b0   0x00000028   Code   RO         3365    i.MUX1_EN           bsp_ds18b20.o
    0x080022d8   0x00000028   Code   RO         3366    i.MUX2_EN           bsp_ds18b20.o
    0x08002300   0x00000028   Code   RO         3367    i.MUX3_EN           bsp_ds18b20.o
    0x08002328   0x00000028   Code   RO         3368    i.MUX4_EN           bsp_ds18b20.o
    0x08002350   0x00000028   Code   RO         3369    i.MUX5_EN           bsp_ds18b20.o
    0x08002378   0x00000028   Code   RO         3370    i.MUX6_EN           bsp_ds18b20.o
    0x080023a0   0x00000028   Code   RO         3371    i.MUX7_EN           bsp_ds18b20.o
    0x080023c8   0x00000020   Code   RO         3372    i.MUX_18B20_OUT_Convert_Temperaure  bsp_ds18b20.o
    0x080023e8   0x00000034   Code   RO         3373    i.MUX_18B20_OUT_GPIO_Config  bsp_ds18b20.o
    0x0800241c   0x0000001c   Code   RO         3374    i.MUX_18B20_OUT_Mode_IPU  bsp_ds18b20.o
    0x08002438   0x00000024   Code   RO         3375    i.MUX_18B20_OUT_Mode_Out_PP  bsp_ds18b20.o
    0x0800245c   0x0000005c   Code   RO         3376    i.MUX_18B20_OUT_Presence  bsp_ds18b20.o
    0x080024b8   0x00000044   Code   RO         3378    i.MUX_18B20_OUT_Read_Bit  bsp_ds18b20.o
    0x080024fc   0x00000022   Code   RO         3379    i.MUX_18B20_OUT_Read_Byte  bsp_ds18b20.o
    0x0800251e   0x00000058   Code   RO         3380    i.MUX_18B20_OUT_Read_Temperaure_Ori  bsp_ds18b20.o
    0x08002576   0x00000002   PAD
    0x08002578   0x0000002c   Code   RO         3383    i.MUX_18B20_OUT_Rst  bsp_ds18b20.o
    0x080025a4   0x00000064   Code   RO         3385    i.MUX_18B20_OUT_Write_Byte  bsp_ds18b20.o
    0x08002608   0x000002fc   Code   RO         3386    i.MUX_Channel_SEL   bsp_ds18b20.o
    0x08002904   0x00000028   Code   RO         3387    i.MUX_DIS           bsp_ds18b20.o
    0x0800292c   0x00000038   Code   RO         3389    i.MUX_S0_GPIO_Config  bsp_ds18b20.o
    0x08002964   0x00000038   Code   RO         3390    i.MUX_S1_GPIO_Config  bsp_ds18b20.o
    0x0800299c   0x00000038   Code   RO         3391    i.MUX_S2_GPIO_Config  bsp_ds18b20.o
    0x080029d4   0x00000038   Code   RO         3392    i.MUX_S3_GPIO_Config  bsp_ds18b20.o
    0x08002a0c   0x00000004   Code   RO         3153    i.MemManage_Handler  stm32f10x_it.o
    0x08002a10   0x00000002   Code   RO         3154    i.NMI_Handler       stm32f10x_it.o
    0x08002a12   0x00000028   Code   RO         3108    i.NVIC_Configuration  main.o
    0x08002a3a   0x00000002   PAD
    0x08002a3c   0x00000074   Code   RO           77    i.NVIC_Init         misc.o
    0x08002ab0   0x00000014   Code   RO           78    i.NVIC_PriorityGroupConfig  misc.o
    0x08002ac4   0x00000034   Code   RO         3393    i.P0_GPIO_Config    bsp_ds18b20.o
    0x08002af8   0x00000034   Code   RO         3394    i.P1_GPIO_Config    bsp_ds18b20.o
    0x08002b2c   0x00000034   Code   RO         3395    i.P2_GPIO_Config    bsp_ds18b20.o
    0x08002b60   0x00000002   Code   RO         3155    i.PendSV_Handler    stm32f10x_it.o
    0x08002b62   0x00000002   PAD
    0x08002b64   0x00000020   Code   RO         1693    i.RCC_APB1PeriphClockCmd  stm32f10x_rcc.o
    0x08002b84   0x00000020   Code   RO         1694    i.RCC_APB1PeriphResetCmd  stm32f10x_rcc.o
    0x08002ba4   0x00000020   Code   RO         1695    i.RCC_APB2PeriphClockCmd  stm32f10x_rcc.o
    0x08002bc4   0x000000d4   Code   RO         1703    i.RCC_GetClocksFreq  stm32f10x_rcc.o
    0x08002c98   0x0000019c   Code   RO         3400    i.ROM_redo          bsp_ds18b20.o
    0x08002e34   0x000000c8   Code   RO         3401    i.ROM_redo_CHIP     bsp_ds18b20.o
    0x08002efc   0x00000370   Code   RO         3988    i.Return_7051_Data  bsp_iic2.o
    0x0800326c   0x00000034   Code   RO         3404    i.STRONG_PULLUP_GPIO_Config  bsp_ds18b20.o
    0x080032a0   0x00000034   Code   RO         3405    i.SUB_E10_GPIO_Config  bsp_ds18b20.o
    0x080032d4   0x00000034   Code   RO         3406    i.SUB_E11_GPIO_Config  bsp_ds18b20.o
    0x08003308   0x00000030   Code   RO         3407    i.SUB_E12_GPIO_Config  bsp_ds18b20.o
    0x08003338   0x00000034   Code   RO         3408    i.SUB_E13_GPIO_Config  bsp_ds18b20.o
    0x0800336c   0x00000034   Code   RO         3409    i.SUB_E14_GPIO_Config  bsp_ds18b20.o
    0x080033a0   0x00000038   Code   RO         3410    i.SUB_E15_GPIO_Config  bsp_ds18b20.o
    0x080033d8   0x00000038   Code   RO         3411    i.SUB_E16_GPIO_Config  bsp_ds18b20.o
    0x08003410   0x00000034   Code   RO         3412    i.SUB_E1_GPIO_Config  bsp_ds18b20.o
    0x08003444   0x00000034   Code   RO         3413    i.SUB_E2_GPIO_Config  bsp_ds18b20.o
    0x08003478   0x00000030   Code   RO         3414    i.SUB_E3_GPIO_Config  bsp_ds18b20.o
    0x080034a8   0x00000034   Code   RO         3415    i.SUB_E4_GPIO_Config  bsp_ds18b20.o
    0x080034dc   0x00000034   Code   RO         3416    i.SUB_E5_GPIO_Config  bsp_ds18b20.o
    0x08003510   0x00000038   Code   RO         3417    i.SUB_E6_GPIO_Config  bsp_ds18b20.o
    0x08003548   0x00000038   Code   RO         3418    i.SUB_E7_GPIO_Config  bsp_ds18b20.o
    0x08003580   0x00000038   Code   RO         3419    i.SUB_E8_GPIO_Config  bsp_ds18b20.o
    0x080035b8   0x00000034   Code   RO         3420    i.SUB_E9_GPIO_Config  bsp_ds18b20.o
    0x080035ec   0x00000002   Code   RO         3156    i.SVC_Handler       stm32f10x_it.o
    0x080035ee   0x00000008   Code   RO           24    i.SetSysClock       system_stm32f10x.o
    0x080035f6   0x00000002   PAD
    0x080035f8   0x000000dc   Code   RO           25    i.SetSysClockTo72   system_stm32f10x.o
    0x080036d4   0x00000008   Code   RO         3157    i.SysTick_Handler   stm32f10x_it.o
    0x080036dc   0x0000007c   Code   RO         3251    i.SysTick_Init      bsp_systick.o
    0x08003758   0x00000060   Code   RO           27    i.SystemInit        system_stm32f10x.o
    0x080037b8   0x00000018   Code   RO         3252    i.TimingDelay_Decrement  bsp_systick.o
    0x080037d0   0x0000009c   Code   RO         3280    i.USART1_Config     bsp_usart1.o
    0x0800386c   0x00000088   Code   RO         3158    i.USART1_IRQHandler  stm32f10x_it.o
    0x080038f4   0x0000001e   Code   RO         2872    i.USART_ClearITPendingBit  stm32f10x_usart.o
    0x08003912   0x00000018   Code   RO         2875    i.USART_Cmd         stm32f10x_usart.o
    0x0800392a   0x0000001a   Code   RO         2878    i.USART_GetFlagStatus  stm32f10x_usart.o
    0x08003944   0x00000054   Code   RO         2879    i.USART_GetITStatus  stm32f10x_usart.o
    0x08003998   0x0000004a   Code   RO         2881    i.USART_ITConfig    stm32f10x_usart.o
    0x080039e2   0x00000002   PAD
    0x080039e4   0x000000d8   Code   RO         2882    i.USART_Init        stm32f10x_usart.o
    0x08003abc   0x00000008   Code   RO         2892    i.USART_SendData    stm32f10x_usart.o
    0x08003ac4   0x00000004   Code   RO         3159    i.UsageFault_Handler  stm32f10x_it.o
    0x08003ac8   0x00000020   Code   RO         4271    i.__0printf         mc_w.l(printfa.o)
    0x08003ae8   0x0000000e   Code   RO         4359    i.__scatterload_copy  mc_w.l(handlers.o)
    0x08003af6   0x00000002   Code   RO         4360    i.__scatterload_null  mc_w.l(handlers.o)
    0x08003af8   0x0000000e   Code   RO         4361    i.__scatterload_zeroinit  mc_w.l(handlers.o)
    0x08003b06   0x00000002   PAD
    0x08003b08   0x0000015c   Code   RO         4278    i._fp_digits        mc_w.l(printfa.o)
    0x08003c64   0x000006f0   Code   RO         4279    i._printf_core      mc_w.l(printfa.o)
    0x08004354   0x00000026   Code   RO         4280    i._printf_post_padding  mc_w.l(printfa.o)
    0x0800437a   0x00000030   Code   RO         4281    i._printf_pre_padding  mc_w.l(printfa.o)
    0x080043aa   0x00000002   PAD
    0x080043ac   0x00000034   Code   RO         3282    i.fputc             bsp_usart1.o
    0x080043e0   0x000008f4   Code   RO         3422    i.line_en           bsp_ds18b20.o
    0x08004cd4   0x00000bb4   Code   RO         3109    i.main              main.o
    0x08005888   0x00000020   Data   RO         4357    Region$$Table       anon$$obj.o


    Execution Region RW_IRAM1 (Base: 0x20000000, Size: 0x00001530, Max: 0x00005000, ABSOLUTE, COMPRESSED[0x00000024])

    Base Addr    Size         Type   Attr      Idx    E Section Name        Object

    0x20000000   0x00000014   Data   RW           28    .data               system_stm32f10x.o
    0x20000014   0x00000014   Data   RW         1723    .data               stm32f10x_rcc.o
    0x20000028   0x0000032c   Data   RW         3111    .data               main.o
    0x20000354   0x00000004   Data   RW         3161    .data               stm32f10x_it.o
    0x20000358   0x00000004   Data   RW         3253    .data               bsp_systick.o
    0x2000035c   0x00000004   Data   RW         4335    .data               mc_w.l(stdout.o)
    0x20000360   0x00000bcc   Zero   RW         3110    .bss                main.o
    0x20000f2c   0x00000200   Zero   RW         3160    .bss                stm32f10x_it.o
    0x2000112c   0x00000004   PAD
    0x20001130   0x00000400   Zero   RW            1    STACK               startup_stm32f10x_hd.o


==============================================================================

Image component sizes


      Code (inc. data)   RO Data    RW Data    ZI Data      Debug   Object Name

     11904        414          0          0          0      43391   bsp_ds18b20.o
      1012         30          0          0          0       1787   bsp_iic2.o
       188         28          0          4          0      16945   bsp_systick.o
       208         16          0          0          0       1072   bsp_usart1.o
         0          0          0          0          0       4216   core_cm3.o
      3036        250          0        812       3020       5575   main.o
       136         24          0          0          0       3603   misc.o
        36          8        304          0       1024        800   startup_stm32f10x_hd.o
       300          0          0          0          0       3368   stm32f10x_gpio.o
       518         20          0          0          0      15465   stm32f10x_i2c.o
       184         22          0          4        512       4530   stm32f10x_it.o
       308         38          0         20          0       4683   stm32f10x_rcc.o
       462          6          0          0          0       5779   stm32f10x_usart.o
       324         26          0         20          0     228113   system_stm32f10x.o

    ----------------------------------------------------------------------
     18632        882        336        860       4560     339327   Object Totals
         0          0         32          0          0          0   (incl. Generated)
        16          0          0          0          4          0   (incl. Padding)

    ----------------------------------------------------------------------

      Code (inc. data)   RO Data    RW Data    ZI Data      Debug   Library Member Name

        92          0          0          0          0          0   __dczerorl2.o
         0          0          0          0          0          0   entry.o
         0          0          0          0          0          0   entry10a.o
         0          0          0          0          0          0   entry11a.o
         8          4          0          0          0          0   entry2.o
         4          0          0          0          0          0   entry5.o
         0          0          0          0          0          0   entry7b.o
         0          0          0          0          0          0   entry8b.o
         8          4          0          0          0          0   entry9a.o
        30          0          0          0          0          0   handlers.o
        36          8          0          0          0         68   init.o
         0          0          0          0          0          0   iusefp.o
        30          0          0          0          0         68   llshl.o
        36          0          0          0          0         68   llsshr.o
        32          0          0          0          0         68   llushr.o
      2242         90          0          0          0        444   printfa.o
         0          0          0          4          0          0   stdout.o
        44          0          0          0          0         80   uidiv.o
        98          0          0          0          0         92   uldiv.o
        40          2          0          0          0         68   cdrcmple.o
       334          0          0          0          0        148   dadd.o
       222          0          0          0          0        100   ddiv.o
       190          0          0          0          0        176   depilogue.o
        48          0          0          0          0         68   dfixul.o
       228          0          0          0          0         96   dmul.o

    ----------------------------------------------------------------------
      3728        108          0          4          0       1544   Library Totals
         6          0          0          0          0          0   (incl. Padding)

    ----------------------------------------------------------------------

      Code (inc. data)   RO Data    RW Data    ZI Data      Debug   Library Name

      2660        106          0          4          0        888   mc_w.l
      1062          2          0          0          0        656   mf_w.l

    ----------------------------------------------------------------------
      3728        108          0          4          0       1544   Library Totals

    ----------------------------------------------------------------------

==============================================================================


      Code (inc. data)   RO Data    RW Data    ZI Data      Debug   

     22360        990        336        864       4560     333643   Grand Totals
     22360        990        336         36       4560     333643   ELF Image Totals (compressed)
     22360        990        336         36          0          0   ROM Totals

==============================================================================

    Total RO  Size (Code + RO Data)                22696 (  22.16kB)
    Total RW  Size (RW Data + ZI Data)              5424 (   5.30kB)
    Total ROM Size (Code + RO Data + RW Data)      22732 (  22.20kB)

==============================================================================

